
Map of Debug\motordriver.sm8 from link file Debug\motordriver.lkf - Tue Jun 12 14:00:35 2018


                               --------
                               Segments
                               --------

start 00008080 end 00008190 length   272 segment .const
start 000081d0 end 00009468 length  4760 segment .text
start 00004000 end 00004000 length     0 segment .eeprom
start 00000000 end 00000038 length    56 segment .bsct, initialized
start 00008198 end 000081d0 length    56 segment .bsct, from
start 00000038 end 000000ed length   181 segment .ubsct
start 000000ed end 000000ed length     0 segment .bit
start 000000ed end 000000ed length     0 segment .share
start 00000100 end 00000100 length     0 segment .data
start 00000100 end 00000100 length     0 segment .bss
start 00000000 end 00000b9f length  2975 segment .info.
start 00000000 end 0000cd14 length 52500 segment .debug
start 00008000 end 00008080 length   128 segment .const
start 00008190 end 00008198 length     8 segment .init


                               -------
                               Modules
                               -------

C:\Program Files (x86)\COSMIC\FSE_Compilers\CXSTM8\lib\crtsi0.sm8:
start 000081d0 end 00008220 length    80 section .text
start 00000100 end 00000100 length     0 section .bss
start 00000038 end 00000038 length     0 section .ubsct
start 00000000 end 0000002f length    47 section .info.

Debug\main6.o:
start 00000000 end 00000038 length    56 section .bsct
start 00000038 end 000000e3 length   171 section .ubsct
start 00000000 end 000016b4 length  5812 section .debug
start 0000002f end 000000c0 length   145 section .info.
start 00008220 end 000082f5 length   213 section .text
start 000082f5 end 000082fe length     9 section .text
start 000082fe end 00008323 length    37 section .text
start ******** end ******** length     0 section .text *** removed ***
start 00008323 end 00008366 length    67 section .text
start 00008366 end 00008380 length    26 section .text
start 00008380 end 000083f7 length   119 section .text
start 000083f7 end 0000840d length    22 section .text
start 0000840d end 00008429 length    28 section .text
start ******** end ******** length     0 section .text *** removed ***
start 00008429 end 00008450 length    39 section .text
start 00008450 end 0000848c length    60 section .text
start 0000848c end 000084b7 length    43 section .text
start 000084b7 end 000084c7 length    16 section .text
start 000084c7 end 00008506 length    63 section .text
start 00008506 end 00008528 length    34 section .text
start ******** end ******** length     0 section .text *** removed ***
start 00008528 end 00008531 length     9 section .text
start 00008531 end 00008539 length     8 section .text
start 00008539 end 000085d0 length   151 section .text
start ******** end ******** length     0 section .text *** removed ***
start 000085d0 end 000085e5 length    21 section .text
start 000085e5 end 0000862d length    72 section .text
start 0000862d end 00008645 length    24 section .text
start 00008645 end 00008680 length    59 section .text
start 00008680 end 000086a7 length    39 section .text
start 000086a7 end 000086ae length     7 section .text
start 000086ae end 000086ed length    63 section .text
start 000086ed end 0000873d length    80 section .text
start 0000873d end 0000873f length     2 section .text
start 0000873f end 00008752 length    19 section .text
start 00008752 end 00008862 length   272 section .text
start 00008862 end 00008867 length     5 section .text
start 00008080 end 00008084 length     4 section .const

Debug\main5.o:
start 000016b4 end 000016f8 length    68 section .debug
start 000000c0 end 00000151 length   145 section .info.

Debug\stm8s_tim1.o:
start 000016f8 end 00005682 length 16266 section .debug
start 00000151 end 000001e7 length   150 section .info.
start ******** end ******** length     0 section .text *** removed ***
start 00008867 end 000088af length    72 section .text
start ******** end ******** length     0 section .text *** removed ***
start ******** end ******** length     0 section .text *** removed ***
start ******** end ******** length     0 section .text *** removed ***
start ******** end ******** length     0 section .text *** removed ***
start ******** end ******** length     0 section .text *** removed ***
start ******** end ******** length     0 section .text *** removed ***
start 000088af end 00008967 length   184 section .text
start 00008967 end 0000898c length    37 section .text
start ******** end ******** length     0 section .text *** removed ***
start 0000898c end 000089c4 length    56 section .text
start ******** end ******** length     0 section .text *** removed ***
start ******** end ******** length     0 section .text *** removed ***
start ******** end ******** length     0 section .text *** removed ***
start ******** end ******** length     0 section .text *** removed ***
start ******** end ******** length     0 section .text *** removed ***
start 000089c4 end 000089f6 length    50 section .text
start ******** end ******** length     0 section .text *** removed ***
start ******** end ******** length     0 section .text *** removed ***
start ******** end ******** length     0 section .text *** removed ***
start ******** end ******** length     0 section .text *** removed ***
start ******** end ******** length     0 section .text *** removed ***
start 000089f6 end 00008a21 length    43 section .text
start ******** end ******** length     0 section .text *** removed ***
start ******** end ******** length     0 section .text *** removed ***
start ******** end ******** length     0 section .text *** removed ***
start ******** end ******** length     0 section .text *** removed ***
start ******** end ******** length     0 section .text *** removed ***
start ******** end ******** length     0 section .text *** removed ***
start ******** end ******** length     0 section .text *** removed ***
start ******** end ******** length     0 section .text *** removed ***
start ******** end ******** length     0 section .text *** removed ***
start ******** end ******** length     0 section .text *** removed ***
start ******** end ******** length     0 section .text *** removed ***
start ******** end ******** length     0 section .text *** removed ***
start ******** end ******** length     0 section .text *** removed ***
start ******** end ******** length     0 section .text *** removed ***
start ******** end ******** length     0 section .text *** removed ***
start ******** end ******** length     0 section .text *** removed ***
start ******** end ******** length     0 section .text *** removed ***
start ******** end ******** length     0 section .text *** removed ***
start ******** end ******** length     0 section .text *** removed ***
start ******** end ******** length     0 section .text *** removed ***
start ******** end ******** length     0 section .text *** removed ***
start ******** end ******** length     0 section .text *** removed ***
start ******** end ******** length     0 section .text *** removed ***
start ******** end ******** length     0 section .text *** removed ***
start ******** end ******** length     0 section .text *** removed ***
start ******** end ******** length     0 section .text *** removed ***
start ******** end ******** length     0 section .text *** removed ***
start ******** end ******** length     0 section .text *** removed ***
start ******** end ******** length     0 section .text *** removed ***
start ******** end ******** length     0 section .text *** removed ***
start 00008a21 end 00008a2a length     9 section .text
start ******** end ******** length     0 section .text *** removed ***
start ******** end ******** length     0 section .text *** removed ***
start ******** end ******** length     0 section .text *** removed ***
start ******** end ******** length     0 section .text *** removed ***
start ******** end ******** length     0 section .text *** removed ***
start 00008a2a end 00008a54 length    42 section .text
start 00008a54 end 00008a7e length    42 section .text
start ******** end ******** length     0 section .text *** removed ***
start ******** end ******** length     0 section .text *** removed ***
start 00008a7e end 00008a9b length    29 section .text
start 00008a9b end 00008ab8 length    29 section .text
start ******** end ******** length     0 section .text *** removed ***
start ******** end ******** length     0 section .text *** removed ***
start ******** end ******** length     0 section .text *** removed ***
start ******** end ******** length     0 section .text *** removed ***
start ******** end ******** length     0 section .text *** removed ***
start ******** end ******** length     0 section .text *** removed ***
start 00008ab8 end 00008b06 length    78 section .text
start 00008b06 end 00008b20 length    26 section .text
start 00008b20 end 00008b50 length    48 section .text
start 00008b50 end 00008b80 length    48 section .text
start ******** end ******** length     0 section .text *** removed ***
start ******** end ******** length     0 section .text *** removed ***
start 00008084 end 000080c0 length    60 section .const

Debug\stm8s_adc1_sub.o:
start 00005682 end 000064ca length  3656 section .debug
start 000001e7 end 00000281 length   154 section .info.
start 00008b80 end 00008bb1 length    49 section .text
start 00008bb1 end 00008cb6 length   261 section .text
start ******** end ******** length     0 section .text *** removed ***
start 00008cb6 end 00008cf6 length    64 section .text
start 00008cf6 end 00008dc1 length   203 section .text
start 00008dc1 end 00008e46 length   133 section .text
start 00008e46 end 00008e8d length    71 section .text
start 00008e8d end 00008e92 length     5 section .text
start 00008e92 end 00008ec4 length    50 section .text
start ******** end ******** length     0 section .text *** removed ***
start 000080c0 end 000080d1 length    17 section .const

Debug\stm8s_tim2_sub.o:
start 000064ca end 00008451 length  8071 section .debug
start 00000281 end 0000031b length   154 section .info.
start ******** end ******** length     0 section .text *** removed ***
start ******** end ******** length     0 section .text *** removed ***
start ******** end ******** length     0 section .text *** removed ***
start ******** end ******** length     0 section .text *** removed ***
start ******** end ******** length     0 section .text *** removed ***
start ******** end ******** length     0 section .text *** removed ***
start ******** end ******** length     0 section .text *** removed ***
start ******** end ******** length     0 section .text *** removed ***
start ******** end ******** length     0 section .text *** removed ***
start ******** end ******** length     0 section .text *** removed ***
start ******** end ******** length     0 section .text *** removed ***
start ******** end ******** length     0 section .text *** removed ***
start ******** end ******** length     0 section .text *** removed ***
start ******** end ******** length     0 section .text *** removed ***
start ******** end ******** length     0 section .text *** removed ***
start ******** end ******** length     0 section .text *** removed ***
start ******** end ******** length     0 section .text *** removed ***
start ******** end ******** length     0 section .text *** removed ***
start ******** end ******** length     0 section .text *** removed ***
start ******** end ******** length     0 section .text *** removed ***
start ******** end ******** length     0 section .text *** removed ***
start ******** end ******** length     0 section .text *** removed ***
start ******** end ******** length     0 section .text *** removed ***
start ******** end ******** length     0 section .text *** removed ***
start ******** end ******** length     0 section .text *** removed ***
start ******** end ******** length     0 section .text *** removed ***
start ******** end ******** length     0 section .text *** removed ***
start ******** end ******** length     0 section .text *** removed ***
start ******** end ******** length     0 section .text *** removed ***
start ******** end ******** length     0 section .text *** removed ***
start ******** end ******** length     0 section .text *** removed ***
start ******** end ******** length     0 section .text *** removed ***
start ******** end ******** length     0 section .text *** removed ***
start ******** end ******** length     0 section .text *** removed ***
start ******** end ******** length     0 section .text *** removed ***
start ******** end ******** length     0 section .text *** removed ***
start ******** end ******** length     0 section .text *** removed ***
start ******** end ******** length     0 section .text *** removed ***
start ******** end ******** length     0 section .text *** removed ***
start ******** end ******** length     0 section .text *** removed ***
start ******** end ******** length     0 section .text *** removed ***
start ******** end ******** length     0 section .text *** removed ***
start ******** end ******** length     0 section .text *** removed ***
start ******** end ******** length     0 section .text *** removed ***
start ******** end ******** length     0 section .text *** removed ***
start ******** end ******** length     0 section .text *** removed ***
start ******** end ******** length     0 section .const *** removed ***

Debug\stm8s_clk.o:
start 00008451 end 00009ac0 length  5743 section .debug
start 0000031b end 000003b0 length   149 section .info.
start 000080d1 end 00008118 length    71 section .const
start ******** end ******** length     0 section .text *** removed ***
start ******** end ******** length     0 section .text *** removed ***
start ******** end ******** length     0 section .text *** removed ***
start 00008ec4 end 00008ee9 length    37 section .text
start ******** end ******** length     0 section .text *** removed ***
start ******** end ******** length     0 section .text *** removed ***
start ******** end ******** length     0 section .text *** removed ***
start ******** end ******** length     0 section .text *** removed ***
start 00008ee9 end 00008f87 length   158 section .text
start ******** end ******** length     0 section .text *** removed ***
start ******** end ******** length     0 section .text *** removed ***
start ******** end ******** length     0 section .text *** removed ***
start ******** end ******** length     0 section .text *** removed ***
start 00008f87 end 00008feb length   100 section .text
start ******** end ******** length     0 section .text *** removed ***
start ******** end ******** length     0 section .text *** removed ***
start ******** end ******** length     0 section .text *** removed ***
start ******** end ******** length     0 section .text *** removed ***
start ******** end ******** length     0 section .text *** removed ***
start ******** end ******** length     0 section .text *** removed ***
start ******** end ******** length     0 section .text *** removed ***
start ******** end ******** length     0 section .text *** removed ***
start ******** end ******** length     0 section .text *** removed ***

Debug\stm8s_gpio.o:
start 00009ac0 end 0000a4ca length  2570 section .debug
start 000003b0 end 00000446 length   150 section .info.
start ******** end ******** length     0 section .text *** removed ***
start 00008feb end 0000908a length   159 section .text
start ******** end ******** length     0 section .text *** removed ***
start 0000908a end 00009091 length     7 section .text
start 00009091 end 00009099 length     8 section .text
start 00009099 end 000090a0 length     7 section .text
start ******** end ******** length     0 section .text *** removed ***
start ******** end ******** length     0 section .text *** removed ***
start 000090a0 end 000090a7 length     7 section .text
start ******** end ******** length     0 section .text *** removed ***
start 00008118 end 00008154 length    60 section .const

Debug\stm8s_tim4.o:
start 0000a4ca end 0000b081 length  2999 section .debug
start 00000446 end 000004dc length   150 section .info.
start ******** end ******** length     0 section .text *** removed ***
start 000090a7 end 000090e8 length    65 section .text
start 000090e8 end 0000910d length    37 section .text
start 0000910d end 00009145 length    56 section .text
start ******** end ******** length     0 section .text *** removed ***
start ******** end ******** length     0 section .text *** removed ***
start ******** end ******** length     0 section .text *** removed ***
start ******** end ******** length     0 section .text *** removed ***
start ******** end ******** length     0 section .text *** removed ***
start ******** end ******** length     0 section .text *** removed ***
start ******** end ******** length     0 section .text *** removed ***
start ******** end ******** length     0 section .text *** removed ***
start ******** end ******** length     0 section .text *** removed ***
start ******** end ******** length     0 section .text *** removed ***
start ******** end ******** length     0 section .text *** removed ***
start 00009145 end 0000915f length    26 section .text
start ******** end ******** length     0 section .text *** removed ***
start ******** end ******** length     0 section .text *** removed ***
start 00008154 end 00008190 length    60 section .const

Debug\stm8s_uart1.o:
start 0000b081 end 0000c46d length  5100 section .debug
start 000004dc end 00000573 length   151 section .info.
start ******** end ******** length     0 section .text *** removed ***
start ******** end ******** length     0 section .const *** removed ***
start ******** end ******** length     0 section .text *** removed ***
start ******** end ******** length     0 section .text *** removed ***
start ******** end ******** length     0 section .text *** removed ***
start ******** end ******** length     0 section .text *** removed ***
start ******** end ******** length     0 section .text *** removed ***
start ******** end ******** length     0 section .text *** removed ***
start ******** end ******** length     0 section .text *** removed ***
start ******** end ******** length     0 section .text *** removed ***
start ******** end ******** length     0 section .text *** removed ***
start ******** end ******** length     0 section .text *** removed ***
start ******** end ******** length     0 section .text *** removed ***
start ******** end ******** length     0 section .text *** removed ***
start ******** end ******** length     0 section .text *** removed ***
start ******** end ******** length     0 section .text *** removed ***
start ******** end ******** length     0 section .text *** removed ***
start ******** end ******** length     0 section .text *** removed ***
start ******** end ******** length     0 section .text *** removed ***
start ******** end ******** length     0 section .text *** removed ***
start ******** end ******** length     0 section .text *** removed ***
start ******** end ******** length     0 section .text *** removed ***
start ******** end ******** length     0 section .text *** removed ***
start ******** end ******** length     0 section .text *** removed ***
start ******** end ******** length     0 section .text *** removed ***
start ******** end ******** length     0 section .text *** removed ***

Debug\main.o:
start 0000c46d end 0000c4b1 length    68 section .debug
start 00000573 end 00000603 length   144 section .info.

Debug\stm8s_it.o:
start 0000c4b1 end 0000cafc length  1611 section .debug
start 00000603 end 00000697 length   148 section .info.
start 0000915f end 00009160 length     1 section .text
start 00009160 end 00009161 length     1 section .text
start 00009161 end 00009162 length     1 section .text
start 00009162 end 00009163 length     1 section .text
start 00009163 end 00009164 length     1 section .text
start 00009164 end 00009165 length     1 section .text
start 00009165 end 00009166 length     1 section .text
start 00009166 end 00009167 length     1 section .text
start 00009167 end 00009168 length     1 section .text
start 00009168 end 00009169 length     1 section .text
start 00009169 end 0000916a length     1 section .text
start 0000916a end 0000918c length    34 section .text
start 0000918c end 000091ae length    34 section .text
start 000091ae end 000091d0 length    34 section .text
start 000091d0 end 000091f2 length    34 section .text
start 000091f2 end 000091f3 length     1 section .text
start 000091f3 end 000091f4 length     1 section .text
start 000091f4 end 000091f5 length     1 section .text
start 000091f5 end 000091f6 length     1 section .text
start 000091f6 end 00009218 length    34 section .text
start 00009218 end 00009219 length     1 section .text

Debug\table.o:
start 0000cafc end 0000cbee length   242 section .debug
start 00000697 end 00000728 length   145 section .info.
start ******** end ******** length     0 section .const *** removed ***
start ******** end ******** length     0 section .text *** removed ***

(C:\Program Files (x86)\COSMIC\FSE_Compilers\CXSTM8\lib\libm0.sm8)fdiv.o:
start 00009219 end 0000929d length   132 section .text
start 00000728 end 00000756 length    46 section .info.

(C:\Program Files (x86)\COSMIC\FSE_Compilers\CXSTM8\lib\libm0.sm8)fmul.o:
start 0000929d end 00009372 length   213 section .text
start 00000756 end 00000784 length    46 section .info.

(C:\Program Files (x86)\COSMIC\FSE_Compilers\CXSTM8\lib\libm0.sm8)ftol.o:
start 00009372 end 000093d4 length    98 section .text
start 00000784 end 000007b2 length    46 section .info.

(C:\Program Files (x86)\COSMIC\FSE_Compilers\CXSTM8\lib\libm0.sm8)imul.o:
start 000093d4 end 000093f5 length    33 section .text
start 000007b2 end 000007e0 length    46 section .info.

(C:\Program Files (x86)\COSMIC\FSE_Compilers\CXSTM8\lib\libm0.sm8)lcmp.o:
start ******** end ******** length     0 section .text *** removed ***
start 000007e0 end 0000080e length    46 section .info.

(C:\Program Files (x86)\COSMIC\FSE_Compilers\CXSTM8\lib\libm0.sm8)llsh.o:
start ******** end ******** length     0 section .text *** removed ***
start 0000080e end 0000083c length    46 section .info.

(C:\Program Files (x86)\COSMIC\FSE_Compilers\CXSTM8\lib\libm0.sm8)lreg.o:
start 000000e3 end 000000e7 length     4 section .ubsct
start 0000083c end 0000086a length    46 section .info.

(C:\Program Files (x86)\COSMIC\FSE_Compilers\CXSTM8\lib\libm0.sm8)lsub.o:
start ******** end ******** length     0 section .text *** removed ***
start 0000086a end 00000898 length    46 section .info.

(C:\Program Files (x86)\COSMIC\FSE_Compilers\CXSTM8\lib\libm0.sm8)ltor.o:
start 000093f5 end 00009407 length    18 section .text
start 00000898 end 000008c6 length    46 section .info.

(C:\Program Files (x86)\COSMIC\FSE_Compilers\CXSTM8\lib\libm0.sm8)ludiv.o:
start ******** end ******** length     0 section .text *** removed ***
start 000008c6 end 000008f5 length    47 section .info.

(C:\Program Files (x86)\COSMIC\FSE_Compilers\CXSTM8\lib\libm0.sm8)ldiv.o:
start ******** end ******** length     0 section .text *** removed ***
start 000008f5 end 00000923 length    46 section .info.

(C:\Program Files (x86)\COSMIC\FSE_Compilers\CXSTM8\lib\libm0.sm8)lgneg.o:
start ******** end ******** length     0 section .text *** removed ***
start 00000923 end 00000952 length    47 section .info.

(C:\Program Files (x86)\COSMIC\FSE_Compilers\CXSTM8\lib\libm0.sm8)lneg.o:
start ******** end ******** length     0 section .text *** removed ***
start 00000952 end 00000980 length    46 section .info.

(C:\Program Files (x86)\COSMIC\FSE_Compilers\CXSTM8\lib\libm0.sm8)lursh.o:
start ******** end ******** length     0 section .text *** removed ***
start 00000980 end 000009af length    47 section .info.

(C:\Program Files (x86)\COSMIC\FSE_Compilers\CXSTM8\lib\libm0.sm8)rtol.o:
start 00009407 end 00009419 length    18 section .text
start 000009af end 000009dd length    46 section .info.

(C:\Program Files (x86)\COSMIC\FSE_Compilers\CXSTM8\lib\libm0.sm8)sdivx.o:
start 00009419 end 00009444 length    43 section .text
start 000009dd end 00000a0c length    47 section .info.

(C:\Program Files (x86)\COSMIC\FSE_Compilers\CXSTM8\lib\libm0.sm8)smul.o:
start ******** end ******** length     0 section .text *** removed ***
start 00000a0c end 00000a3a length    46 section .info.

(C:\Program Files (x86)\COSMIC\FSE_Compilers\CXSTM8\lib\libm0.sm8)uitof.o:
start 00009444 end 00009468 length    36 section .text
start 00000a3a end 00000a69 length    47 section .info.

(C:\Program Files (x86)\COSMIC\FSE_Compilers\CXSTM8\lib\libm0.sm8)xreg.o:
start 000000e7 end 000000ea length     3 section .ubsct
start 00000a69 end 00000a97 length    46 section .info.

(C:\Program Files (x86)\COSMIC\FSE_Compilers\CXSTM8\lib\libm0.sm8)yreg.o:
start 000000ea end 000000ed length     3 section .ubsct
start 00000a97 end 00000ac5 length    46 section .info.

Debug\stm8_interrupt_vector.o:
start 0000cbee end 0000cd14 length   294 section .debug
start 00000ac5 end 00000b66 length   161 section .info.
start 00008000 end 00008080 length   128 section .const


                             -----------
                             Stack usage
                             -----------

Debug\main6.o:
_AdcGetAvg                              3   (3)
_AdcGetCode                            13   (6)
_AdcService                            27   (3)
_Adc_Config                            24   (2)
_CPulse                                 5   (2)
_Clock_Config                          12   (2)
_Diff                                   8   (8)
_DriveService                          16   (4)
_Gpio_CheckMode                         4   (4)
_Gpio_Config                           15   (2)
_LightControl                          12   (4)
_MotorClose                            12   (2)
_MotorStep                             10   (2)
_MotorStepPhase                         3   (3)
_MotorStepSetOverrun                    2   (2)
_OnCaptureOVTim2                       12   (2)
_OnCaptureTim2                         14   (2)
_OnTimer4                              12   (2)
_StartDriveOR                          10   (5)
_StopDrive                              7   (2)
_Timer_Config                          21   (2)
_ZeroPos                               12   (2)
_assert_failed                          7   (7)
_main                              >   38   (11)
_mainDeviceType                         2   (2)
_motorGo                               18   (2)
_phase_excite                           8   (3)
_stepCalc                               9   (6)
_waitPowerDelay                         7   (2)

Debug\stm8s_adc1_sub.o:
_ADC1_ConversionConfig                 12   (5)
_ADC1_DeInit                            2   (2)
_ADC1_ExternalTriggerConfig            11   (4)
_ADC1_GetConversionValue                7   (7)
_ADC1_Init                             22   (10)
_ADC1_PrescalerConfig                  10   (3)
_ADC1_SchmittTriggerConfig             11   (4)
_ADC1_StartConversion                   2   (2)

Debug\stm8s_clk.o:
_CLK_HSICmd                            10   (3)
_CLK_PeripheralClockConfig             11   (4)
_CLK_SYSCLKConfig                      10   (3)

Debug\stm8s_gpio.o:
_GPIO_Init                             13   (6)
_GPIO_ReadInputPin                      5   (5)
_GPIO_WriteHigh                         5   (5)
_GPIO_WriteLow                          5   (5)
_GPIO_WriteReverse                      5   (5)

Debug\stm8s_it.o:
f_ADC1_IRQHandler                  >    6   (6)
f_AWU_IRQHandler                   >    6   (6)
f_CLK_IRQHandler                   >    6   (6)
f_EEPROM_EEC_IRQHandler            >    7   (7)
f_EXTI_PORTA_IRQHandler            >    6   (6)
f_EXTI_PORTB_IRQHandler            >    6   (6)
f_EXTI_PORTC_IRQHandler            >    6   (6)
f_EXTI_PORTD_IRQHandler            >    6   (6)
f_EXTI_PORTE_IRQHandler            >    6   (6)
f_I2C_IRQHandler                   >    6   (6)
f_NonHandledInterrupt              >    6   (6)
f_SPI_IRQHandler                   >    6   (6)
f_TIM1_CAP_COM_IRQHandler          >   26   (12)
f_TIM1_UPD_OVF_TRG_BRK_IRQHandler  >   24   (12)
f_TIM2_CAP_COM_IRQHandler          >   26   (12)
f_TIM2_UPD_OVF_BRK_IRQHandler      >   24   (12)
f_TIM4_UPD_OVF_IRQHandler          >   24   (12)
f_TLI_IRQHandler                   >    6   (6)
f_TRAP_IRQHandler                  >    6   (6)
f_UART1_RX_IRQHandler              >    6   (6)
f_UART1_TX_IRQHandler              >    6   (6)

Debug\stm8s_tim1.o:
L3_TI1_Config                           6   (6)
L5_TI2_Config                           6   (6)
_TIM1_ClearITPendingBit                10   (3)
_TIM1_Cmd                              10   (3)
_TIM1_GetCapture1                       6   (6)
_TIM1_GetCapture2                       6   (6)
_TIM1_GetITStatus                      12   (5)
_TIM1_ITConfig                         11   (4)
_TIM1_PWMIConfig                       19   (9)
_TIM1_SelectInputTrigger               10   (3)
_TIM1_SelectSlaveMode                  10   (3)
_TIM1_SetCounter                        2   (2)
_TIM1_SetIC1Prescaler                  10   (3)
_TIM1_SetIC2Prescaler                  10   (3)
_TIM1_TimeBaseInit                     15   (8)

Debug\stm8s_tim4.o:
_TIM4_ClearFlag                        10   (3)
_TIM4_Cmd                              10   (3)
_TIM4_ITConfig                         11   (4)
_TIM4_TimeBaseInit                     11   (4)

Stack size: 64


                              ---------
                              Call tree
                              ---------
   1 > __stext: (0)

   2 > _main: (11)
   3      + _AdcService: (3)
   4      |    + _AdcGetAvg: (3)
   5      |    + _Adc_Config: (2)
   6      |    |    + _ADC1_DeInit: (2)
   7      |    |    + _ADC1_Init: (10)
   8      |    |    |    + _ADC1_ConversionConfig: (5)
   9      |    |    |    |    + _assert_failed: (7)
          |    |    |    | 
  10      |    |    |    + _ADC1_ExternalTriggerConfig: (4)
  11      |    |    |    |    + _assert_failed --> 9
          |    |    |    | 
  12      |    |    |    + _ADC1_PrescalerConfig: (3)
  13      |    |    |    |    + _assert_failed --> 9
          |    |    |    | 
  14      |    |    |    + _ADC1_SchmittTriggerConfig: (4)
  15      |    |    |    |    + _assert_failed --> 9
          |    |    |    | 
  16      |    |    |    + _assert_failed --> 9
          |    |    | 
  17      |    |    + _ADC1_StartConversion: (2)
  18      |    |    + _AdcGetCode: (6)
  19      |    |    |    + _ADC1_GetConversionValue: (7)
          |    |    | 
          |    | 
  20      |    + _Diff: (8)
  21      |    + _GPIO_ReadInputPin: (5)
          | 
  22      + _Adc_Config --> 5
  23      + _CPulse: (2)
  24      + _Clock_Config: (2)
  25      |    + _CLK_HSICmd: (3)
  26      |    |    + _assert_failed --> 9
          |    | 
  27      |    + _CLK_SYSCLKConfig: (3)
  28      |    |    + _assert_failed --> 9
          |    | 
          | 
  29      + _Diff --> 20
  30      + _Gpio_Config: (2)
  31      |    + _GPIO_Init: (6)
  32      |    |    + _assert_failed --> 9
          |    | 
  33      |    + _Gpio_CheckMode: (4)
  34      |    + _StopDrive: (2)
  35      |    |    + _GPIO_WriteLow: (5)
          |    | 
          | 
  36      + _LightControl: (4)
  37      |    + _Diff --> 20
  38      |    + _GPIO_WriteReverse: (5)
          | 
  39      + _StartDriveOR: (5)
  40      |    + _CPulse --> 23
          | 
  41      + _Timer_Config: (2)
  42      |    + _CLK_PeripheralClockConfig: (4)
  43      |    |    + _assert_failed --> 9
          |    | 
  44      |    + _TIM1_Cmd: (3)
  45      |    |    + _assert_failed --> 9
          |    | 
  46      |    + _TIM1_ITConfig: (4)
  47      |    |    + _assert_failed --> 9
          |    | 
  48      |    + _TIM1_PWMIConfig: (9)
  49      |    |    + L3_TI1_Config: (6)
  50      |    |    + L5_TI2_Config: (6)
  51      |    |    + _TIM1_SetIC1Prescaler: (3)
  52      |    |    |    + _assert_failed --> 9
          |    |    | 
  53      |    |    + _TIM1_SetIC2Prescaler: (3)
  54      |    |    |    + _assert_failed --> 9
          |    |    | 
  55      |    |    + _assert_failed --> 9
          |    | 
  56      |    + _TIM1_SelectInputTrigger: (3)
  57      |    |    + _assert_failed --> 9
          |    | 
  58      |    + _TIM1_SelectSlaveMode: (3)
  59      |    |    + _assert_failed --> 9
          |    | 
  60      |    + _TIM1_SetCounter: (2)
  61      |    + _TIM1_TimeBaseInit: (8)
  62      |    |    + _assert_failed --> 9
          |    | 
  63      |    + _TIM4_Cmd: (3)
  64      |    |    + _assert_failed --> 9
          |    | 
  65      |    + _TIM4_ITConfig: (4)
  66      |    |    + _assert_failed --> 9
          |    | 
  67      |    + _TIM4_TimeBaseInit: (4)
  68      |    |    + _assert_failed --> 9
          |    | 
          | 
  69      + _ZeroPos: (2)
  70      |    + _StartDriveOR --> 39
          | 
  71      + _mainDeviceType: (2)
  72      + _motorGo: (2)
  73      |    + _DriveService: (4)
  74      |    |    + _MotorClose: (2)
  75      |    |    |    + _MotorStep: (2)
  76      |    |    |    |    + _MotorStepPhase: (3)
  77      |    |    |    |    + _MotorStepSetOverrun: (2)
  78      |    |    |    |    + _StopDrive --> 34
  79      |    |    |    |    + _phase_excite: (3)
  80      |    |    |    |    |    + _GPIO_WriteHigh: (5)
  81      |    |    |    |    |    + _GPIO_WriteLow --> 35
          |    |    |    |    | 
          |    |    |    | 
  82      |    |    |    + _StopDrive --> 34
          |    |    | 
  83      |    |    + _MotorStep --> 75
  84      |    |    + _StopDrive --> 34
          |    | 
          | 
  85      + _stepCalc: (6)
  86      + _waitPowerDelay: (2)
  87      |    + _GPIO_WriteHigh --> 80
  88      |    + _GPIO_WriteLow --> 35
          | 
       
  89 > f_ADC1_IRQHandler: (6)

  90 > f_AWU_IRQHandler: (6)

  91 > f_CLK_IRQHandler: (6)

  92 > f_EEPROM_EEC_IRQHandler: (7)

  93 > f_EXTI_PORTA_IRQHandler: (6)

  94 > f_EXTI_PORTB_IRQHandler: (6)

  95 > f_EXTI_PORTC_IRQHandler: (6)

  96 > f_EXTI_PORTD_IRQHandler: (6)

  97 > f_EXTI_PORTE_IRQHandler: (6)

  98 > f_I2C_IRQHandler: (6)

  99 > f_NonHandledInterrupt: (6)

 100 > f_SPI_IRQHandler: (6)

 101 > f_TIM1_CAP_COM_IRQHandler: (12)
 102      + _OnCaptureTim2: (2)
 103      |    + _TIM1_ClearITPendingBit: (3)
 104      |    |    + _assert_failed --> 9
          |    | 
 105      |    + _TIM1_GetCapture1: (6)
 106      |    + _TIM1_GetCapture2: (6)
 107      |    + _TIM1_GetITStatus: (5)
 108      |    |    + _assert_failed --> 9
          |    | 
 109      |    + _TIM1_SetCounter --> 60
          | 
       
 110 > f_TIM1_UPD_OVF_TRG_BRK_IRQHandler: (12)
 111      + _OnCaptureOVTim2: (2)
 112      |    + _TIM1_ClearITPendingBit --> 103
          | 
       
 113 > f_TIM2_CAP_COM_IRQHandler: (12)
 114      + _OnCaptureTim2 --> 102
       
 115 > f_TIM2_UPD_OVF_BRK_IRQHandler: (12)
 116      + _OnCaptureOVTim2 --> 111
       
 117 > f_TIM4_UPD_OVF_IRQHandler: (12)
 118      + _OnTimer4: (2)
 119      |    + _TIM4_ClearFlag: (3)
 120      |    |    + _assert_failed --> 9
          |    | 
          | 
       
 121 > f_TLI_IRQHandler: (6)

 122 > f_TRAP_IRQHandler: (6)

 123 > f_UART1_RX_IRQHandler: (6)

 124 > f_UART1_TX_IRQHandler: (6)

 125   L3_TI1_Config --> 49

 126   L5_TI2_Config --> 50

 127   _ADC1_ConversionConfig --> 8

 128   _ADC1_DeInit --> 6

 129   _ADC1_ExternalTriggerConfig --> 10

 130   _ADC1_GetConversionValue --> 19

 131   _ADC1_Init --> 7

 132   _ADC1_PrescalerConfig --> 12

 133   _ADC1_SchmittTriggerConfig --> 14

 134   _ADC1_StartConversion --> 17

 135   _AdcGetAvg --> 4

 136   _AdcGetCode --> 18

 137   _AdcService --> 3

 138   _Adc_Config --> 5

 139   _CLK_HSICmd --> 25

 140   _CLK_PeripheralClockConfig --> 42

 141   _CLK_SYSCLKConfig --> 27

 142   _CPulse --> 23

 143   _Clock_Config --> 24

 144   _Diff --> 20

 145   _DriveService --> 73

 146   _GPIO_Init --> 31

 147   _GPIO_ReadInputPin --> 21

 148   _GPIO_WriteHigh --> 80

 149   _GPIO_WriteLow --> 35

 150   _GPIO_WriteReverse --> 38

 151   _Gpio_CheckMode --> 33

 152   _Gpio_Config --> 30

 153   _LightControl --> 36

 154   _MotorClose --> 74

 155   _MotorStep --> 75

 156   _MotorStepPhase --> 76

 157   _MotorStepSetOverrun --> 77

 158   _OnCaptureOVTim2 --> 111

 159   _OnCaptureTim2 --> 102

 160   _OnTimer4 --> 118

 161   _StartDriveOR --> 39

 162   _StopDrive --> 34

 163   _TIM1_ClearITPendingBit --> 103

 164   _TIM1_Cmd --> 44

 165   _TIM1_GetCapture1 --> 105

 166   _TIM1_GetCapture2 --> 106

 167   _TIM1_GetITStatus --> 107

 168   _TIM1_ITConfig --> 46

 169   _TIM1_PWMIConfig --> 48

 170   _TIM1_SelectInputTrigger --> 56

 171   _TIM1_SelectSlaveMode --> 58

 172   _TIM1_SetCounter --> 60

 173   _TIM1_SetIC1Prescaler --> 51

 174   _TIM1_SetIC2Prescaler --> 53

 175   _TIM1_TimeBaseInit --> 61

 176   _TIM4_ClearFlag --> 119

 177   _TIM4_Cmd --> 63

 178   _TIM4_ITConfig --> 65

 179   _TIM4_TimeBaseInit --> 67

 180   _Timer_Config --> 41

 181   _ZeroPos --> 69

 182   _assert_failed --> 9

 183   _mainDeviceType --> 71

 184   _motorGo --> 72

 185   _phase_excite --> 79

 186   _stepCalc --> 85

 187   _waitPowerDelay --> 86



                               -------
                               Symbols
                               -------

_ADC1_ClearITPendingBit             ********   *** removed from Debug\stm8s_adc1_sub.o ***
_ADC1_Cmd                           ********   *** removed from Debug\stm8s_adc1_sub.o ***
_ADC1_ConversionConfig              00008dc1   defined in Debug\stm8s_adc1_sub.o section .text
_ADC1_DeInit                        00008b80   defined in Debug\stm8s_adc1_sub.o section .text
                                               used in Debug\main6.o
_ADC1_ExternalTriggerConfig         00008e46   defined in Debug\stm8s_adc1_sub.o section .text
_ADC1_GetConversionValue            00008e92   defined in Debug\stm8s_adc1_sub.o section .text
                                               used in Debug\main6.o
_ADC1_Init                          00008bb1   defined in Debug\stm8s_adc1_sub.o section .text
                                               used in Debug\main6.o
_ADC1_PrescalerConfig               00008cb6   defined in Debug\stm8s_adc1_sub.o section .text
_ADC1_SchmittTriggerConfig          00008cf6   defined in Debug\stm8s_adc1_sub.o section .text
_ADC1_StartConversion               00008e8d   defined in Debug\stm8s_adc1_sub.o section .text
                                               used in Debug\main6.o
_Adc                                0000005f   defined in Debug\main6.o section .ubsct
_AdcGetAvg                          0000862d   defined in Debug\main6.o section .text
_AdcGetCode                         000085d0   defined in Debug\main6.o section .text
_AdcService                         00008645   defined in Debug\main6.o section .text
_Adc_Config                         000085e5   defined in Debug\main6.o section .text
_CLKPrescTable                      000080d5   defined in Debug\stm8s_clk.o section .const
_CLK_AdjustHSICalibrationValue      ********   *** removed from Debug\stm8s_clk.o ***
_CLK_CCOCmd                         ********   *** removed from Debug\stm8s_clk.o ***
_CLK_CCOConfig                      ********   *** removed from Debug\stm8s_clk.o ***
_CLK_ClearITPendingBit              ********   *** removed from Debug\stm8s_clk.o ***
_CLK_ClockSecuritySystemEnable      ********   *** removed from Debug\stm8s_clk.o ***
_CLK_ClockSwitchCmd                 ********   *** removed from Debug\stm8s_clk.o ***
_CLK_ClockSwitchConfig              ********   *** removed from Debug\stm8s_clk.o ***
_CLK_DeInit                         ********   *** removed from Debug\stm8s_clk.o ***
_CLK_FastHaltWakeUpCmd              ********   *** removed from Debug\stm8s_clk.o ***
_CLK_GetClockFreq                   ********   *** removed from Debug\stm8s_clk.o ***
_CLK_GetFlagStatus                  ********   *** removed from Debug\stm8s_clk.o ***
_CLK_GetITStatus                    ********   *** removed from Debug\stm8s_clk.o ***
_CLK_GetSYSCLKSource                ********   *** removed from Debug\stm8s_clk.o ***
_CLK_HSECmd                         ********   *** removed from Debug\stm8s_clk.o ***
_CLK_HSICmd                         00008ec4   defined in Debug\stm8s_clk.o section .text
                                               used in Debug\main6.o
_CLK_HSIPrescalerConfig             ********   *** removed from Debug\stm8s_clk.o ***
_CLK_ITConfig                       ********   *** removed from Debug\stm8s_clk.o ***
_CLK_LSICmd                         ********   *** removed from Debug\stm8s_clk.o ***
_CLK_PeripheralClockConfig          00008ee9   defined in Debug\stm8s_clk.o section .text
                                               used in Debug\main6.o
_CLK_SWIMConfig                     ********   *** removed from Debug\stm8s_clk.o ***
_CLK_SYSCLKConfig                   00008f87   defined in Debug\stm8s_clk.o section .text
                                               used in Debug\main6.o
_CLK_SYSCLKEmergencyClear           ********   *** removed from Debug\stm8s_clk.o ***
_CLK_SlowActiveHaltWakeUpCmd        ********   *** removed from Debug\stm8s_clk.o ***
_CPulse                             000082f5   defined in Debug\main6.o section .text
_Clock_Config                       00008528   defined in Debug\main6.o section .text
_Diff                               000082fe   defined in Debug\main6.o section .text
_Drive                              0000009d   defined in Debug\main6.o section .ubsct
_DriveService                       00008450   defined in Debug\main6.o section .text
_GPIO_DeInit                        ********   *** removed from Debug\stm8s_gpio.o ***
_GPIO_ExternalPullUpConfig          ********   *** removed from Debug\stm8s_gpio.o ***
_GPIO_Init                          00008feb   defined in Debug\stm8s_gpio.o section .text
                                               used in Debug\main6.o
_GPIO_ReadInputData                 ********   *** removed from Debug\stm8s_gpio.o ***
_GPIO_ReadInputPin                  000090a0   defined in Debug\stm8s_gpio.o section .text
                                               used in Debug\main6.o
_GPIO_ReadOutputData                ********   *** removed from Debug\stm8s_gpio.o ***
_GPIO_Write                         ********   *** removed from Debug\stm8s_gpio.o ***
_GPIO_WriteHigh                     0000908a   defined in Debug\stm8s_gpio.o section .text
                                               used in Debug\main6.o
_GPIO_WriteLow                      00009091   defined in Debug\stm8s_gpio.o section .text
                                               used in Debug\main6.o
_GPIO_WriteReverse                  00009099   defined in Debug\stm8s_gpio.o section .text
                                               used in Debug\main6.o
_Gpio_CheckMode                     00008531   defined in Debug\main6.o section .text
_Gpio_Config                        00008539   defined in Debug\main6.o section .text
_HSIDivFactor                       000080d1   defined in Debug\stm8s_clk.o section .const
_IO_ADJ                             00000014   defined in Debug\main6.o section .bsct, initialized
_IO_BAT                             00000020   defined in Debug\main6.o section .bsct, initialized
_IO_BOOST                           00000023   defined in Debug\main6.o section .bsct, initialized
_IO_CHARGE                          00000026   defined in Debug\main6.o section .bsct, initialized
_IO_LED                             00000002   defined in Debug\main6.o section .bsct, initialized
_IO_MOD                             0000001d   defined in Debug\main6.o section .bsct, initialized
_IO_ORG                             00000005   defined in Debug\main6.o section .bsct, initialized
_IO_POWER                           0000001a   defined in Debug\main6.o section .bsct, initialized
_IO_SEN                             00000017   defined in Debug\main6.o section .bsct, initialized
_IO_X1                              00000008   defined in Debug\main6.o section .bsct, initialized
_IO_X2                              0000000b   defined in Debug\main6.o section .bsct, initialized
_IO_Y1                              0000000e   defined in Debug\main6.o section .bsct, initialized
_IO_Y2                              00000011   defined in Debug\main6.o section .bsct, initialized
_LightControl                       0000840d   defined in Debug\main6.o section .text
_MotorClose                         00008506   defined in Debug\main6.o section .text
_MotorService                       ********   *** removed from Debug\main6.o ***
_MotorStep                          000084c7   defined in Debug\main6.o section .text
_MotorStepPhase                     0000848c   defined in Debug\main6.o section .text
_MotorStepSetOverrun                000084b7   defined in Debug\main6.o section .text
_OnCaptureOVTim2                    000086a7   defined in Debug\main6.o section .text
                                               used in Debug\stm8s_it.o
_OnCaptureTim2                      000086ae   defined in Debug\main6.o section .text
                                               used in Debug\stm8s_it.o
_OnTimer4                           00008680   defined in Debug\main6.o section .text
                                               used in Debug\stm8s_it.o
_OnTimer_1S                         ********   *** removed from Debug\main6.o ***
_Pwm                                0000008d   defined in Debug\main6.o section .ubsct
_StartDriveOR                       00008380   defined in Debug\main6.o section .text
_StopDrive                          00008429   defined in Debug\main6.o section .text
_TIM1_ARRPreloadConfig              ********   *** removed from Debug\stm8s_tim1.o ***
_TIM1_BDTRConfig                    ********   *** removed from Debug\stm8s_tim1.o ***
_TIM1_CCPreloadControl              ********   *** removed from Debug\stm8s_tim1.o ***
_TIM1_CCxCmd                        ********   *** removed from Debug\stm8s_tim1.o ***
_TIM1_CCxNCmd                       ********   *** removed from Debug\stm8s_tim1.o ***
_TIM1_ClearFlag                     ********   *** removed from Debug\stm8s_tim1.o ***
_TIM1_ClearITPendingBit             00008b06   defined in Debug\stm8s_tim1.o section .text
                                               used in Debug\main6.o
_TIM1_Cmd                           00008967   defined in Debug\stm8s_tim1.o section .text
                                               used in Debug\main6.o
_TIM1_CounterModeConfig             ********   *** removed from Debug\stm8s_tim1.o ***
_TIM1_CtrlPWMOutputs                ********   *** removed from Debug\stm8s_tim1.o ***
_TIM1_DeInit                        ********   *** removed from Debug\stm8s_tim1.o ***
_TIM1_ETRClockMode1Config           ********   *** removed from Debug\stm8s_tim1.o ***
_TIM1_ETRClockMode2Config           ********   *** removed from Debug\stm8s_tim1.o ***
_TIM1_ETRConfig                     ********   *** removed from Debug\stm8s_tim1.o ***
_TIM1_EncoderInterfaceConfig        ********   *** removed from Debug\stm8s_tim1.o ***
_TIM1_ForcedOC1Config               ********   *** removed from Debug\stm8s_tim1.o ***
_TIM1_ForcedOC2Config               ********   *** removed from Debug\stm8s_tim1.o ***
_TIM1_ForcedOC3Config               ********   *** removed from Debug\stm8s_tim1.o ***
_TIM1_ForcedOC4Config               ********   *** removed from Debug\stm8s_tim1.o ***
_TIM1_GenerateEvent                 ********   *** removed from Debug\stm8s_tim1.o ***
_TIM1_GetCapture1                   00008a7e   defined in Debug\stm8s_tim1.o section .text
                                               used in Debug\main6.o
_TIM1_GetCapture2                   00008a9b   defined in Debug\stm8s_tim1.o section .text
                                               used in Debug\main6.o
_TIM1_GetCapture3                   ********   *** removed from Debug\stm8s_tim1.o ***
_TIM1_GetCapture4                   ********   *** removed from Debug\stm8s_tim1.o ***
_TIM1_GetCounter                    ********   *** removed from Debug\stm8s_tim1.o ***
_TIM1_GetFlagStatus                 ********   *** removed from Debug\stm8s_tim1.o ***
_TIM1_GetITStatus                   00008ab8   defined in Debug\stm8s_tim1.o section .text
                                               used in Debug\main6.o
_TIM1_GetPrescaler                  ********   *** removed from Debug\stm8s_tim1.o ***
_TIM1_ICInit                        ********   *** removed from Debug\stm8s_tim1.o ***
_TIM1_ITConfig                      0000898c   defined in Debug\stm8s_tim1.o section .text
                                               used in Debug\main6.o
_TIM1_InternalClockConfig           ********   *** removed from Debug\stm8s_tim1.o ***
_TIM1_OC1FastConfig                 ********   *** removed from Debug\stm8s_tim1.o ***
_TIM1_OC1Init                       ********   *** removed from Debug\stm8s_tim1.o ***
_TIM1_OC1NPolarityConfig            ********   *** removed from Debug\stm8s_tim1.o ***
_TIM1_OC1PolarityConfig             ********   *** removed from Debug\stm8s_tim1.o ***
_TIM1_OC1PreloadConfig              ********   *** removed from Debug\stm8s_tim1.o ***
_TIM1_OC2FastConfig                 ********   *** removed from Debug\stm8s_tim1.o ***
_TIM1_OC2Init                       ********   *** removed from Debug\stm8s_tim1.o ***
_TIM1_OC2NPolarityConfig            ********   *** removed from Debug\stm8s_tim1.o ***
_TIM1_OC2PolarityConfig             ********   *** removed from Debug\stm8s_tim1.o ***
_TIM1_OC2PreloadConfig              ********   *** removed from Debug\stm8s_tim1.o ***
_TIM1_OC3FastConfig                 ********   *** removed from Debug\stm8s_tim1.o ***
_TIM1_OC3Init                       ********   *** removed from Debug\stm8s_tim1.o ***
_TIM1_OC3NPolarityConfig            ********   *** removed from Debug\stm8s_tim1.o ***
_TIM1_OC3PolarityConfig             ********   *** removed from Debug\stm8s_tim1.o ***
_TIM1_OC3PreloadConfig              ********   *** removed from Debug\stm8s_tim1.o ***
_TIM1_OC4FastConfig                 ********   *** removed from Debug\stm8s_tim1.o ***
_TIM1_OC4Init                       ********   *** removed from Debug\stm8s_tim1.o ***
_TIM1_OC4PolarityConfig             ********   *** removed from Debug\stm8s_tim1.o ***
_TIM1_OC4PreloadConfig              ********   *** removed from Debug\stm8s_tim1.o ***
_TIM1_PWMIConfig                    000088af   defined in Debug\stm8s_tim1.o section .text
                                               used in Debug\main6.o
_TIM1_PrescalerConfig               ********   *** removed from Debug\stm8s_tim1.o ***
_TIM1_SelectCOM                     ********   *** removed from Debug\stm8s_tim1.o ***
_TIM1_SelectHallSensor              ********   *** removed from Debug\stm8s_tim1.o ***
_TIM1_SelectInputTrigger            000089c4   defined in Debug\stm8s_tim1.o section .text
                                               used in Debug\main6.o
_TIM1_SelectMasterSlaveMode         ********   *** removed from Debug\stm8s_tim1.o ***
_TIM1_SelectOCxM                    ********   *** removed from Debug\stm8s_tim1.o ***
_TIM1_SelectOnePulseMode            ********   *** removed from Debug\stm8s_tim1.o ***
_TIM1_SelectOutputTrigger           ********   *** removed from Debug\stm8s_tim1.o ***
_TIM1_SelectSlaveMode               000089f6   defined in Debug\stm8s_tim1.o section .text
                                               used in Debug\main6.o
_TIM1_SetAutoreload                 ********   *** removed from Debug\stm8s_tim1.o ***
_TIM1_SetCompare1                   ********   *** removed from Debug\stm8s_tim1.o ***
_TIM1_SetCompare2                   ********   *** removed from Debug\stm8s_tim1.o ***
_TIM1_SetCompare3                   ********   *** removed from Debug\stm8s_tim1.o ***
_TIM1_SetCompare4                   ********   *** removed from Debug\stm8s_tim1.o ***
_TIM1_SetCounter                    00008a21   defined in Debug\stm8s_tim1.o section .text
                                               used in Debug\main6.o
_TIM1_SetIC1Prescaler               00008a2a   defined in Debug\stm8s_tim1.o section .text
_TIM1_SetIC2Prescaler               00008a54   defined in Debug\stm8s_tim1.o section .text
_TIM1_SetIC3Prescaler               ********   *** removed from Debug\stm8s_tim1.o ***
_TIM1_SetIC4Prescaler               ********   *** removed from Debug\stm8s_tim1.o ***
_TIM1_TIxExternalClockConfig        ********   *** removed from Debug\stm8s_tim1.o ***
_TIM1_TimeBaseInit                  00008867   defined in Debug\stm8s_tim1.o section .text
                                               used in Debug\main6.o
_TIM1_UpdateDisableConfig           ********   *** removed from Debug\stm8s_tim1.o ***
_TIM1_UpdateRequestConfig           ********   *** removed from Debug\stm8s_tim1.o ***
_TIM2_ARRPreloadConfig              ********   *** removed from Debug\stm8s_tim2_sub.o ***
_TIM2_CCxCmd                        ********   *** removed from Debug\stm8s_tim2_sub.o ***
_TIM2_ClearFlag                     ********   *** removed from Debug\stm8s_tim2_sub.o ***
_TIM2_ClearITPendingBit             ********   *** removed from Debug\stm8s_tim2_sub.o ***
_TIM2_Cmd                           ********   *** removed from Debug\stm8s_tim2_sub.o ***
_TIM2_DeInit                        ********   *** removed from Debug\stm8s_tim2_sub.o ***
_TIM2_ForcedOC1Config               ********   *** removed from Debug\stm8s_tim2_sub.o ***
_TIM2_ForcedOC2Config               ********   *** removed from Debug\stm8s_tim2_sub.o ***
_TIM2_ForcedOC3Config               ********   *** removed from Debug\stm8s_tim2_sub.o ***
_TIM2_GenerateEvent                 ********   *** removed from Debug\stm8s_tim2_sub.o ***
_TIM2_GetCapture1                   ********   *** removed from Debug\stm8s_tim2_sub.o ***
_TIM2_GetCapture2                   ********   *** removed from Debug\stm8s_tim2_sub.o ***
_TIM2_GetCapture3                   ********   *** removed from Debug\stm8s_tim2_sub.o ***
_TIM2_GetCounter                    ********   *** removed from Debug\stm8s_tim2_sub.o ***
_TIM2_GetFlagStatus                 ********   *** removed from Debug\stm8s_tim2_sub.o ***
_TIM2_GetITStatus                   ********   *** removed from Debug\stm8s_tim2_sub.o ***
_TIM2_GetPrescaler                  ********   *** removed from Debug\stm8s_tim2_sub.o ***
_TIM2_ICInit                        ********   *** removed from Debug\stm8s_tim2_sub.o ***
_TIM2_ITConfig                      ********   *** removed from Debug\stm8s_tim2_sub.o ***
_TIM2_OC1Init                       ********   *** removed from Debug\stm8s_tim2_sub.o ***
_TIM2_OC1PolarityConfig             ********   *** removed from Debug\stm8s_tim2_sub.o ***
_TIM2_OC1PreloadConfig              ********   *** removed from Debug\stm8s_tim2_sub.o ***
_TIM2_OC2Init                       ********   *** removed from Debug\stm8s_tim2_sub.o ***
_TIM2_OC2PolarityConfig             ********   *** removed from Debug\stm8s_tim2_sub.o ***
_TIM2_OC2PreloadConfig              ********   *** removed from Debug\stm8s_tim2_sub.o ***
_TIM2_OC3Init                       ********   *** removed from Debug\stm8s_tim2_sub.o ***
_TIM2_OC3PolarityConfig             ********   *** removed from Debug\stm8s_tim2_sub.o ***
_TIM2_OC3PreloadConfig              ********   *** removed from Debug\stm8s_tim2_sub.o ***
_TIM2_PWMIConfig                    ********   *** removed from Debug\stm8s_tim2_sub.o ***
_TIM2_PrescalerConfig               ********   *** removed from Debug\stm8s_tim2_sub.o ***
_TIM2_SelectOCxM                    ********   *** removed from Debug\stm8s_tim2_sub.o ***
_TIM2_SelectOnePulseMode            ********   *** removed from Debug\stm8s_tim2_sub.o ***
_TIM2_SetAutoreload                 ********   *** removed from Debug\stm8s_tim2_sub.o ***
_TIM2_SetCompare1                   ********   *** removed from Debug\stm8s_tim2_sub.o ***
_TIM2_SetCompare2                   ********   *** removed from Debug\stm8s_tim2_sub.o ***
_TIM2_SetCompare3                   ********   *** removed from Debug\stm8s_tim2_sub.o ***
_TIM2_SetCounter                    ********   *** removed from Debug\stm8s_tim2_sub.o ***
_TIM2_SetIC1Prescaler               ********   *** removed from Debug\stm8s_tim2_sub.o ***
_TIM2_SetIC2Prescaler               ********   *** removed from Debug\stm8s_tim2_sub.o ***
_TIM2_SetIC3Prescaler               ********   *** removed from Debug\stm8s_tim2_sub.o ***
_TIM2_TimeBaseInit                  ********   *** removed from Debug\stm8s_tim2_sub.o ***
_TIM2_UpdateDisableConfig           ********   *** removed from Debug\stm8s_tim2_sub.o ***
_TIM2_UpdateRequestConfig           ********   *** removed from Debug\stm8s_tim2_sub.o ***
_TIM4_ARRPreloadConfig              ********   *** removed from Debug\stm8s_tim4.o ***
_TIM4_ClearFlag                     00009145   defined in Debug\stm8s_tim4.o section .text
                                               used in Debug\main6.o
_TIM4_ClearITPendingBit             ********   *** removed from Debug\stm8s_tim4.o ***
_TIM4_Cmd                           000090e8   defined in Debug\stm8s_tim4.o section .text
                                               used in Debug\main6.o
_TIM4_DeInit                        ********   *** removed from Debug\stm8s_tim4.o ***
_TIM4_GenerateEvent                 ********   *** removed from Debug\stm8s_tim4.o ***
_TIM4_GetCounter                    ********   *** removed from Debug\stm8s_tim4.o ***
_TIM4_GetFlagStatus                 ********   *** removed from Debug\stm8s_tim4.o ***
_TIM4_GetITStatus                   ********   *** removed from Debug\stm8s_tim4.o ***
_TIM4_GetPrescaler                  ********   *** removed from Debug\stm8s_tim4.o ***
_TIM4_ITConfig                      0000910d   defined in Debug\stm8s_tim4.o section .text
                                               used in Debug\main6.o
_TIM4_PrescalerConfig               ********   *** removed from Debug\stm8s_tim4.o ***
_TIM4_SelectOnePulseMode            ********   *** removed from Debug\stm8s_tim4.o ***
_TIM4_SetAutoreload                 ********   *** removed from Debug\stm8s_tim4.o ***
_TIM4_SetCounter                    ********   *** removed from Debug\stm8s_tim4.o ***
_TIM4_TimeBaseInit                  000090a7   defined in Debug\stm8s_tim4.o section .text
                                               used in Debug\main6.o
_TIM4_UpdateDisableConfig           ********   *** removed from Debug\stm8s_tim4.o ***
_TIM4_UpdateRequestConfig           ********   *** removed from Debug\stm8s_tim4.o ***
_Table2                             ********   *** removed from Debug\table.o ***
_Ticks_1mS                          000000b4   defined in Debug\main6.o section .ubsct
_Ticks_50uS                         000000b6   defined in Debug\main6.o section .ubsct
_Timer                              00000059   defined in Debug\main6.o section .ubsct
_Timer_Config                       000086ed   defined in Debug\main6.o section .text
_UART1_ClearFlag                    ********   *** removed from Debug\stm8s_uart1.o ***
_UART1_ClearITPendingBit            ********   *** removed from Debug\stm8s_uart1.o ***
_UART1_Cmd                          ********   *** removed from Debug\stm8s_uart1.o ***
_UART1_DeInit                       ********   *** removed from Debug\stm8s_uart1.o ***
_UART1_GetFlagStatus                ********   *** removed from Debug\stm8s_uart1.o ***
_UART1_GetITStatus                  ********   *** removed from Debug\stm8s_uart1.o ***
_UART1_HalfDuplexCmd                ********   *** removed from Debug\stm8s_uart1.o ***
_UART1_ITConfig                     ********   *** removed from Debug\stm8s_uart1.o ***
_UART1_Init                         ********   *** removed from Debug\stm8s_uart1.o ***
_UART1_IrDACmd                      ********   *** removed from Debug\stm8s_uart1.o ***
_UART1_IrDAConfig                   ********   *** removed from Debug\stm8s_uart1.o ***
_UART1_LINBreakDetectionConfig      ********   *** removed from Debug\stm8s_uart1.o ***
_UART1_LINCmd                       ********   *** removed from Debug\stm8s_uart1.o ***
_UART1_ReceiveData8                 ********   *** removed from Debug\stm8s_uart1.o ***
_UART1_ReceiveData9                 ********   *** removed from Debug\stm8s_uart1.o ***
_UART1_ReceiverWakeUpCmd            ********   *** removed from Debug\stm8s_uart1.o ***
_UART1_SendBreak                    ********   *** removed from Debug\stm8s_uart1.o ***
_UART1_SendData8                    ********   *** removed from Debug\stm8s_uart1.o ***
_UART1_SendData9                    ********   *** removed from Debug\stm8s_uart1.o ***
_UART1_SetAddress                   ********   *** removed from Debug\stm8s_uart1.o ***
_UART1_SetGuardTime                 ********   *** removed from Debug\stm8s_uart1.o ***
_UART1_SetPrescaler                 ********   *** removed from Debug\stm8s_uart1.o ***
_UART1_SmartCardCmd                 ********   *** removed from Debug\stm8s_uart1.o ***
_UART1_SmartCardNACKCmd             ********   *** removed from Debug\stm8s_uart1.o ***
_UART1_WakeUpConfig                 ********   *** removed from Debug\stm8s_uart1.o ***
_ZeroPos                            000083f7   defined in Debug\main6.o section .text
__chan                              00000029   defined in Debug\main6.o section .bsct, initialized
__chanId                            00000033   defined in Debug\main6.o section .bsct, initialized
__chanSchmit                        0000002e   defined in Debug\main6.o section .bsct, initialized
__endmem                            000001ff   defined in command file
                                               *** not used ***
__endzp                             000000ed   defined in command file section .ubsct
                                               used in C:\Program Files (x86)\COSMIC\FSE_Compilers\CXSTM8\lib\crtsi0.sm8
__idesc__                           00008190   defined in linker section .init
                                               used in C:\Program Files (x86)\COSMIC\FSE_Compilers\CXSTM8\lib\crtsi0.sm8
__memory                            00000100   defined in command file section .bss
                                               used in C:\Program Files (x86)\COSMIC\FSE_Compilers\CXSTM8\lib\crtsi0.sm8
__stack                             000003ff   defined in command file
                                               used in C:\Program Files (x86)\COSMIC\FSE_Compilers\CXSTM8\lib\crtsi0.sm8
__startmem                          00000100   defined in command file section .bss
                                               *** not used ***
__stext                             000081d0   defined in C:\Program Files (x86)\COSMIC\FSE_Compilers\CXSTM8\lib\crtsi0.sm8 section .text
                                               used in Debug\stm8_interrupt_vector.o
__vectab                            00008000   defined in Debug\stm8_interrupt_vector.o section .const
_assert_failed                      00008862   defined in Debug\main6.o section .text
                                               used in Debug\stm8s_tim1.o
                                                       Debug\stm8s_adc1_sub.o
                                                       Debug\stm8s_tim2_sub.o
                                                       Debug\stm8s_clk.o
                                                       Debug\stm8s_gpio.o
                                                       Debug\stm8s_tim4.o
                                                       Debug\stm8s_uart1.o
_cvtTable                           ********   *** removed from Debug\table.o ***
_dutyInfo                           000000b7   defined in Debug\main6.o section .ubsct
_exit                               0000821e   defined in C:\Program Files (x86)\COSMIC\FSE_Compilers\CXSTM8\lib\crtsi0.sm8 section .text
_factory                            ********   *** removed from Debug\main6.o ***
_ledint                             00000000   defined in Debug\main6.o section .bsct, initialized
_main                               00008752   defined in Debug\main6.o section .text
                                               used in C:\Program Files (x86)\COSMIC\FSE_Compilers\CXSTM8\lib\crtsi0.sm8
_mainDeviceType                     0000873d   defined in Debug\main6.o section .text
_motorGo                            0000873f   defined in Debug\main6.o section .text
_motorWatch                         00000038   defined in Debug\main6.o section .ubsct
_phase_excite                       00008220   defined in Debug\main6.o section .text
_stepCalc                           00008323   defined in Debug\main6.o section .text
_stepPrepare                        ********   *** removed from Debug\main6.o ***
_waitPowerDelay                     00008366   defined in Debug\main6.o section .text
c_divsl                             ********   *** removed from (C:\Program Files (x86)\COSMIC\FSE_Compilers\CXSTM8\lib\libm0.sm8)ldiv.o ***
c_divul                             ********   *** removed from (C:\Program Files (x86)\COSMIC\FSE_Compilers\CXSTM8\lib\libm0.sm8)ldiv.o ***
c_fdiv                              00009219   defined in (C:\Program Files (x86)\COSMIC\FSE_Compilers\CXSTM8\lib\libm0.sm8)fdiv.o section .text
                                               used in Debug\main6.o
c_fmul                              0000929d   defined in (C:\Program Files (x86)\COSMIC\FSE_Compilers\CXSTM8\lib\libm0.sm8)fmul.o section .text
                                               used in Debug\main6.o
c_ftoi                              00009372   defined in (C:\Program Files (x86)\COSMIC\FSE_Compilers\CXSTM8\lib\libm0.sm8)ftol.o section .text
                                               used in Debug\main6.o
c_ftol                              00009378   defined in (C:\Program Files (x86)\COSMIC\FSE_Compilers\CXSTM8\lib\libm0.sm8)ftol.o section .text
c_imul                              000093d4   defined in (C:\Program Files (x86)\COSMIC\FSE_Compilers\CXSTM8\lib\libm0.sm8)imul.o section .text
                                               used in Debug\main6.o
c_lcmp                              ********   *** removed from (C:\Program Files (x86)\COSMIC\FSE_Compilers\CXSTM8\lib\libm0.sm8)lcmp.o ***
c_lgneg                             ********   *** removed from (C:\Program Files (x86)\COSMIC\FSE_Compilers\CXSTM8\lib\libm0.sm8)lgneg.o ***
c_llsh                              ********   *** removed from (C:\Program Files (x86)\COSMIC\FSE_Compilers\CXSTM8\lib\libm0.sm8)llsh.o ***
c_lneg                              ********   *** removed from (C:\Program Files (x86)\COSMIC\FSE_Compilers\CXSTM8\lib\libm0.sm8)lneg.o ***
c_lreg                              000000e3   defined in (C:\Program Files (x86)\COSMIC\FSE_Compilers\CXSTM8\lib\libm0.sm8)lreg.o section .ubsct
                                               used in Debug\stm8s_clk.o
                                                       Debug\stm8s_uart1.o
                                                       (C:\Program Files (x86)\COSMIC\FSE_Compilers\CXSTM8\lib\libm0.sm8)fdiv.o
                                                       (C:\Program Files (x86)\COSMIC\FSE_Compilers\CXSTM8\lib\libm0.sm8)fmul.o
                                                       (C:\Program Files (x86)\COSMIC\FSE_Compilers\CXSTM8\lib\libm0.sm8)ftol.o
                                                       (C:\Program Files (x86)\COSMIC\FSE_Compilers\CXSTM8\lib\libm0.sm8)lcmp.o
                                                       (C:\Program Files (x86)\COSMIC\FSE_Compilers\CXSTM8\lib\libm0.sm8)llsh.o
                                                       (C:\Program Files (x86)\COSMIC\FSE_Compilers\CXSTM8\lib\libm0.sm8)lsub.o
                                                       (C:\Program Files (x86)\COSMIC\FSE_Compilers\CXSTM8\lib\libm0.sm8)ltor.o
                                                       (C:\Program Files (x86)\COSMIC\FSE_Compilers\CXSTM8\lib\libm0.sm8)ldiv.o
                                                       (C:\Program Files (x86)\COSMIC\FSE_Compilers\CXSTM8\lib\libm0.sm8)lneg.o
                                                       (C:\Program Files (x86)\COSMIC\FSE_Compilers\CXSTM8\lib\libm0.sm8)lursh.o
                                                       (C:\Program Files (x86)\COSMIC\FSE_Compilers\CXSTM8\lib\libm0.sm8)rtol.o
                                                       (C:\Program Files (x86)\COSMIC\FSE_Compilers\CXSTM8\lib\libm0.sm8)smul.o
                                                       (C:\Program Files (x86)\COSMIC\FSE_Compilers\CXSTM8\lib\libm0.sm8)uitof.o
c_lsub                              ********   *** removed from (C:\Program Files (x86)\COSMIC\FSE_Compilers\CXSTM8\lib\libm0.sm8)lsub.o ***
c_ltor                              000093f5   defined in (C:\Program Files (x86)\COSMIC\FSE_Compilers\CXSTM8\lib\libm0.sm8)ltor.o section .text
                                               used in Debug\main6.o
                                                       Debug\stm8s_clk.o
                                                       Debug\stm8s_uart1.o
c_ludv                              ********   *** removed from (C:\Program Files (x86)\COSMIC\FSE_Compilers\CXSTM8\lib\libm0.sm8)ludiv.o ***
c_lursh                             ********   *** removed from (C:\Program Files (x86)\COSMIC\FSE_Compilers\CXSTM8\lib\libm0.sm8)lursh.o ***
c_okdiv                             00009229   defined in (C:\Program Files (x86)\COSMIC\FSE_Compilers\CXSTM8\lib\libm0.sm8)fdiv.o section .text
                                               *** not used ***
c_okmul                             000092ab   defined in (C:\Program Files (x86)\COSMIC\FSE_Compilers\CXSTM8\lib\libm0.sm8)fmul.o section .text
                                               *** not used ***
c_rtol                              00009407   defined in (C:\Program Files (x86)\COSMIC\FSE_Compilers\CXSTM8\lib\libm0.sm8)rtol.o section .text
                                               used in Debug\main6.o
                                                       Debug\stm8s_clk.o
                                                       Debug\stm8s_uart1.o
c_sdivx                             0000941f   defined in (C:\Program Files (x86)\COSMIC\FSE_Compilers\CXSTM8\lib\libm0.sm8)sdivx.o section .text
                                               *** not used ***
c_smodx                             00009419   defined in (C:\Program Files (x86)\COSMIC\FSE_Compilers\CXSTM8\lib\libm0.sm8)sdivx.o section .text
                                               used in Debug\main6.o
c_smul                              ********   *** removed from (C:\Program Files (x86)\COSMIC\FSE_Compilers\CXSTM8\lib\libm0.sm8)smul.o ***
c_uitof                             00009444   defined in (C:\Program Files (x86)\COSMIC\FSE_Compilers\CXSTM8\lib\libm0.sm8)uitof.o section .text
                                               used in Debug\main6.o
c_x                                 000000e7   defined in (C:\Program Files (x86)\COSMIC\FSE_Compilers\CXSTM8\lib\libm0.sm8)xreg.o section .ubsct
                                               used in C:\Program Files (x86)\COSMIC\FSE_Compilers\CXSTM8\lib\crtsi0.sm8
                                                       Debug\stm8s_it.o
                                                       (C:\Program Files (x86)\COSMIC\FSE_Compilers\CXSTM8\lib\libm0.sm8)fdiv.o
                                                       (C:\Program Files (x86)\COSMIC\FSE_Compilers\CXSTM8\lib\libm0.sm8)fmul.o
                                                       (C:\Program Files (x86)\COSMIC\FSE_Compilers\CXSTM8\lib\libm0.sm8)imul.o
                                                       (C:\Program Files (x86)\COSMIC\FSE_Compilers\CXSTM8\lib\libm0.sm8)ldiv.o
                                                       (C:\Program Files (x86)\COSMIC\FSE_Compilers\CXSTM8\lib\libm0.sm8)sdivx.o
c_y                                 000000ea   defined in (C:\Program Files (x86)\COSMIC\FSE_Compilers\CXSTM8\lib\libm0.sm8)yreg.o section .ubsct
                                               used in C:\Program Files (x86)\COSMIC\FSE_Compilers\CXSTM8\lib\crtsi0.sm8
                                                       Debug\stm8s_it.o
f_ADC1_IRQHandler                   000091f5   defined in Debug\stm8s_it.o section .text
                                               used in Debug\stm8_interrupt_vector.o
f_AWU_IRQHandler                    00009162   defined in Debug\stm8s_it.o section .text
                                               used in Debug\stm8_interrupt_vector.o
f_CLK_IRQHandler                    00009163   defined in Debug\stm8s_it.o section .text
                                               used in Debug\stm8_interrupt_vector.o
f_EEPROM_EEC_IRQHandler             00009218   defined in Debug\stm8s_it.o section .text
                                               used in Debug\stm8_interrupt_vector.o
f_EXTI_PORTA_IRQHandler             00009164   defined in Debug\stm8s_it.o section .text
                                               used in Debug\stm8_interrupt_vector.o
f_EXTI_PORTB_IRQHandler             00009165   defined in Debug\stm8s_it.o section .text
                                               used in Debug\stm8_interrupt_vector.o
f_EXTI_PORTC_IRQHandler             00009166   defined in Debug\stm8s_it.o section .text
                                               used in Debug\stm8_interrupt_vector.o
f_EXTI_PORTD_IRQHandler             00009167   defined in Debug\stm8s_it.o section .text
                                               used in Debug\stm8_interrupt_vector.o
f_EXTI_PORTE_IRQHandler             00009168   defined in Debug\stm8s_it.o section .text
                                               used in Debug\stm8_interrupt_vector.o
f_I2C_IRQHandler                    000091f4   defined in Debug\stm8s_it.o section .text
                                               used in Debug\stm8_interrupt_vector.o
f_NonHandledInterrupt               0000915f   defined in Debug\stm8s_it.o section .text
                                               used in Debug\stm8_interrupt_vector.o
f_SPI_IRQHandler                    00009169   defined in Debug\stm8s_it.o section .text
                                               used in Debug\stm8_interrupt_vector.o
f_TIM1_CAP_COM_IRQHandler           0000918c   defined in Debug\stm8s_it.o section .text
                                               used in Debug\stm8_interrupt_vector.o
f_TIM1_UPD_OVF_TRG_BRK_IRQHandler   0000916a   defined in Debug\stm8s_it.o section .text
                                               used in Debug\stm8_interrupt_vector.o
f_TIM2_CAP_COM_IRQHandler           000091d0   defined in Debug\stm8s_it.o section .text
                                               used in Debug\stm8_interrupt_vector.o
f_TIM2_UPD_OVF_BRK_IRQHandler       000091ae   defined in Debug\stm8s_it.o section .text
                                               used in Debug\stm8_interrupt_vector.o
f_TIM4_UPD_OVF_IRQHandler           000091f6   defined in Debug\stm8s_it.o section .text
                                               used in Debug\stm8_interrupt_vector.o
f_TLI_IRQHandler                    00009161   defined in Debug\stm8s_it.o section .text
                                               used in Debug\stm8_interrupt_vector.o
f_TRAP_IRQHandler                   00009160   defined in Debug\stm8s_it.o section .text
                                               used in Debug\stm8_interrupt_vector.o
f_UART1_RX_IRQHandler               000091f3   defined in Debug\stm8s_it.o section .text
                                               used in Debug\stm8_interrupt_vector.o
f_UART1_TX_IRQHandler               000091f2   defined in Debug\stm8s_it.o section .text
                                               used in Debug\stm8_interrupt_vector.o
