
Map of Debug\motordriver.sm8 from link file Debug\motordriver.lkf - Sun Jun 10 19:02:19 2018


                               --------
                               Segments
                               --------

start 00008080 end 00008165 length   229 segment .const
start 000081a5 end 000092eb length  4422 segment .text
start 00004000 end 00004000 length     0 segment .eeprom
start 00000000 end 00000038 length    56 segment .bsct, initialized
start 0000816d end 000081a5 length    56 segment .bsct, from
start 00000038 end 000000f2 length   186 segment .ubsct
start 000000f2 end 000000f2 length     0 segment .bit
start 000000f2 end 000000f2 length     0 segment .share
start 00000100 end 00000100 length     0 segment .data
start 00000100 end 00000100 length     0 segment .bss
start 00000000 end 00000a6c length  2668 segment .info.
start 00000000 end 00008d7c length 36220 segment .debug
start 00008000 end 00008080 length   128 segment .const
start 00008165 end 0000816d length     8 segment .init


                               -------
                               Modules
                               -------

C:\Program Files (x86)\COSMIC\FSE_Compilers\CXSTM8\lib\crtsi0.sm8:
start 000081a5 end 000081f5 length    80 section .text
start 00000100 end 00000100 length     0 section .bss
start 00000038 end 00000038 length     0 section .ubsct
start 00000000 end 0000002f length    47 section .info.

Debug\main5.o:
start 000081f5 end 000088d4 length  1759 section .text
start 00000000 end 00000038 length    56 section .bsct
start 00000038 end 000000e8 length   176 section .ubsct
start 00000000 end 00001705 length  5893 section .debug
start 0000002f end 000000bc length   141 section .info.
start 00008080 end 00008084 length     4 section .const

Debug\stm8s_adc1_sub.o:
start 00001705 end 0000254d length  3656 section .debug
start 000000bc end 00000156 length   154 section .info.
start 000088d4 end 00008905 length    49 section .text
start 00008905 end 00008a0a length   261 section .text
start ******** end ******** length     0 section .text *** removed ***
start 00008a0a end 00008a4a length    64 section .text
start 00008a4a end 00008b15 length   203 section .text
start 00008b15 end 00008b9a length   133 section .text
start 00008b9a end 00008be1 length    71 section .text
start 00008be1 end 00008be6 length     5 section .text
start 00008be6 end 00008c18 length    50 section .text
start ******** end ******** length     0 section .text *** removed ***
start 00008084 end 00008095 length    17 section .const

Debug\stm8s_tim2_sub.o:
start 0000254d end 000044d4 length  8071 section .debug
start 00000156 end 000001f0 length   154 section .info.
start ******** end ******** length     0 section .text *** removed ***
start 00008c18 end 00008c28 length    16 section .text
start ******** end ******** length     0 section .text *** removed ***
start ******** end ******** length     0 section .text *** removed ***
start ******** end ******** length     0 section .text *** removed ***
start 00008c28 end 00008ccb length   163 section .text
start ******** end ******** length     0 section .text *** removed ***
start 00008ccb end 00008cf0 length    37 section .text
start 00008cf0 end 00008d2d length    61 section .text
start ******** end ******** length     0 section .text *** removed ***
start ******** end ******** length     0 section .text *** removed ***
start ******** end ******** length     0 section .text *** removed ***
start ******** end ******** length     0 section .text *** removed ***
start ******** end ******** length     0 section .text *** removed ***
start ******** end ******** length     0 section .text *** removed ***
start ******** end ******** length     0 section .text *** removed ***
start ******** end ******** length     0 section .text *** removed ***
start ******** end ******** length     0 section .text *** removed ***
start ******** end ******** length     0 section .text *** removed ***
start ******** end ******** length     0 section .text *** removed ***
start ******** end ******** length     0 section .text *** removed ***
start ******** end ******** length     0 section .text *** removed ***
start ******** end ******** length     0 section .text *** removed ***
start ******** end ******** length     0 section .text *** removed ***
start ******** end ******** length     0 section .text *** removed ***
start ******** end ******** length     0 section .text *** removed ***
start 00008d2d end 00008d36 length     9 section .text
start ******** end ******** length     0 section .text *** removed ***
start ******** end ******** length     0 section .text *** removed ***
start ******** end ******** length     0 section .text *** removed ***
start ******** end ******** length     0 section .text *** removed ***
start 00008d36 end 00008d60 length    42 section .text
start 00008d60 end 00008d61 length     1 section .text
start 00008d61 end 00008d62 length     1 section .text
start 00008d62 end 00008d7f length    29 section .text
start ******** end ******** length     0 section .text *** removed ***
start ******** end ******** length     0 section .text *** removed ***
start ******** end ******** length     0 section .text *** removed ***
start ******** end ******** length     0 section .text *** removed ***
start ******** end ******** length     0 section .text *** removed ***
start ******** end ******** length     0 section .text *** removed ***
start 00008d7f end 00008dbd length    62 section .text
start 00008dbd end 00008ddb length    30 section .text
start 00008ddb end 00008e0b length    48 section .text
start 00008e0b end 00008e0c length     1 section .text
start 00008e0c end 00008e0d length     1 section .text
start 00008095 end 000080a6 length    17 section .const

Debug\stm8s_clk.o:
start 000044d4 end 00005b43 length  5743 section .debug
start 000001f0 end 00000285 length   149 section .info.
start 000080a6 end 000080ed length    71 section .const
start ******** end ******** length     0 section .text *** removed ***
start ******** end ******** length     0 section .text *** removed ***
start ******** end ******** length     0 section .text *** removed ***
start 00008e0d end 00008e32 length    37 section .text
start ******** end ******** length     0 section .text *** removed ***
start ******** end ******** length     0 section .text *** removed ***
start ******** end ******** length     0 section .text *** removed ***
start ******** end ******** length     0 section .text *** removed ***
start ******** end ******** length     0 section .text *** removed ***
start ******** end ******** length     0 section .text *** removed ***
start ******** end ******** length     0 section .text *** removed ***
start ******** end ******** length     0 section .text *** removed ***
start ******** end ******** length     0 section .text *** removed ***
start 00008e32 end 00008e96 length   100 section .text
start ******** end ******** length     0 section .text *** removed ***
start ******** end ******** length     0 section .text *** removed ***
start ******** end ******** length     0 section .text *** removed ***
start ******** end ******** length     0 section .text *** removed ***
start ******** end ******** length     0 section .text *** removed ***
start ******** end ******** length     0 section .text *** removed ***
start ******** end ******** length     0 section .text *** removed ***
start ******** end ******** length     0 section .text *** removed ***
start ******** end ******** length     0 section .text *** removed ***

Debug\stm8s_gpio.o:
start 00005b43 end 0000654d length  2570 section .debug
start 00000285 end 0000031b length   150 section .info.
start ******** end ******** length     0 section .text *** removed ***
start 00008e96 end 00008f35 length   159 section .text
start ******** end ******** length     0 section .text *** removed ***
start 00008f35 end 00008f3c length     7 section .text
start 00008f3c end 00008f44 length     8 section .text
start 00008f44 end 00008f4b length     7 section .text
start ******** end ******** length     0 section .text *** removed ***
start ******** end ******** length     0 section .text *** removed ***
start 00008f4b end 00008f52 length     7 section .text
start ******** end ******** length     0 section .text *** removed ***
start 000080ed end 00008129 length    60 section .const

Debug\stm8s_tim4.o:
start 0000654d end 00007104 length  2999 section .debug
start 0000031b end 000003b1 length   150 section .info.
start ******** end ******** length     0 section .text *** removed ***
start 00008f52 end 00008f93 length    65 section .text
start 00008f93 end 00008fb8 length    37 section .text
start 00008fb8 end 00008ff0 length    56 section .text
start ******** end ******** length     0 section .text *** removed ***
start ******** end ******** length     0 section .text *** removed ***
start ******** end ******** length     0 section .text *** removed ***
start ******** end ******** length     0 section .text *** removed ***
start ******** end ******** length     0 section .text *** removed ***
start ******** end ******** length     0 section .text *** removed ***
start ******** end ******** length     0 section .text *** removed ***
start ******** end ******** length     0 section .text *** removed ***
start ******** end ******** length     0 section .text *** removed ***
start ******** end ******** length     0 section .text *** removed ***
start ******** end ******** length     0 section .text *** removed ***
start 00008ff0 end 0000900a length    26 section .text
start ******** end ******** length     0 section .text *** removed ***
start 0000900a end 00009024 length    26 section .text
start 00008129 end 00008165 length    60 section .const

Debug\stm8s_uart1.o:
start 00007104 end 000084f0 length  5100 section .debug
start 000003b1 end 00000448 length   151 section .info.
start ******** end ******** length     0 section .text *** removed ***
start ******** end ******** length     0 section .const *** removed ***
start ******** end ******** length     0 section .text *** removed ***
start ******** end ******** length     0 section .text *** removed ***
start ******** end ******** length     0 section .text *** removed ***
start ******** end ******** length     0 section .text *** removed ***
start ******** end ******** length     0 section .text *** removed ***
start ******** end ******** length     0 section .text *** removed ***
start ******** end ******** length     0 section .text *** removed ***
start ******** end ******** length     0 section .text *** removed ***
start ******** end ******** length     0 section .text *** removed ***
start ******** end ******** length     0 section .text *** removed ***
start ******** end ******** length     0 section .text *** removed ***
start ******** end ******** length     0 section .text *** removed ***
start ******** end ******** length     0 section .text *** removed ***
start ******** end ******** length     0 section .text *** removed ***
start ******** end ******** length     0 section .text *** removed ***
start ******** end ******** length     0 section .text *** removed ***
start ******** end ******** length     0 section .text *** removed ***
start ******** end ******** length     0 section .text *** removed ***
start ******** end ******** length     0 section .text *** removed ***
start ******** end ******** length     0 section .text *** removed ***
start ******** end ******** length     0 section .text *** removed ***
start ******** end ******** length     0 section .text *** removed ***
start ******** end ******** length     0 section .text *** removed ***
start ******** end ******** length     0 section .text *** removed ***

Debug\main.o:
start 000084f0 end 00008534 length    68 section .debug
start 00000448 end 000004d4 length   140 section .info.

Debug\stm8s_it.o:
start 00009024 end 0000909c length   120 section .text
start 00008534 end 00008b64 length  1584 section .debug
start 000004d4 end 00000564 length   144 section .info.

Debug\table.o:
start 00008b64 end 00008c56 length   242 section .debug
start 00000564 end 000005f5 length   145 section .info.
start ******** end ******** length     0 section .const *** removed ***
start ******** end ******** length     0 section .text *** removed ***

(C:\Program Files (x86)\COSMIC\FSE_Compilers\CXSTM8\lib\libm0.sm8)fdiv.o:
start 0000909c end 00009120 length   132 section .text
start 000005f5 end 00000623 length    46 section .info.

(C:\Program Files (x86)\COSMIC\FSE_Compilers\CXSTM8\lib\libm0.sm8)fmul.o:
start 00009120 end 000091f5 length   213 section .text
start 00000623 end 00000651 length    46 section .info.

(C:\Program Files (x86)\COSMIC\FSE_Compilers\CXSTM8\lib\libm0.sm8)ftol.o:
start 000091f5 end 00009257 length    98 section .text
start 00000651 end 0000067f length    46 section .info.

(C:\Program Files (x86)\COSMIC\FSE_Compilers\CXSTM8\lib\libm0.sm8)imul.o:
start 00009257 end 00009278 length    33 section .text
start 0000067f end 000006ad length    46 section .info.

(C:\Program Files (x86)\COSMIC\FSE_Compilers\CXSTM8\lib\libm0.sm8)lcmp.o:
start ******** end ******** length     0 section .text *** removed ***
start 000006ad end 000006db length    46 section .info.

(C:\Program Files (x86)\COSMIC\FSE_Compilers\CXSTM8\lib\libm0.sm8)llsh.o:
start ******** end ******** length     0 section .text *** removed ***
start 000006db end 00000709 length    46 section .info.

(C:\Program Files (x86)\COSMIC\FSE_Compilers\CXSTM8\lib\libm0.sm8)lreg.o:
start 000000e8 end 000000ec length     4 section .ubsct
start 00000709 end 00000737 length    46 section .info.

(C:\Program Files (x86)\COSMIC\FSE_Compilers\CXSTM8\lib\libm0.sm8)lsub.o:
start ******** end ******** length     0 section .text *** removed ***
start 00000737 end 00000765 length    46 section .info.

(C:\Program Files (x86)\COSMIC\FSE_Compilers\CXSTM8\lib\libm0.sm8)ltor.o:
start 00009278 end 0000928a length    18 section .text
start 00000765 end 00000793 length    46 section .info.

(C:\Program Files (x86)\COSMIC\FSE_Compilers\CXSTM8\lib\libm0.sm8)ludiv.o:
start ******** end ******** length     0 section .text *** removed ***
start 00000793 end 000007c2 length    47 section .info.

(C:\Program Files (x86)\COSMIC\FSE_Compilers\CXSTM8\lib\libm0.sm8)ldiv.o:
start ******** end ******** length     0 section .text *** removed ***
start 000007c2 end 000007f0 length    46 section .info.

(C:\Program Files (x86)\COSMIC\FSE_Compilers\CXSTM8\lib\libm0.sm8)lgneg.o:
start ******** end ******** length     0 section .text *** removed ***
start 000007f0 end 0000081f length    47 section .info.

(C:\Program Files (x86)\COSMIC\FSE_Compilers\CXSTM8\lib\libm0.sm8)lneg.o:
start ******** end ******** length     0 section .text *** removed ***
start 0000081f end 0000084d length    46 section .info.

(C:\Program Files (x86)\COSMIC\FSE_Compilers\CXSTM8\lib\libm0.sm8)lursh.o:
start ******** end ******** length     0 section .text *** removed ***
start 0000084d end 0000087c length    47 section .info.

(C:\Program Files (x86)\COSMIC\FSE_Compilers\CXSTM8\lib\libm0.sm8)rtol.o:
start 0000928a end 0000929c length    18 section .text
start 0000087c end 000008aa length    46 section .info.

(C:\Program Files (x86)\COSMIC\FSE_Compilers\CXSTM8\lib\libm0.sm8)sdivx.o:
start 0000929c end 000092c7 length    43 section .text
start 000008aa end 000008d9 length    47 section .info.

(C:\Program Files (x86)\COSMIC\FSE_Compilers\CXSTM8\lib\libm0.sm8)smul.o:
start ******** end ******** length     0 section .text *** removed ***
start 000008d9 end 00000907 length    46 section .info.

(C:\Program Files (x86)\COSMIC\FSE_Compilers\CXSTM8\lib\libm0.sm8)uitof.o:
start 000092c7 end 000092eb length    36 section .text
start 00000907 end 00000936 length    47 section .info.

(C:\Program Files (x86)\COSMIC\FSE_Compilers\CXSTM8\lib\libm0.sm8)xreg.o:
start 000000ec end 000000ef length     3 section .ubsct
start 00000936 end 00000964 length    46 section .info.

(C:\Program Files (x86)\COSMIC\FSE_Compilers\CXSTM8\lib\libm0.sm8)yreg.o:
start 000000ef end 000000f2 length     3 section .ubsct
start 00000964 end 00000992 length    46 section .info.

Debug\stm8_interrupt_vector.o:
start 00008c56 end 00008d7c length   294 section .debug
start 00000992 end 00000a33 length   161 section .info.
start 00008000 end 00008080 length   128 section .const


                             -----------
                             Stack usage
                             -----------

Debug\main5.o:
_AdcGetAvg                              3   (3)
_AdcGetCode                            13   (6)
_AdcService                            27   (3)
_Adc_Config                            24   (2)
_CPulse                                 5   (2)
_Clock_Config                          12   (2)
_Diff                                   8   (8)
_DriveService                          16   (4)
_Gpio_CheckMode                         4   (4)
_Gpio_Config                           15   (2)
_LightControl                          12   (4)
_MotorClose                            12   (2)
_MotorService                      >   13   (3)
_MotorStep                             10   (2)
_MotorStepPhase                         3   (3)
_MotorStepSetOverrun                    2   (2)
_OnCaptureOVTim2                       12   (2)
_OnCaptureTim2                         21   (4)
_OnTimer4                              12   (2)
_OnTimer_1S                        >    2   (2)
_StartDriveOR                          10   (5)
_StopDrive                              7   (2)
_Timer_Config                          19   (2)
_ZeroPos                               12   (2)
_assert_failed                          7   (7)
_factory                           >   11   (6)
_main                              >   46   (19)
_mainDeviceType                         2   (2)
_motorGo                               18   (2)
_phase_excite                           8   (3)
_stepCalc                               9   (6)
_stepPrepare                       >    3   (3)
_waitPowerDelay                         7   (2)

Debug\stm8s_adc1_sub.o:
_ADC1_ConversionConfig                 12   (5)
_ADC1_DeInit                            2   (2)
_ADC1_ExternalTriggerConfig            11   (4)
_ADC1_GetConversionValue                7   (7)
_ADC1_Init                             22   (10)
_ADC1_PrescalerConfig                  10   (3)
_ADC1_SchmittTriggerConfig             11   (4)
_ADC1_StartConversion                   2   (2)

Debug\stm8s_clk.o:
_CLK_HSICmd                            10   (3)
_CLK_SYSCLKConfig                      10   (3)

Debug\stm8s_gpio.o:
_GPIO_Init                             13   (6)
_GPIO_ReadInputPin                      5   (5)
_GPIO_WriteHigh                         5   (5)
_GPIO_WriteLow                          5   (5)
_GPIO_WriteReverse                      5   (5)

Debug\stm8s_it.o:
f_ADC1_IRQHandler                  >    6   (6)
f_AWU_IRQHandler                   >    6   (6)
f_CLK_IRQHandler                   >    6   (6)
f_EEPROM_EEC_IRQHandler            >    6   (6)
f_EXTI_PORTA_IRQHandler            >    6   (6)
f_EXTI_PORTB_IRQHandler            >    6   (6)
f_EXTI_PORTC_IRQHandler            >    6   (6)
f_EXTI_PORTD_IRQHandler            >    6   (6)
f_EXTI_PORTE_IRQHandler            >    6   (6)
f_I2C_IRQHandler                   >    6   (6)
f_NonHandledInterrupt              >    6   (6)
f_SPI_IRQHandler                   >    6   (6)
f_TIM1_CAP_COM_IRQHandler          >    6   (6)
f_TIM1_UPD_OVF_TRG_BRK_IRQHandler  >    6   (6)
f_TIM2_CAP_COM_IRQHandler          >   33   (12)
f_TIM2_UPD_OVF_BRK_IRQHandler      >   24   (12)
f_TIM4_UPD_OVF_IRQHandler          >   24   (12)
f_TLI_IRQHandler                   >    6   (6)
f_TRAP_IRQHandler                  >    6   (6)
f_UART1_RX_IRQHandler              >    6   (6)
f_UART1_TX_IRQHandler              >    6   (6)

Debug\stm8s_tim2_sub.o:
L3_TI1_Config                           6   (6)
L5_TI2_Config                           3   (3)
L7_TI3_Config                           3   (3)
_TIM2_ClearITPendingBit                10   (3)
_TIM2_Cmd                              10   (3)
_TIM2_GetCapture1                       6   (6)
_TIM2_GetITStatus                      12   (5)
_TIM2_ICInit                           17   (7)
_TIM2_ITConfig                         11   (4)
_TIM2_SetCounter                        2   (2)
_TIM2_SetIC1Prescaler                  10   (3)
_TIM2_SetIC2Prescaler                   2   (2)
_TIM2_SetIC3Prescaler                   2   (2)
_TIM2_TimeBaseInit                      5   (5)

Debug\stm8s_tim4.o:
_TIM4_ClearFlag                        10   (3)
_TIM4_ClearITPendingBit                10   (3)
_TIM4_Cmd                              10   (3)
_TIM4_ITConfig                         11   (4)
_TIM4_TimeBaseInit                     11   (4)

Stack size: 79


                              ---------
                              Call tree
                              ---------
   1 > _MotorService: (3)
   2      + _CPulse: (2)
   3      + _StartDriveOR: (5)
   4      |    + _CPulse --> 2
          | 
       
   5 > _OnTimer_1S: (2)

   6 > __stext: (0)

   7 > _factory: (6)
   8      + _GPIO_WriteReverse: (5)
       
   9 > _main: (19)
  10      + _AdcService: (3)
  11      |    + _AdcGetAvg: (3)
  12      |    + _Adc_Config: (2)
  13      |    |    + _ADC1_DeInit: (2)
  14      |    |    + _ADC1_Init: (10)
  15      |    |    |    + _ADC1_ConversionConfig: (5)
  16      |    |    |    |    + _assert_failed: (7)
          |    |    |    | 
  17      |    |    |    + _ADC1_ExternalTriggerConfig: (4)
  18      |    |    |    |    + _assert_failed --> 16
          |    |    |    | 
  19      |    |    |    + _ADC1_PrescalerConfig: (3)
  20      |    |    |    |    + _assert_failed --> 16
          |    |    |    | 
  21      |    |    |    + _ADC1_SchmittTriggerConfig: (4)
  22      |    |    |    |    + _assert_failed --> 16
          |    |    |    | 
  23      |    |    |    + _assert_failed --> 16
          |    |    | 
  24      |    |    + _ADC1_StartConversion: (2)
  25      |    |    + _AdcGetCode: (6)
  26      |    |    |    + _ADC1_GetConversionValue: (7)
          |    |    | 
          |    | 
  27      |    + _Diff: (8)
  28      |    + _GPIO_ReadInputPin: (5)
          | 
  29      + _Adc_Config --> 12
  30      + _CPulse --> 2
  31      + _Clock_Config: (2)
  32      |    + _CLK_HSICmd: (3)
  33      |    |    + _assert_failed --> 16
          |    | 
  34      |    + _CLK_SYSCLKConfig: (3)
  35      |    |    + _assert_failed --> 16
          |    | 
          | 
  36      + _Diff --> 27
  37      + _Gpio_Config: (2)
  38      |    + _GPIO_Init: (6)
  39      |    |    + _assert_failed --> 16
          |    | 
  40      |    + _Gpio_CheckMode: (4)
  41      |    + _StopDrive: (2)
  42      |    |    + _GPIO_WriteLow: (5)
          |    | 
          | 
  43      + _LightControl: (4)
  44      |    + _Diff --> 27
  45      |    + _GPIO_WriteReverse --> 8
          | 
  46      + _StartDriveOR --> 3
  47      + _Timer_Config: (2)
  48      |    + _TIM2_Cmd: (3)
  49      |    |    + _assert_failed --> 16
          |    | 
  50      |    + _TIM2_ICInit: (7)
  51      |    |    + L3_TI1_Config: (6)
  52      |    |    + L5_TI2_Config: (3)
  53      |    |    + L7_TI3_Config: (3)
  54      |    |    + _TIM2_SetIC1Prescaler: (3)
  55      |    |    |    + _assert_failed --> 16
          |    |    | 
  56      |    |    + _TIM2_SetIC2Prescaler: (2)
  57      |    |    + _TIM2_SetIC3Prescaler: (2)
  58      |    |    + _assert_failed --> 16
          |    | 
  59      |    + _TIM2_ITConfig: (4)
  60      |    |    + _assert_failed --> 16
          |    | 
  61      |    + _TIM2_TimeBaseInit: (5)
  62      |    + _TIM4_Cmd: (3)
  63      |    |    + _assert_failed --> 16
          |    | 
  64      |    + _TIM4_ITConfig: (4)
  65      |    |    + _assert_failed --> 16
          |    | 
  66      |    + _TIM4_TimeBaseInit: (4)
  67      |    |    + _assert_failed --> 16
          |    | 
          | 
  68      + _ZeroPos: (2)
  69      |    + _StartDriveOR --> 3
          | 
  70      + _mainDeviceType: (2)
  71      + _motorGo: (2)
  72      |    + _DriveService: (4)
  73      |    |    + _MotorClose: (2)
  74      |    |    |    + _MotorStep: (2)
  75      |    |    |    |    + _MotorStepPhase: (3)
  76      |    |    |    |    + _MotorStepSetOverrun: (2)
  77      |    |    |    |    + _StopDrive --> 41
  78      |    |    |    |    + _phase_excite: (3)
  79      |    |    |    |    |    + _GPIO_WriteHigh: (5)
  80      |    |    |    |    |    + _GPIO_WriteLow --> 42
          |    |    |    |    | 
          |    |    |    | 
  81      |    |    |    + _StopDrive --> 41
          |    |    | 
  82      |    |    + _MotorStep --> 74
  83      |    |    + _StopDrive --> 41
          |    | 
          | 
  84      + _stepCalc: (6)
  85      + _waitPowerDelay: (2)
  86      |    + _GPIO_WriteHigh --> 79
  87      |    + _GPIO_WriteLow --> 42
          | 
       
  88 > _stepPrepare: (3)

  89 > f_ADC1_IRQHandler: (6)

  90 > f_AWU_IRQHandler: (6)

  91 > f_CLK_IRQHandler: (6)

  92 > f_EEPROM_EEC_IRQHandler: (6)

  93 > f_EXTI_PORTA_IRQHandler: (6)

  94 > f_EXTI_PORTB_IRQHandler: (6)

  95 > f_EXTI_PORTC_IRQHandler: (6)

  96 > f_EXTI_PORTD_IRQHandler: (6)

  97 > f_EXTI_PORTE_IRQHandler: (6)

  98 > f_I2C_IRQHandler: (6)

  99 > f_NonHandledInterrupt: (6)

 100 > f_SPI_IRQHandler: (6)

 101 > f_TIM1_CAP_COM_IRQHandler: (6)

 102 > f_TIM1_UPD_OVF_TRG_BRK_IRQHandler: (6)

 103 > f_TIM2_CAP_COM_IRQHandler: (12)
 104      + _OnCaptureTim2: (4)
 105      |    + _TIM2_ClearITPendingBit: (3)
 106      |    |    + _assert_failed --> 16
          |    | 
 107      |    + _TIM2_GetCapture1: (6)
 108      |    + _TIM2_GetITStatus: (5)
 109      |    |    + _assert_failed --> 16
          |    | 
 110      |    + _TIM2_ICInit --> 50
 111      |    + _TIM2_SetCounter: (2)
          | 
       
 112 > f_TIM2_UPD_OVF_BRK_IRQHandler: (12)
 113      + _OnCaptureOVTim2: (2)
 114      |    + _TIM2_ClearITPendingBit --> 105
          | 
       
 115 > f_TIM4_UPD_OVF_IRQHandler: (12)
 116      + _OnTimer4: (2)
 117      |    + _TIM4_ClearFlag: (3)
 118      |    |    + _assert_failed --> 16
          |    | 
 119      |    + _TIM4_ClearITPendingBit: (3)
 120      |    |    + _assert_failed --> 16
          |    | 
          | 
       
 121 > f_TLI_IRQHandler: (6)

 122 > f_TRAP_IRQHandler: (6)

 123 > f_UART1_RX_IRQHandler: (6)

 124 > f_UART1_TX_IRQHandler: (6)

 125   L3_TI1_Config --> 51

 126   L5_TI2_Config --> 52

 127   L7_TI3_Config --> 53

 128   _ADC1_ConversionConfig --> 15

 129   _ADC1_DeInit --> 13

 130   _ADC1_ExternalTriggerConfig --> 17

 131   _ADC1_GetConversionValue --> 26

 132   _ADC1_Init --> 14

 133   _ADC1_PrescalerConfig --> 19

 134   _ADC1_SchmittTriggerConfig --> 21

 135   _ADC1_StartConversion --> 24

 136   _AdcGetAvg --> 11

 137   _AdcGetCode --> 25

 138   _AdcService --> 10

 139   _Adc_Config --> 12

 140   _CLK_HSICmd --> 32

 141   _CLK_SYSCLKConfig --> 34

 142   _CPulse --> 2

 143   _Clock_Config --> 31

 144   _Diff --> 27

 145   _DriveService --> 72

 146   _GPIO_Init --> 38

 147   _GPIO_ReadInputPin --> 28

 148   _GPIO_WriteHigh --> 79

 149   _GPIO_WriteLow --> 42

 150   _GPIO_WriteReverse --> 8

 151   _Gpio_CheckMode --> 40

 152   _Gpio_Config --> 37

 153   _LightControl --> 43

 154   _MotorClose --> 73

 155   _MotorStep --> 74

 156   _MotorStepPhase --> 75

 157   _MotorStepSetOverrun --> 76

 158   _OnCaptureOVTim2 --> 113

 159   _OnCaptureTim2 --> 104

 160   _OnTimer4 --> 116

 161   _StartDriveOR --> 3

 162   _StopDrive --> 41

 163   _TIM2_ClearITPendingBit --> 105

 164   _TIM2_Cmd --> 48

 165   _TIM2_GetCapture1 --> 107

 166   _TIM2_GetITStatus --> 108

 167   _TIM2_ICInit --> 50

 168   _TIM2_ITConfig --> 59

 169   _TIM2_SetCounter --> 111

 170   _TIM2_SetIC1Prescaler --> 54

 171   _TIM2_SetIC2Prescaler --> 56

 172   _TIM2_SetIC3Prescaler --> 57

 173   _TIM2_TimeBaseInit --> 61

 174   _TIM4_ClearFlag --> 117

 175   _TIM4_ClearITPendingBit --> 119

 176   _TIM4_Cmd --> 62

 177   _TIM4_ITConfig --> 64

 178   _TIM4_TimeBaseInit --> 66

 179   _Timer_Config --> 47

 180   _ZeroPos --> 68

 181   _assert_failed --> 16

 182   _mainDeviceType --> 70

 183   _motorGo --> 71

 184   _phase_excite --> 78

 185   _stepCalc --> 84

 186   _waitPowerDelay --> 85



                               -------
                               Symbols
                               -------

_ADC1_ClearITPendingBit             ********   *** removed from Debug\stm8s_adc1_sub.o ***
_ADC1_Cmd                           ********   *** removed from Debug\stm8s_adc1_sub.o ***
_ADC1_ConversionConfig              00008b15   defined in Debug\stm8s_adc1_sub.o section .text
_ADC1_DeInit                        000088d4   defined in Debug\stm8s_adc1_sub.o section .text
                                               used in Debug\main5.o
_ADC1_ExternalTriggerConfig         00008b9a   defined in Debug\stm8s_adc1_sub.o section .text
_ADC1_GetConversionValue            00008be6   defined in Debug\stm8s_adc1_sub.o section .text
                                               used in Debug\main5.o
_ADC1_Init                          00008905   defined in Debug\stm8s_adc1_sub.o section .text
                                               used in Debug\main5.o
_ADC1_PrescalerConfig               00008a0a   defined in Debug\stm8s_adc1_sub.o section .text
_ADC1_SchmittTriggerConfig          00008a4a   defined in Debug\stm8s_adc1_sub.o section .text
_ADC1_StartConversion               00008be1   defined in Debug\stm8s_adc1_sub.o section .text
                                               used in Debug\main5.o
_Adc                                00000061   defined in Debug\main5.o section .ubsct
_AdcGetAvg                          0000866d   defined in Debug\main5.o section .text
_AdcGetCode                         00008611   defined in Debug\main5.o section .text
_AdcService                         00008685   defined in Debug\main5.o section .text
_Adc_Config                         00008626   defined in Debug\main5.o section .text
_CLKPrescTable                      000080aa   defined in Debug\stm8s_clk.o section .const
_CLK_AdjustHSICalibrationValue      ********   *** removed from Debug\stm8s_clk.o ***
_CLK_CCOCmd                         ********   *** removed from Debug\stm8s_clk.o ***
_CLK_CCOConfig                      ********   *** removed from Debug\stm8s_clk.o ***
_CLK_ClearITPendingBit              ********   *** removed from Debug\stm8s_clk.o ***
_CLK_ClockSecuritySystemEnable      ********   *** removed from Debug\stm8s_clk.o ***
_CLK_ClockSwitchCmd                 ********   *** removed from Debug\stm8s_clk.o ***
_CLK_ClockSwitchConfig              ********   *** removed from Debug\stm8s_clk.o ***
_CLK_DeInit                         ********   *** removed from Debug\stm8s_clk.o ***
_CLK_FastHaltWakeUpCmd              ********   *** removed from Debug\stm8s_clk.o ***
_CLK_GetClockFreq                   ********   *** removed from Debug\stm8s_clk.o ***
_CLK_GetFlagStatus                  ********   *** removed from Debug\stm8s_clk.o ***
_CLK_GetITStatus                    ********   *** removed from Debug\stm8s_clk.o ***
_CLK_GetSYSCLKSource                ********   *** removed from Debug\stm8s_clk.o ***
_CLK_HSECmd                         ********   *** removed from Debug\stm8s_clk.o ***
_CLK_HSICmd                         00008e0d   defined in Debug\stm8s_clk.o section .text
                                               used in Debug\main5.o
_CLK_HSIPrescalerConfig             ********   *** removed from Debug\stm8s_clk.o ***
_CLK_ITConfig                       ********   *** removed from Debug\stm8s_clk.o ***
_CLK_LSICmd                         ********   *** removed from Debug\stm8s_clk.o ***
_CLK_PeripheralClockConfig          ********   *** removed from Debug\stm8s_clk.o ***
_CLK_SWIMConfig                     ********   *** removed from Debug\stm8s_clk.o ***
_CLK_SYSCLKConfig                   00008e32   defined in Debug\stm8s_clk.o section .text
                                               used in Debug\main5.o
_CLK_SYSCLKEmergencyClear           ********   *** removed from Debug\stm8s_clk.o ***
_CLK_SlowActiveHaltWakeUpCmd        ********   *** removed from Debug\stm8s_clk.o ***
_CPulse                             000082ca   defined in Debug\main5.o section .text
_Clock_Config                       00008569   defined in Debug\main5.o section .text
_Diff                               000082d3   defined in Debug\main5.o section .text
_Drive                              0000009f   defined in Debug\main5.o section .ubsct
_DriveService                       0000846f   defined in Debug\main5.o section .text
_GPIO_DeInit                        ********   *** removed from Debug\stm8s_gpio.o ***
_GPIO_ExternalPullUpConfig          ********   *** removed from Debug\stm8s_gpio.o ***
_GPIO_Init                          00008e96   defined in Debug\stm8s_gpio.o section .text
                                               used in Debug\main5.o
_GPIO_ReadInputData                 ********   *** removed from Debug\stm8s_gpio.o ***
_GPIO_ReadInputPin                  00008f4b   defined in Debug\stm8s_gpio.o section .text
                                               used in Debug\main5.o
_GPIO_ReadOutputData                ********   *** removed from Debug\stm8s_gpio.o ***
_GPIO_Write                         ********   *** removed from Debug\stm8s_gpio.o ***
_GPIO_WriteHigh                     00008f35   defined in Debug\stm8s_gpio.o section .text
                                               used in Debug\main5.o
_GPIO_WriteLow                      00008f3c   defined in Debug\stm8s_gpio.o section .text
                                               used in Debug\main5.o
_GPIO_WriteReverse                  00008f44   defined in Debug\stm8s_gpio.o section .text
                                               used in Debug\main5.o
_Gpio_CheckMode                     00008572   defined in Debug\main5.o section .text
_Gpio_Config                        0000857a   defined in Debug\main5.o section .text
_HSIDivFactor                       000080a6   defined in Debug\stm8s_clk.o section .const
_IO_ADJ                             00000014   defined in Debug\main5.o section .bsct, initialized
_IO_BAT                             00000020   defined in Debug\main5.o section .bsct, initialized
_IO_BOOST                           00000023   defined in Debug\main5.o section .bsct, initialized
_IO_CHARGE                          00000026   defined in Debug\main5.o section .bsct, initialized
_IO_LED                             00000002   defined in Debug\main5.o section .bsct, initialized
_IO_MOD                             0000001d   defined in Debug\main5.o section .bsct, initialized
_IO_ORG                             00000005   defined in Debug\main5.o section .bsct, initialized
_IO_POWER                           0000001a   defined in Debug\main5.o section .bsct, initialized
_IO_SEN                             00000017   defined in Debug\main5.o section .bsct, initialized
_IO_X1                              00000008   defined in Debug\main5.o section .bsct, initialized
_IO_X2                              0000000b   defined in Debug\main5.o section .bsct, initialized
_IO_Y1                              0000000e   defined in Debug\main5.o section .bsct, initialized
_IO_Y2                              00000011   defined in Debug\main5.o section .bsct, initialized
_LightControl                       0000840a   defined in Debug\main5.o section .text
_MotorClose                         0000851f   defined in Debug\main5.o section .text
_MotorService                       00008426   defined in Debug\main5.o section .text
_MotorStep                          000084e4   defined in Debug\main5.o section .text
_MotorStepPhase                     000084a9   defined in Debug\main5.o section .text
_MotorStepSetOverrun                000084d4   defined in Debug\main5.o section .text
_OnCaptureOVTim2                    000086e6   defined in Debug\main5.o section .text
                                               used in Debug\stm8s_it.o
_OnCaptureTim2                      000086eb   defined in Debug\main5.o section .text
                                               used in Debug\stm8s_it.o
_OnTimer4                           000086ba   defined in Debug\main5.o section .text
                                               used in Debug\stm8s_it.o
_OnTimer_1S                         00008610   defined in Debug\main5.o section .text
_Pwm                                0000008f   defined in Debug\main5.o section .ubsct
_StartDriveOR                       0000837d   defined in Debug\main5.o section .text
_StopDrive                          00008448   defined in Debug\main5.o section .text
_TIM2_ARRPreloadConfig              ********   *** removed from Debug\stm8s_tim2_sub.o ***
_TIM2_CCxCmd                        ********   *** removed from Debug\stm8s_tim2_sub.o ***
_TIM2_ClearFlag                     ********   *** removed from Debug\stm8s_tim2_sub.o ***
_TIM2_ClearITPendingBit             00008dbd   defined in Debug\stm8s_tim2_sub.o section .text
                                               used in Debug\main5.o
_TIM2_Cmd                           00008ccb   defined in Debug\stm8s_tim2_sub.o section .text
                                               used in Debug\main5.o
_TIM2_DeInit                        ********   *** removed from Debug\stm8s_tim2_sub.o ***
_TIM2_ForcedOC1Config               ********   *** removed from Debug\stm8s_tim2_sub.o ***
_TIM2_ForcedOC2Config               ********   *** removed from Debug\stm8s_tim2_sub.o ***
_TIM2_ForcedOC3Config               ********   *** removed from Debug\stm8s_tim2_sub.o ***
_TIM2_GenerateEvent                 ********   *** removed from Debug\stm8s_tim2_sub.o ***
_TIM2_GetCapture1                   00008d62   defined in Debug\stm8s_tim2_sub.o section .text
                                               used in Debug\main5.o
_TIM2_GetCapture2                   ********   *** removed from Debug\stm8s_tim2_sub.o ***
_TIM2_GetCapture3                   ********   *** removed from Debug\stm8s_tim2_sub.o ***
_TIM2_GetCounter                    ********   *** removed from Debug\stm8s_tim2_sub.o ***
_TIM2_GetFlagStatus                 ********   *** removed from Debug\stm8s_tim2_sub.o ***
_TIM2_GetITStatus                   00008d7f   defined in Debug\stm8s_tim2_sub.o section .text
                                               used in Debug\main5.o
_TIM2_GetPrescaler                  ********   *** removed from Debug\stm8s_tim2_sub.o ***
_TIM2_ICInit                        00008c28   defined in Debug\stm8s_tim2_sub.o section .text
                                               used in Debug\main5.o
_TIM2_ITConfig                      00008cf0   defined in Debug\stm8s_tim2_sub.o section .text
                                               used in Debug\main5.o
_TIM2_OC1Init                       ********   *** removed from Debug\stm8s_tim2_sub.o ***
_TIM2_OC1PolarityConfig             ********   *** removed from Debug\stm8s_tim2_sub.o ***
_TIM2_OC1PreloadConfig              ********   *** removed from Debug\stm8s_tim2_sub.o ***
_TIM2_OC2Init                       ********   *** removed from Debug\stm8s_tim2_sub.o ***
_TIM2_OC2PolarityConfig             ********   *** removed from Debug\stm8s_tim2_sub.o ***
_TIM2_OC2PreloadConfig              ********   *** removed from Debug\stm8s_tim2_sub.o ***
_TIM2_OC3Init                       ********   *** removed from Debug\stm8s_tim2_sub.o ***
_TIM2_OC3PolarityConfig             ********   *** removed from Debug\stm8s_tim2_sub.o ***
_TIM2_OC3PreloadConfig              ********   *** removed from Debug\stm8s_tim2_sub.o ***
_TIM2_PWMIConfig                    ********   *** removed from Debug\stm8s_tim2_sub.o ***
_TIM2_PrescalerConfig               ********   *** removed from Debug\stm8s_tim2_sub.o ***
_TIM2_SelectOCxM                    ********   *** removed from Debug\stm8s_tim2_sub.o ***
_TIM2_SelectOnePulseMode            ********   *** removed from Debug\stm8s_tim2_sub.o ***
_TIM2_SetAutoreload                 ********   *** removed from Debug\stm8s_tim2_sub.o ***
_TIM2_SetCompare1                   ********   *** removed from Debug\stm8s_tim2_sub.o ***
_TIM2_SetCompare2                   ********   *** removed from Debug\stm8s_tim2_sub.o ***
_TIM2_SetCompare3                   ********   *** removed from Debug\stm8s_tim2_sub.o ***
_TIM2_SetCounter                    00008d2d   defined in Debug\stm8s_tim2_sub.o section .text
                                               used in Debug\main5.o
_TIM2_SetIC1Prescaler               00008d36   defined in Debug\stm8s_tim2_sub.o section .text
_TIM2_SetIC2Prescaler               00008d60   defined in Debug\stm8s_tim2_sub.o section .text
_TIM2_SetIC3Prescaler               00008d61   defined in Debug\stm8s_tim2_sub.o section .text
_TIM2_TimeBaseInit                  00008c18   defined in Debug\stm8s_tim2_sub.o section .text
                                               used in Debug\main5.o
_TIM2_UpdateDisableConfig           ********   *** removed from Debug\stm8s_tim2_sub.o ***
_TIM2_UpdateRequestConfig           ********   *** removed from Debug\stm8s_tim2_sub.o ***
_TIM4_ARRPreloadConfig              ********   *** removed from Debug\stm8s_tim4.o ***
_TIM4_ClearFlag                     00008ff0   defined in Debug\stm8s_tim4.o section .text
                                               used in Debug\main5.o
_TIM4_ClearITPendingBit             0000900a   defined in Debug\stm8s_tim4.o section .text
                                               used in Debug\main5.o
_TIM4_Cmd                           00008f93   defined in Debug\stm8s_tim4.o section .text
                                               used in Debug\main5.o
_TIM4_DeInit                        ********   *** removed from Debug\stm8s_tim4.o ***
_TIM4_GenerateEvent                 ********   *** removed from Debug\stm8s_tim4.o ***
_TIM4_GetCounter                    ********   *** removed from Debug\stm8s_tim4.o ***
_TIM4_GetFlagStatus                 ********   *** removed from Debug\stm8s_tim4.o ***
_TIM4_GetITStatus                   ********   *** removed from Debug\stm8s_tim4.o ***
_TIM4_GetPrescaler                  ********   *** removed from Debug\stm8s_tim4.o ***
_TIM4_ITConfig                      00008fb8   defined in Debug\stm8s_tim4.o section .text
                                               used in Debug\main5.o
_TIM4_PrescalerConfig               ********   *** removed from Debug\stm8s_tim4.o ***
_TIM4_SelectOnePulseMode            ********   *** removed from Debug\stm8s_tim4.o ***
_TIM4_SetAutoreload                 ********   *** removed from Debug\stm8s_tim4.o ***
_TIM4_SetCounter                    ********   *** removed from Debug\stm8s_tim4.o ***
_TIM4_TimeBaseInit                  00008f52   defined in Debug\stm8s_tim4.o section .text
                                               used in Debug\main5.o
_TIM4_UpdateDisableConfig           ********   *** removed from Debug\stm8s_tim4.o ***
_TIM4_UpdateRequestConfig           ********   *** removed from Debug\stm8s_tim4.o ***
_Table2                             ********   *** removed from Debug\table.o ***
_Ticks_1mS                          000000b9   defined in Debug\main5.o section .ubsct
_Ticks_50uS                         000000bb   defined in Debug\main5.o section .ubsct
_Timer                              00000059   defined in Debug\main5.o section .ubsct
_Timer_Config                       0000873c   defined in Debug\main5.o section .text
_UART1_ClearFlag                    ********   *** removed from Debug\stm8s_uart1.o ***
_UART1_ClearITPendingBit            ********   *** removed from Debug\stm8s_uart1.o ***
_UART1_Cmd                          ********   *** removed from Debug\stm8s_uart1.o ***
_UART1_DeInit                       ********   *** removed from Debug\stm8s_uart1.o ***
_UART1_GetFlagStatus                ********   *** removed from Debug\stm8s_uart1.o ***
_UART1_GetITStatus                  ********   *** removed from Debug\stm8s_uart1.o ***
_UART1_HalfDuplexCmd                ********   *** removed from Debug\stm8s_uart1.o ***
_UART1_ITConfig                     ********   *** removed from Debug\stm8s_uart1.o ***
_UART1_Init                         ********   *** removed from Debug\stm8s_uart1.o ***
_UART1_IrDACmd                      ********   *** removed from Debug\stm8s_uart1.o ***
_UART1_IrDAConfig                   ********   *** removed from Debug\stm8s_uart1.o ***
_UART1_LINBreakDetectionConfig      ********   *** removed from Debug\stm8s_uart1.o ***
_UART1_LINCmd                       ********   *** removed from Debug\stm8s_uart1.o ***
_UART1_ReceiveData8                 ********   *** removed from Debug\stm8s_uart1.o ***
_UART1_ReceiveData9                 ********   *** removed from Debug\stm8s_uart1.o ***
_UART1_ReceiverWakeUpCmd            ********   *** removed from Debug\stm8s_uart1.o ***
_UART1_SendBreak                    ********   *** removed from Debug\stm8s_uart1.o ***
_UART1_SendData8                    ********   *** removed from Debug\stm8s_uart1.o ***
_UART1_SendData9                    ********   *** removed from Debug\stm8s_uart1.o ***
_UART1_SetAddress                   ********   *** removed from Debug\stm8s_uart1.o ***
_UART1_SetGuardTime                 ********   *** removed from Debug\stm8s_uart1.o ***
_UART1_SetPrescaler                 ********   *** removed from Debug\stm8s_uart1.o ***
_UART1_SmartCardCmd                 ********   *** removed from Debug\stm8s_uart1.o ***
_UART1_SmartCardNACKCmd             ********   *** removed from Debug\stm8s_uart1.o ***
_UART1_WakeUpConfig                 ********   *** removed from Debug\stm8s_uart1.o ***
_ZeroPos                            000083f4   defined in Debug\main5.o section .text
__chan                              00000029   defined in Debug\main5.o section .bsct, initialized
__chanId                            00000033   defined in Debug\main5.o section .bsct, initialized
__chanSchmit                        0000002e   defined in Debug\main5.o section .bsct, initialized
__endmem                            000001ff   defined in command file
                                               *** not used ***
__endzp                             000000f2   defined in command file section .ubsct
                                               used in C:\Program Files (x86)\COSMIC\FSE_Compilers\CXSTM8\lib\crtsi0.sm8
__idesc__                           00008165   defined in linker section .init
                                               used in C:\Program Files (x86)\COSMIC\FSE_Compilers\CXSTM8\lib\crtsi0.sm8
__memory                            00000100   defined in command file section .bss
                                               used in C:\Program Files (x86)\COSMIC\FSE_Compilers\CXSTM8\lib\crtsi0.sm8
__stack                             000003ff   defined in command file
                                               used in C:\Program Files (x86)\COSMIC\FSE_Compilers\CXSTM8\lib\crtsi0.sm8
__startmem                          00000100   defined in command file section .bss
                                               *** not used ***
__stext                             000081a5   defined in C:\Program Files (x86)\COSMIC\FSE_Compilers\CXSTM8\lib\crtsi0.sm8 section .text
                                               used in Debug\stm8_interrupt_vector.o
__vectab                            00008000   defined in Debug\stm8_interrupt_vector.o section .const
_assert_failed                      000088cf   defined in Debug\main5.o section .text
                                               used in Debug\stm8s_adc1_sub.o
                                                       Debug\stm8s_tim2_sub.o
                                                       Debug\stm8s_clk.o
                                                       Debug\stm8s_gpio.o
                                                       Debug\stm8s_tim4.o
                                                       Debug\stm8s_uart1.o
_cvtTable                           ********   *** removed from Debug\table.o ***
_dutyInfo                           000000bc   defined in Debug\main5.o section .ubsct
_exit                               000081f3   defined in C:\Program Files (x86)\COSMIC\FSE_Compilers\CXSTM8\lib\crtsi0.sm8 section .text
_factory                            0000853d   defined in Debug\main5.o section .text
_ledint                             00000000   defined in Debug\main5.o section .bsct, initialized
_main                               000087b1   defined in Debug\main5.o section .text
                                               used in C:\Program Files (x86)\COSMIC\FSE_Compilers\CXSTM8\lib\crtsi0.sm8
_mainDeviceType                     00008770   defined in Debug\main5.o section .text
_motorGo                            00008772   defined in Debug\main5.o section .text
_motorWatch                         00000038   defined in Debug\main5.o section .ubsct
_phase_excite                       000081f5   defined in Debug\main5.o section .text
_stepCalc                           00008320   defined in Debug\main5.o section .text
_stepPrepare                        000082f8   defined in Debug\main5.o section .text
_waitPowerDelay                     00008363   defined in Debug\main5.o section .text
c_divsl                             ********   *** removed from (C:\Program Files (x86)\COSMIC\FSE_Compilers\CXSTM8\lib\libm0.sm8)ldiv.o ***
c_divul                             ********   *** removed from (C:\Program Files (x86)\COSMIC\FSE_Compilers\CXSTM8\lib\libm0.sm8)ldiv.o ***
c_fdiv                              0000909c   defined in (C:\Program Files (x86)\COSMIC\FSE_Compilers\CXSTM8\lib\libm0.sm8)fdiv.o section .text
                                               used in Debug\main5.o
c_fmul                              00009120   defined in (C:\Program Files (x86)\COSMIC\FSE_Compilers\CXSTM8\lib\libm0.sm8)fmul.o section .text
                                               used in Debug\main5.o
c_ftoi                              000091f5   defined in (C:\Program Files (x86)\COSMIC\FSE_Compilers\CXSTM8\lib\libm0.sm8)ftol.o section .text
                                               used in Debug\main5.o
c_ftol                              000091fb   defined in (C:\Program Files (x86)\COSMIC\FSE_Compilers\CXSTM8\lib\libm0.sm8)ftol.o section .text
c_imul                              00009257   defined in (C:\Program Files (x86)\COSMIC\FSE_Compilers\CXSTM8\lib\libm0.sm8)imul.o section .text
                                               used in Debug\main5.o
c_lcmp                              ********   *** removed from (C:\Program Files (x86)\COSMIC\FSE_Compilers\CXSTM8\lib\libm0.sm8)lcmp.o ***
c_lgneg                             ********   *** removed from (C:\Program Files (x86)\COSMIC\FSE_Compilers\CXSTM8\lib\libm0.sm8)lgneg.o ***
c_llsh                              ********   *** removed from (C:\Program Files (x86)\COSMIC\FSE_Compilers\CXSTM8\lib\libm0.sm8)llsh.o ***
c_lneg                              ********   *** removed from (C:\Program Files (x86)\COSMIC\FSE_Compilers\CXSTM8\lib\libm0.sm8)lneg.o ***
c_lreg                              000000e8   defined in (C:\Program Files (x86)\COSMIC\FSE_Compilers\CXSTM8\lib\libm0.sm8)lreg.o section .ubsct
                                               used in Debug\stm8s_clk.o
                                                       Debug\stm8s_uart1.o
                                                       (C:\Program Files (x86)\COSMIC\FSE_Compilers\CXSTM8\lib\libm0.sm8)fdiv.o
                                                       (C:\Program Files (x86)\COSMIC\FSE_Compilers\CXSTM8\lib\libm0.sm8)fmul.o
                                                       (C:\Program Files (x86)\COSMIC\FSE_Compilers\CXSTM8\lib\libm0.sm8)ftol.o
                                                       (C:\Program Files (x86)\COSMIC\FSE_Compilers\CXSTM8\lib\libm0.sm8)lcmp.o
                                                       (C:\Program Files (x86)\COSMIC\FSE_Compilers\CXSTM8\lib\libm0.sm8)llsh.o
                                                       (C:\Program Files (x86)\COSMIC\FSE_Compilers\CXSTM8\lib\libm0.sm8)lsub.o
                                                       (C:\Program Files (x86)\COSMIC\FSE_Compilers\CXSTM8\lib\libm0.sm8)ltor.o
                                                       (C:\Program Files (x86)\COSMIC\FSE_Compilers\CXSTM8\lib\libm0.sm8)ldiv.o
                                                       (C:\Program Files (x86)\COSMIC\FSE_Compilers\CXSTM8\lib\libm0.sm8)lneg.o
                                                       (C:\Program Files (x86)\COSMIC\FSE_Compilers\CXSTM8\lib\libm0.sm8)lursh.o
                                                       (C:\Program Files (x86)\COSMIC\FSE_Compilers\CXSTM8\lib\libm0.sm8)rtol.o
                                                       (C:\Program Files (x86)\COSMIC\FSE_Compilers\CXSTM8\lib\libm0.sm8)smul.o
                                                       (C:\Program Files (x86)\COSMIC\FSE_Compilers\CXSTM8\lib\libm0.sm8)uitof.o
c_lsub                              ********   *** removed from (C:\Program Files (x86)\COSMIC\FSE_Compilers\CXSTM8\lib\libm0.sm8)lsub.o ***
c_ltor                              00009278   defined in (C:\Program Files (x86)\COSMIC\FSE_Compilers\CXSTM8\lib\libm0.sm8)ltor.o section .text
                                               used in Debug\main5.o
                                                       Debug\stm8s_clk.o
                                                       Debug\stm8s_uart1.o
c_ludv                              ********   *** removed from (C:\Program Files (x86)\COSMIC\FSE_Compilers\CXSTM8\lib\libm0.sm8)ludiv.o ***
c_lursh                             ********   *** removed from (C:\Program Files (x86)\COSMIC\FSE_Compilers\CXSTM8\lib\libm0.sm8)lursh.o ***
c_okdiv                             000090ac   defined in (C:\Program Files (x86)\COSMIC\FSE_Compilers\CXSTM8\lib\libm0.sm8)fdiv.o section .text
                                               *** not used ***
c_okmul                             0000912e   defined in (C:\Program Files (x86)\COSMIC\FSE_Compilers\CXSTM8\lib\libm0.sm8)fmul.o section .text
                                               *** not used ***
c_rtol                              0000928a   defined in (C:\Program Files (x86)\COSMIC\FSE_Compilers\CXSTM8\lib\libm0.sm8)rtol.o section .text
                                               used in Debug\main5.o
                                                       Debug\stm8s_clk.o
                                                       Debug\stm8s_uart1.o
c_sdivx                             000092a2   defined in (C:\Program Files (x86)\COSMIC\FSE_Compilers\CXSTM8\lib\libm0.sm8)sdivx.o section .text
                                               *** not used ***
c_smodx                             0000929c   defined in (C:\Program Files (x86)\COSMIC\FSE_Compilers\CXSTM8\lib\libm0.sm8)sdivx.o section .text
                                               used in Debug\main5.o
c_smul                              ********   *** removed from (C:\Program Files (x86)\COSMIC\FSE_Compilers\CXSTM8\lib\libm0.sm8)smul.o ***
c_uitof                             000092c7   defined in (C:\Program Files (x86)\COSMIC\FSE_Compilers\CXSTM8\lib\libm0.sm8)uitof.o section .text
                                               used in Debug\main5.o
c_x                                 000000ec   defined in (C:\Program Files (x86)\COSMIC\FSE_Compilers\CXSTM8\lib\libm0.sm8)xreg.o section .ubsct
                                               used in C:\Program Files (x86)\COSMIC\FSE_Compilers\CXSTM8\lib\crtsi0.sm8
                                                       Debug\stm8s_it.o
                                                       (C:\Program Files (x86)\COSMIC\FSE_Compilers\CXSTM8\lib\libm0.sm8)fdiv.o
                                                       (C:\Program Files (x86)\COSMIC\FSE_Compilers\CXSTM8\lib\libm0.sm8)fmul.o
                                                       (C:\Program Files (x86)\COSMIC\FSE_Compilers\CXSTM8\lib\libm0.sm8)imul.o
                                                       (C:\Program Files (x86)\COSMIC\FSE_Compilers\CXSTM8\lib\libm0.sm8)ldiv.o
                                                       (C:\Program Files (x86)\COSMIC\FSE_Compilers\CXSTM8\lib\libm0.sm8)sdivx.o
c_y                                 000000ef   defined in (C:\Program Files (x86)\COSMIC\FSE_Compilers\CXSTM8\lib\libm0.sm8)yreg.o section .ubsct
                                               used in C:\Program Files (x86)\COSMIC\FSE_Compilers\CXSTM8\lib\crtsi0.sm8
                                                       Debug\stm8s_it.o
f_ADC1_IRQHandler                   00009078   defined in Debug\stm8s_it.o section .text
                                               used in Debug\stm8_interrupt_vector.o
f_AWU_IRQHandler                    00009027   defined in Debug\stm8s_it.o section .text
                                               used in Debug\stm8_interrupt_vector.o
f_CLK_IRQHandler                    00009028   defined in Debug\stm8s_it.o section .text
                                               used in Debug\stm8_interrupt_vector.o
f_EEPROM_EEC_IRQHandler             0000909b   defined in Debug\stm8s_it.o section .text
                                               used in Debug\stm8_interrupt_vector.o
f_EXTI_PORTA_IRQHandler             00009029   defined in Debug\stm8s_it.o section .text
                                               used in Debug\stm8_interrupt_vector.o
f_EXTI_PORTB_IRQHandler             0000902a   defined in Debug\stm8s_it.o section .text
                                               used in Debug\stm8_interrupt_vector.o
f_EXTI_PORTC_IRQHandler             0000902b   defined in Debug\stm8s_it.o section .text
                                               used in Debug\stm8_interrupt_vector.o
f_EXTI_PORTD_IRQHandler             0000902c   defined in Debug\stm8s_it.o section .text
                                               used in Debug\stm8_interrupt_vector.o
f_EXTI_PORTE_IRQHandler             0000902d   defined in Debug\stm8s_it.o section .text
                                               used in Debug\stm8_interrupt_vector.o
f_I2C_IRQHandler                    00009077   defined in Debug\stm8s_it.o section .text
                                               used in Debug\stm8_interrupt_vector.o
f_NonHandledInterrupt               00009024   defined in Debug\stm8s_it.o section .text
                                               used in Debug\stm8_interrupt_vector.o
f_SPI_IRQHandler                    0000902e   defined in Debug\stm8s_it.o section .text
                                               used in Debug\stm8_interrupt_vector.o
f_TIM1_CAP_COM_IRQHandler           00009030   defined in Debug\stm8s_it.o section .text
                                               used in Debug\stm8_interrupt_vector.o
f_TIM1_UPD_OVF_TRG_BRK_IRQHandler   0000902f   defined in Debug\stm8s_it.o section .text
                                               used in Debug\stm8_interrupt_vector.o
f_TIM2_CAP_COM_IRQHandler           00009053   defined in Debug\stm8s_it.o section .text
                                               used in Debug\stm8_interrupt_vector.o
f_TIM2_UPD_OVF_BRK_IRQHandler       00009031   defined in Debug\stm8s_it.o section .text
                                               used in Debug\stm8_interrupt_vector.o
f_TIM4_UPD_OVF_IRQHandler           00009079   defined in Debug\stm8s_it.o section .text
                                               used in Debug\stm8_interrupt_vector.o
f_TLI_IRQHandler                    00009026   defined in Debug\stm8s_it.o section .text
                                               used in Debug\stm8_interrupt_vector.o
f_TRAP_IRQHandler                   00009025   defined in Debug\stm8s_it.o section .text
                                               used in Debug\stm8_interrupt_vector.o
f_UART1_RX_IRQHandler               00009076   defined in Debug\stm8s_it.o section .text
                                               used in Debug\stm8_interrupt_vector.o
f_UART1_TX_IRQHandler               00009075   defined in Debug\stm8s_it.o section .text
                                               used in Debug\stm8_interrupt_vector.o
