
Map of Debug\motordriver.sm8 from link file Debug\motordriver.lkf - Sat May 12 17:31:17 2018


                               --------
                               Segments
                               --------

start 00008080 end 00008195 length   277 segment .const
start 000081ab end 0000922b length  4224 segment .text
start 00004000 end 00004000 length     0 segment .eeprom
start 00000000 end 0000000e length    14 segment .bsct, initialized
start 0000819d end 000081ab length    14 segment .bsct, from
start 0000000e end 000000e3 length   213 segment .ubsct
start 000000e3 end 000000e3 length     0 segment .bit
start 000000e3 end 000000e3 length     0 segment .share
start 00000100 end 00000100 length     0 segment .data
start 00000100 end 00000100 length     0 segment .bss
start 00000000 end 00000984 length  2436 segment .info.
start 00000000 end 00009186 length 37254 segment .debug
start 00008000 end 00008080 length   128 segment .const
start 00008195 end 0000819d length     8 segment .init


                               -------
                               Modules
                               -------

C:\Program Files (x86)\COSMIC\FSE_Compilers\CXSTM8\lib\crtsi0.sm8:
start 000081ab end 000081fb length    80 section .text
start 00000100 end 00000100 length     0 section .bss
start 0000000e end 0000000e length     0 section .ubsct
start 00000000 end 0000002f length    47 section .info.

Debug\stm8s_tim2.o:
start 00000000 end 00002314 length  8980 section .debug
start 0000002f end 000000c5 length   150 section .info.
start 000081fb end 00008254 length    89 section .text
start 00008254 end 00008264 length    16 section .text
start ******** end ******** length     0 section .text *** removed ***
start ******** end ******** length     0 section .text *** removed ***
start ******** end ******** length     0 section .text *** removed ***
start ******** end ******** length     0 section .text *** removed ***
start 00008264 end 00008323 length   191 section .text
start 00008323 end 00008348 length    37 section .text
start 00008348 end 00008385 length    61 section .text
start ******** end ******** length     0 section .text *** removed ***
start ******** end ******** length     0 section .text *** removed ***
start ******** end ******** length     0 section .text *** removed ***
start ******** end ******** length     0 section .text *** removed ***
start ******** end ******** length     0 section .text *** removed ***
start ******** end ******** length     0 section .text *** removed ***
start ******** end ******** length     0 section .text *** removed ***
start ******** end ******** length     0 section .text *** removed ***
start ******** end ******** length     0 section .text *** removed ***
start ******** end ******** length     0 section .text *** removed ***
start ******** end ******** length     0 section .text *** removed ***
start ******** end ******** length     0 section .text *** removed ***
start ******** end ******** length     0 section .text *** removed ***
start ******** end ******** length     0 section .text *** removed ***
start ******** end ******** length     0 section .text *** removed ***
start ******** end ******** length     0 section .text *** removed ***
start ******** end ******** length     0 section .text *** removed ***
start ******** end ******** length     0 section .text *** removed ***
start ******** end ******** length     0 section .text *** removed ***
start ******** end ******** length     0 section .text *** removed ***
start ******** end ******** length     0 section .text *** removed ***
start ******** end ******** length     0 section .text *** removed ***
start 00008385 end 000083af length    42 section .text
start 000083af end 000083d9 length    42 section .text
start ******** end ******** length     0 section .text *** removed ***
start 000083d9 end 000083f6 length    29 section .text
start 000083f6 end 00008413 length    29 section .text
start ******** end ******** length     0 section .text *** removed ***
start ******** end ******** length     0 section .text *** removed ***
start ******** end ******** length     0 section .text *** removed ***
start ******** end ******** length     0 section .text *** removed ***
start ******** end ******** length     0 section .text *** removed ***
start 00008413 end 00008451 length    62 section .text
start 00008451 end 0000846f length    30 section .text
start 0000846f end 0000849f length    48 section .text
start 0000849f end 000084cf length    48 section .text
start ******** end ******** length     0 section .text *** removed ***
start 00008080 end 000080ab length    43 section .const

Debug\stm8s_adc1.o:
start 00002314 end 00003905 length  5617 section .debug
start 000000c5 end 0000015b length   150 section .info.
start 000084cf end 00008500 length    49 section .text
start 00008500 end 00008605 length   261 section .text
start ******** end ******** length     0 section .text *** removed ***
start ******** end ******** length     0 section .text *** removed ***
start ******** end ******** length     0 section .text *** removed ***
start ******** end ******** length     0 section .text *** removed ***
start 00008605 end 00008645 length    64 section .text
start 00008645 end 00008710 length   203 section .text
start 00008710 end 00008795 length   133 section .text
start 00008795 end 000087dc length    71 section .text
start 000087dc end 000087e1 length     5 section .text
start 000087e1 end 00008813 length    50 section .text
start ******** end ******** length     0 section .text *** removed ***
start ******** end ******** length     0 section .text *** removed ***
start ******** end ******** length     0 section .text *** removed ***
start ******** end ******** length     0 section .text *** removed ***
start ******** end ******** length     0 section .text *** removed ***
start ******** end ******** length     0 section .text *** removed ***
start ******** end ******** length     0 section .text *** removed ***
start ******** end ******** length     0 section .text *** removed ***
start ******** end ******** length     0 section .text *** removed ***
start 000080ab end 000080d6 length    43 section .const

Debug\stm8s_clk.o:
start 00003905 end 00004f74 length  5743 section .debug
start 0000015b end 000001f0 length   149 section .info.
start 000080d6 end 0000811d length    71 section .const
start 00008813 end 00008849 length    54 section .text
start ******** end ******** length     0 section .text *** removed ***
start ******** end ******** length     0 section .text *** removed ***
start 00008849 end 0000886e length    37 section .text
start ******** end ******** length     0 section .text *** removed ***
start ******** end ******** length     0 section .text *** removed ***
start ******** end ******** length     0 section .text *** removed ***
start ******** end ******** length     0 section .text *** removed ***
start ******** end ******** length     0 section .text *** removed ***
start ******** end ******** length     0 section .text *** removed ***
start 0000886e end 0000889e length    48 section .text
start ******** end ******** length     0 section .text *** removed ***
start ******** end ******** length     0 section .text *** removed ***
start 0000889e end 00008902 length   100 section .text
start ******** end ******** length     0 section .text *** removed ***
start ******** end ******** length     0 section .text *** removed ***
start ******** end ******** length     0 section .text *** removed ***
start ******** end ******** length     0 section .text *** removed ***
start ******** end ******** length     0 section .text *** removed ***
start ******** end ******** length     0 section .text *** removed ***
start ******** end ******** length     0 section .text *** removed ***
start ******** end ******** length     0 section .text *** removed ***
start ******** end ******** length     0 section .text *** removed ***

Debug\stm8s_gpio.o:
start 00004f74 end 0000597e length  2570 section .debug
start 000001f0 end 00000286 length   150 section .info.
start ******** end ******** length     0 section .text *** removed ***
start 00008902 end 000089a1 length   159 section .text
start ******** end ******** length     0 section .text *** removed ***
start 000089a1 end 000089a8 length     7 section .text
start 000089a8 end 000089b0 length     8 section .text
start 000089b0 end 000089b7 length     7 section .text
start ******** end ******** length     0 section .text *** removed ***
start ******** end ******** length     0 section .text *** removed ***
start ******** end ******** length     0 section .text *** removed ***
start ******** end ******** length     0 section .text *** removed ***
start 0000811d end 00008159 length    60 section .const

Debug\stm8s_tim4.o:
start 0000597e end 00006535 length  2999 section .debug
start 00000286 end 0000031c length   150 section .info.
start 000089b7 end 000089d0 length    25 section .text
start 000089d0 end 00008a11 length    65 section .text
start 00008a11 end 00008a36 length    37 section .text
start 00008a36 end 00008a6e length    56 section .text
start ******** end ******** length     0 section .text *** removed ***
start ******** end ******** length     0 section .text *** removed ***
start ******** end ******** length     0 section .text *** removed ***
start ******** end ******** length     0 section .text *** removed ***
start ******** end ******** length     0 section .text *** removed ***
start ******** end ******** length     0 section .text *** removed ***
start ******** end ******** length     0 section .text *** removed ***
start ******** end ******** length     0 section .text *** removed ***
start ******** end ******** length     0 section .text *** removed ***
start ******** end ******** length     0 section .text *** removed ***
start ******** end ******** length     0 section .text *** removed ***
start 00008a6e end 00008a88 length    26 section .text
start ******** end ******** length     0 section .text *** removed ***
start 00008a88 end 00008aa2 length    26 section .text
start 00008159 end 00008195 length    60 section .const

Debug\stm8s_uart1.o:
start 00006535 end 00007921 length  5100 section .debug
start 0000031c end 000003b3 length   151 section .info.
start ******** end ******** length     0 section .text *** removed ***
start ******** end ******** length     0 section .const *** removed ***
start ******** end ******** length     0 section .text *** removed ***
start ******** end ******** length     0 section .text *** removed ***
start ******** end ******** length     0 section .text *** removed ***
start ******** end ******** length     0 section .text *** removed ***
start ******** end ******** length     0 section .text *** removed ***
start ******** end ******** length     0 section .text *** removed ***
start ******** end ******** length     0 section .text *** removed ***
start ******** end ******** length     0 section .text *** removed ***
start ******** end ******** length     0 section .text *** removed ***
start ******** end ******** length     0 section .text *** removed ***
start ******** end ******** length     0 section .text *** removed ***
start ******** end ******** length     0 section .text *** removed ***
start ******** end ******** length     0 section .text *** removed ***
start ******** end ******** length     0 section .text *** removed ***
start ******** end ******** length     0 section .text *** removed ***
start ******** end ******** length     0 section .text *** removed ***
start ******** end ******** length     0 section .text *** removed ***
start ******** end ******** length     0 section .text *** removed ***
start ******** end ******** length     0 section .text *** removed ***
start ******** end ******** length     0 section .text *** removed ***
start ******** end ******** length     0 section .text *** removed ***
start ******** end ******** length     0 section .text *** removed ***
start ******** end ******** length     0 section .text *** removed ***
start ******** end ******** length     0 section .text *** removed ***

Debug\main.o:
start 00000000 end 0000000e length    14 section .bsct
start 0000000e end 000000d9 length   203 section .ubsct
start 00007921 end 0000893e length  4125 section .debug
start 000003b3 end 00000443 length   144 section .info.
start 00008aa2 end 00008b77 length   213 section .text
start 00008b77 end 00008b87 length    16 section .text
start 00008b87 end 00008bac length    37 section .text
start ******** end ******** length     0 section .text *** removed ***
start ******** end ******** length     0 section .text *** removed ***
start ******** end ******** length     0 section .text *** removed ***
start 00008bac end 00008c1d length   113 section .text
start 00008c1d end 00008c33 length    22 section .text
start 00008c33 end 00008c4f length    28 section .text
start ******** end ******** length     0 section .text *** removed ***
start 00008c4f end 00008c76 length    39 section .text
start 00008c76 end 00008cb2 length    60 section .text
start 00008cb2 end 00008ce0 length    46 section .text
start 00008ce0 end 00008d0b length    43 section .text
start 00008d0b end 00008d1b length    16 section .text
start 00008d1b end 00008d59 length    62 section .text
start 00008d59 end 00008d79 length    32 section .text
start 00008d79 end 00008d8a length    17 section .text
start 00008d8a end 00008dfc length   114 section .text
start ******** end ******** length     0 section .text *** removed ***
start 00008dfc end 00008e36 length    58 section .text
start 00008e36 end 00008e5a length    36 section .text
start 00008e5a end 00008e5f length     5 section .text
start 00008e5f end 00008eb7 length    88 section .text
start 00008eb7 end 00008ef1 length    58 section .text
start 00008ef1 end 00008ff0 length   255 section .text
start ******** end ******** length     0 section .text *** removed ***
start 00008ff0 end 00008ff5 length     5 section .text

Debug\stm8s_it.o:
start 0000893e end 00008f6e length  1584 section .debug
start 00000443 end 000004d7 length   148 section .info.
start 00008ff5 end 00008ff6 length     1 section .text
start 00008ff6 end 00008ff7 length     1 section .text
start 00008ff7 end 00008ff8 length     1 section .text
start 00008ff8 end 00008ff9 length     1 section .text
start 00008ff9 end 00008ffa length     1 section .text
start 00008ffa end 00008ffb length     1 section .text
start 00008ffb end 00008ffc length     1 section .text
start 00008ffc end 00008ffd length     1 section .text
start 00008ffd end 00008ffe length     1 section .text
start 00008ffe end 00008fff length     1 section .text
start 00008fff end 00009000 length     1 section .text
start 00009000 end 00009001 length     1 section .text
start 00009001 end 00009002 length     1 section .text
start 00009002 end 00009024 length    34 section .text
start 00009024 end 00009046 length    34 section .text
start 00009046 end 00009047 length     1 section .text
start 00009047 end 00009048 length     1 section .text
start 00009048 end 00009049 length     1 section .text
start 00009049 end 0000904a length     1 section .text
start 0000904a end 0000906c length    34 section .text
start 0000906c end 0000906d length     1 section .text

Debug\table.o:
start 00008f6e end 00009060 length   242 section .debug
start 000004d7 end 00000568 length   145 section .info.
start ******** end ******** length     0 section .const *** removed ***
start ******** end ******** length     0 section .text *** removed ***

(C:\Program Files (x86)\COSMIC\FSE_Compilers\CXSTM8\lib\libm0.sm8)cmulx.o:
start 0000906d end 00009081 length    20 section .text
start 00000568 end 00000597 length    47 section .info.

(C:\Program Files (x86)\COSMIC\FSE_Compilers\CXSTM8\lib\libm0.sm8)imul.o:
start ******** end ******** length     0 section .text *** removed ***
start 00000597 end 000005c5 length    46 section .info.

(C:\Program Files (x86)\COSMIC\FSE_Compilers\CXSTM8\lib\libm0.sm8)lcmp.o:
start ******** end ******** length     0 section .text *** removed ***
start 000005c5 end 000005f3 length    46 section .info.

(C:\Program Files (x86)\COSMIC\FSE_Compilers\CXSTM8\lib\libm0.sm8)llsh.o:
start ******** end ******** length     0 section .text *** removed ***
start 000005f3 end 00000621 length    46 section .info.

(C:\Program Files (x86)\COSMIC\FSE_Compilers\CXSTM8\lib\libm0.sm8)lreg.o:
start 000000d9 end 000000dd length     4 section .ubsct
start 00000621 end 0000064f length    46 section .info.

(C:\Program Files (x86)\COSMIC\FSE_Compilers\CXSTM8\lib\libm0.sm8)lsub.o:
start ******** end ******** length     0 section .text *** removed ***
start 0000064f end 0000067d length    46 section .info.

(C:\Program Files (x86)\COSMIC\FSE_Compilers\CXSTM8\lib\libm0.sm8)ltor.o:
start ******** end ******** length     0 section .text *** removed ***
start 0000067d end 000006ab length    46 section .info.

(C:\Program Files (x86)\COSMIC\FSE_Compilers\CXSTM8\lib\libm0.sm8)ludiv.o:
start 00009081 end 00009095 length    20 section .text
start 000006ab end 000006da length    47 section .info.

(C:\Program Files (x86)\COSMIC\FSE_Compilers\CXSTM8\lib\libm0.sm8)ldiv.o:
start 00009095 end 00009180 length   235 section .text
start 000006da end 00000708 length    46 section .info.

(C:\Program Files (x86)\COSMIC\FSE_Compilers\CXSTM8\lib\libm0.sm8)lgneg.o:
start 00009180 end 00009193 length    19 section .text
start 00000708 end 00000737 length    47 section .info.

(C:\Program Files (x86)\COSMIC\FSE_Compilers\CXSTM8\lib\libm0.sm8)lneg.o:
start 00009193 end 000091a8 length    21 section .text
start 00000737 end 00000765 length    46 section .info.

(C:\Program Files (x86)\COSMIC\FSE_Compilers\CXSTM8\lib\libm0.sm8)lursh.o:
start ******** end ******** length     0 section .text *** removed ***
start 00000765 end 00000794 length    47 section .info.

(C:\Program Files (x86)\COSMIC\FSE_Compilers\CXSTM8\lib\libm0.sm8)rtol.o:
start 000091a8 end 000091ba length    18 section .text
start 00000794 end 000007c2 length    46 section .info.

(C:\Program Files (x86)\COSMIC\FSE_Compilers\CXSTM8\lib\libm0.sm8)sdivx.o:
start 000091ba end 000091e5 length    43 section .text
start 000007c2 end 000007f1 length    47 section .info.

(C:\Program Files (x86)\COSMIC\FSE_Compilers\CXSTM8\lib\libm0.sm8)smul.o:
start 000091e5 end 00009224 length    63 section .text
start 000007f1 end 0000081f length    46 section .info.

(C:\Program Files (x86)\COSMIC\FSE_Compilers\CXSTM8\lib\libm0.sm8)utolx.o:
start 00009224 end 0000922b length     7 section .text
start 0000081f end 0000084e length    47 section .info.

(C:\Program Files (x86)\COSMIC\FSE_Compilers\CXSTM8\lib\libm0.sm8)xreg.o:
start 000000dd end 000000e0 length     3 section .ubsct
start 0000084e end 0000087c length    46 section .info.

(C:\Program Files (x86)\COSMIC\FSE_Compilers\CXSTM8\lib\libm0.sm8)yreg.o:
start 000000e0 end 000000e3 length     3 section .ubsct
start 0000087c end 000008aa length    46 section .info.

Debug\stm8_interrupt_vector.o:
start 00009060 end 00009186 length   294 section .debug
start 000008aa end 0000094b length   161 section .info.
start 00008000 end 00008080 length   128 section .const


                             -----------
                             Stack usage
                             -----------

Debug\main.o:
L735_Adc_Config                        24   (2)
_AdcService                            10   (2)
_CPulse                                 8   (2)
_Clock_Config                          12   (2)
_Diff                                   8   (8)
_DriveService                          16   (4)
_Gpio_Config                           15   (2)
_LightControl                          12   (4)
_MotorClose                            12   (2)
_MotorStep                             10   (2)
_MotorStepPhase                         3   (3)
_MotorStepSetOverrun                    2   (2)
_OnCaptureOVTim2                       12   (2)
_OnCaptureTim2                         16   (4)
_OnTimer4                              12   (2)
_StartDriveOR                          13   (5)
_StopDrive                              7   (2)
_Timer_Config                          21   (2)
_ZeroPos                               15   (2)
_assert_failed                          7   (7)
_main                              >   38   (14)
_phase_excite                           8   (3)

Debug\stm8s_adc1.o:
_ADC1_ConversionConfig                 12   (5)
_ADC1_DeInit                            2   (2)
_ADC1_ExternalTriggerConfig            11   (4)
_ADC1_GetConversionValue                7   (7)
_ADC1_Init                             22   (10)
_ADC1_PrescalerConfig                  10   (3)
_ADC1_SchmittTriggerConfig             11   (4)
_ADC1_StartConversion                   2   (2)

Debug\stm8s_clk.o:
_CLK_DeInit                             2   (2)
_CLK_HSICmd                            10   (3)
_CLK_HSIPrescalerConfig                10   (3)
_CLK_SYSCLKConfig                      10   (3)

Debug\stm8s_gpio.o:
_GPIO_Init                             13   (6)
_GPIO_WriteHigh                         5   (5)
_GPIO_WriteLow                          5   (5)
_GPIO_WriteReverse                      5   (5)

Debug\stm8s_it.o:
f_ADC1_IRQHandler                  >    6   (6)
f_AWU_IRQHandler                   >    6   (6)
f_CLK_IRQHandler                   >    6   (6)
f_EEPROM_EEC_IRQHandler            >    6   (6)
f_EXTI_PORTA_IRQHandler            >    6   (6)
f_EXTI_PORTB_IRQHandler            >    6   (6)
f_EXTI_PORTC_IRQHandler            >    6   (6)
f_EXTI_PORTD_IRQHandler            >    6   (6)
f_EXTI_PORTE_IRQHandler            >    6   (6)
f_I2C_IRQHandler                   >    6   (6)
f_NonHandledInterrupt              >    6   (6)
f_SPI_IRQHandler                   >    6   (6)
f_TIM1_CAP_COM_IRQHandler          >    6   (6)
f_TIM1_UPD_OVF_TRG_BRK_IRQHandler  >    6   (6)
f_TIM2_CAP_COM_IRQHandler          >   28   (12)
f_TIM2_UPD_OVF_BRK_IRQHandler      >   24   (12)
f_TIM4_UPD_OVF_IRQHandler          >   24   (12)
f_TLI_IRQHandler                   >    6   (6)
f_TRAP_IRQHandler                  >    6   (6)
f_UART1_RX_IRQHandler              >    6   (6)
f_UART1_TX_IRQHandler              >    6   (6)

Debug\stm8s_tim2.o:
L3_TI1_Config                           6   (6)
L5_TI2_Config                           6   (6)
_TIM2_ClearITPendingBit                10   (3)
_TIM2_Cmd                              10   (3)
_TIM2_DeInit                            2   (2)
_TIM2_GetCapture1                       6   (6)
_TIM2_GetCapture2                       6   (6)
_TIM2_GetITStatus                      12   (5)
_TIM2_ITConfig                         11   (4)
_TIM2_PWMIConfig                       19   (9)
_TIM2_SetIC1Prescaler                  10   (3)
_TIM2_SetIC2Prescaler                  10   (3)
_TIM2_TimeBaseInit                      5   (5)

Debug\stm8s_tim4.o:
_TIM4_ClearFlag                        10   (3)
_TIM4_ClearITPendingBit                10   (3)
_TIM4_Cmd                              10   (3)
_TIM4_DeInit                            2   (2)
_TIM4_ITConfig                         11   (4)
_TIM4_TimeBaseInit                     11   (4)

Stack size: 66


                              ---------
                              Call tree
                              ---------
   1 > __stext: (0)

   2 > _main: (14)
   3      + L735_Adc_Config: (2)
   4      |    + _ADC1_DeInit: (2)
   5      |    + _ADC1_GetConversionValue: (7)
   6      |    + _ADC1_Init: (10)
   7      |    |    + _ADC1_ConversionConfig: (5)
   8      |    |    |    + _assert_failed: (7)
          |    |    | 
   9      |    |    + _ADC1_ExternalTriggerConfig: (4)
  10      |    |    |    + _assert_failed --> 8
          |    |    | 
  11      |    |    + _ADC1_PrescalerConfig: (3)
  12      |    |    |    + _assert_failed --> 8
          |    |    | 
  13      |    |    + _ADC1_SchmittTriggerConfig: (4)
  14      |    |    |    + _assert_failed --> 8
          |    |    | 
  15      |    |    + _assert_failed --> 8
          |    | 
  16      |    + _ADC1_StartConversion: (2)
          | 
  17      + _AdcService: (2)
  18      |    + _Diff: (8)
          | 
  19      + _CPulse: (2)
  20      + _Clock_Config: (2)
  21      |    + _CLK_DeInit: (2)
  22      |    + _CLK_HSICmd: (3)
  23      |    |    + _assert_failed --> 8
          |    | 
  24      |    + _CLK_HSIPrescalerConfig: (3)
  25      |    |    + _assert_failed --> 8
          |    | 
  26      |    + _CLK_SYSCLKConfig: (3)
  27      |    |    + _assert_failed --> 8
          |    | 
          | 
  28      + _Diff --> 18
  29      + _DriveService: (4)
  30      |    + _MotorClose: (2)
  31      |    |    + _MotorStep: (2)
  32      |    |    |    + _MotorStepPhase: (3)
  33      |    |    |    + _MotorStepSetOverrun: (2)
  34      |    |    |    + _StopDrive: (2)
  35      |    |    |    |    + _GPIO_WriteLow: (5)
          |    |    |    | 
  36      |    |    |    + _phase_excite: (3)
  37      |    |    |    |    + _GPIO_WriteHigh: (5)
  38      |    |    |    |    + _GPIO_WriteLow --> 35
          |    |    |    | 
          |    |    | 
  39      |    |    + _StopDrive --> 34
          |    | 
  40      |    + _MotorStep --> 31
  41      |    + _StopDrive --> 34
          | 
  42      + _Gpio_Config: (2)
  43      |    + _GPIO_Init: (6)
  44      |    |    + _assert_failed --> 8
          |    | 
  45      |    + _StopDrive --> 34
          | 
  46      + _LightControl: (4)
  47      |    + _Diff --> 18
  48      |    + _GPIO_WriteReverse: (5)
          | 
  49      + _StopDrive --> 34
  50      + _Timer_Config: (2)
  51      |    + _TIM2_Cmd: (3)
  52      |    |    + _assert_failed --> 8
          |    | 
  53      |    + _TIM2_DeInit: (2)
  54      |    + _TIM2_ITConfig: (4)
  55      |    |    + _assert_failed --> 8
          |    | 
  56      |    + _TIM2_PWMIConfig: (9)
  57      |    |    + L3_TI1_Config: (6)
  58      |    |    + L5_TI2_Config: (6)
  59      |    |    + _TIM2_SetIC1Prescaler: (3)
  60      |    |    |    + _assert_failed --> 8
          |    |    | 
  61      |    |    + _TIM2_SetIC2Prescaler: (3)
  62      |    |    |    + _assert_failed --> 8
          |    |    | 
  63      |    |    + _assert_failed --> 8
          |    | 
  64      |    + _TIM2_TimeBaseInit: (5)
  65      |    + _TIM4_Cmd: (3)
  66      |    |    + _assert_failed --> 8
          |    | 
  67      |    + _TIM4_DeInit: (2)
  68      |    + _TIM4_ITConfig: (4)
  69      |    |    + _assert_failed --> 8
          |    | 
  70      |    + _TIM4_TimeBaseInit: (4)
  71      |    |    + _assert_failed --> 8
          |    | 
          | 
  72      + _ZeroPos: (2)
  73      |    + _StartDriveOR: (5)
  74      |    |    + _CPulse --> 19
          |    | 
          | 
       
  75 > f_ADC1_IRQHandler: (6)

  76 > f_AWU_IRQHandler: (6)

  77 > f_CLK_IRQHandler: (6)

  78 > f_EEPROM_EEC_IRQHandler: (6)

  79 > f_EXTI_PORTA_IRQHandler: (6)

  80 > f_EXTI_PORTB_IRQHandler: (6)

  81 > f_EXTI_PORTC_IRQHandler: (6)

  82 > f_EXTI_PORTD_IRQHandler: (6)

  83 > f_EXTI_PORTE_IRQHandler: (6)

  84 > f_I2C_IRQHandler: (6)

  85 > f_NonHandledInterrupt: (6)

  86 > f_SPI_IRQHandler: (6)

  87 > f_TIM1_CAP_COM_IRQHandler: (6)

  88 > f_TIM1_UPD_OVF_TRG_BRK_IRQHandler: (6)

  89 > f_TIM2_CAP_COM_IRQHandler: (12)
  90      + _OnCaptureTim2: (4)
  91      |    + _TIM2_ClearITPendingBit: (3)
  92      |    |    + _assert_failed --> 8
          |    | 
  93      |    + _TIM2_GetCapture1: (6)
  94      |    + _TIM2_GetCapture2: (6)
  95      |    + _TIM2_GetITStatus: (5)
  96      |    |    + _assert_failed --> 8
          |    | 
          | 
       
  97 > f_TIM2_UPD_OVF_BRK_IRQHandler: (12)
  98      + _OnCaptureOVTim2: (2)
  99      |    + _TIM2_ClearITPendingBit --> 91
          | 
       
 100 > f_TIM4_UPD_OVF_IRQHandler: (12)
 101      + _OnTimer4: (2)
 102      |    + _TIM4_ClearFlag: (3)
 103      |    |    + _assert_failed --> 8
          |    | 
 104      |    + _TIM4_ClearITPendingBit: (3)
 105      |    |    + _assert_failed --> 8
          |    | 
          | 
       
 106 > f_TLI_IRQHandler: (6)

 107 > f_TRAP_IRQHandler: (6)

 108 > f_UART1_RX_IRQHandler: (6)

 109 > f_UART1_TX_IRQHandler: (6)

 110   L3_TI1_Config --> 57

 111   L5_TI2_Config --> 58

 112   L735_Adc_Config --> 3

 113   _ADC1_ConversionConfig --> 7

 114   _ADC1_DeInit --> 4

 115   _ADC1_ExternalTriggerConfig --> 9

 116   _ADC1_GetConversionValue --> 5

 117   _ADC1_Init --> 6

 118   _ADC1_PrescalerConfig --> 11

 119   _ADC1_SchmittTriggerConfig --> 13

 120   _ADC1_StartConversion --> 16

 121   _AdcService --> 17

 122   _CLK_DeInit --> 21

 123   _CLK_HSICmd --> 22

 124   _CLK_HSIPrescalerConfig --> 24

 125   _CLK_SYSCLKConfig --> 26

 126   _CPulse --> 19

 127   _Clock_Config --> 20

 128   _Diff --> 18

 129   _DriveService --> 29

 130   _GPIO_Init --> 43

 131   _GPIO_WriteHigh --> 37

 132   _GPIO_WriteLow --> 35

 133   _GPIO_WriteReverse --> 48

 134   _Gpio_Config --> 42

 135   _LightControl --> 46

 136   _MotorClose --> 30

 137   _MotorStep --> 31

 138   _MotorStepPhase --> 32

 139   _MotorStepSetOverrun --> 33

 140   _OnCaptureOVTim2 --> 98

 141   _OnCaptureTim2 --> 90

 142   _OnTimer4 --> 101

 143   _StartDriveOR --> 73

 144   _StopDrive --> 34

 145   _TIM2_ClearITPendingBit --> 91

 146   _TIM2_Cmd --> 51

 147   _TIM2_DeInit --> 53

 148   _TIM2_GetCapture1 --> 93

 149   _TIM2_GetCapture2 --> 94

 150   _TIM2_GetITStatus --> 95

 151   _TIM2_ITConfig --> 54

 152   _TIM2_PWMIConfig --> 56

 153   _TIM2_SetIC1Prescaler --> 59

 154   _TIM2_SetIC2Prescaler --> 61

 155   _TIM2_TimeBaseInit --> 64

 156   _TIM4_ClearFlag --> 102

 157   _TIM4_ClearITPendingBit --> 104

 158   _TIM4_Cmd --> 65

 159   _TIM4_DeInit --> 67

 160   _TIM4_ITConfig --> 68

 161   _TIM4_TimeBaseInit --> 70

 162   _Timer_Config --> 50

 163   _ZeroPos --> 72

 164   _assert_failed --> 8

 165   _phase_excite --> 36



                               -------
                               Symbols
                               -------

_ADC1_AWDChannelConfig              ********   *** removed from Debug\stm8s_adc1.o ***
_ADC1_ClearFlag                     ********   *** removed from Debug\stm8s_adc1.o ***
_ADC1_ClearITPendingBit             ********   *** removed from Debug\stm8s_adc1.o ***
_ADC1_Cmd                           ********   *** removed from Debug\stm8s_adc1.o ***
_ADC1_ConversionConfig              00008710   defined in Debug\stm8s_adc1.o section .text
_ADC1_DataBufferCmd                 ********   *** removed from Debug\stm8s_adc1.o ***
_ADC1_DeInit                        000084cf   defined in Debug\stm8s_adc1.o section .text
                                               used in Debug\main.o
_ADC1_ExternalTriggerConfig         00008795   defined in Debug\stm8s_adc1.o section .text
_ADC1_GetAWDChannelStatus           ********   *** removed from Debug\stm8s_adc1.o ***
_ADC1_GetBufferValue                ********   *** removed from Debug\stm8s_adc1.o ***
_ADC1_GetConversionValue            000087e1   defined in Debug\stm8s_adc1.o section .text
                                               used in Debug\main.o
_ADC1_GetFlagStatus                 ********   *** removed from Debug\stm8s_adc1.o ***
_ADC1_GetITStatus                   ********   *** removed from Debug\stm8s_adc1.o ***
_ADC1_ITConfig                      ********   *** removed from Debug\stm8s_adc1.o ***
_ADC1_Init                          00008500   defined in Debug\stm8s_adc1.o section .text
                                               used in Debug\main.o
_ADC1_PrescalerConfig               00008605   defined in Debug\stm8s_adc1.o section .text
_ADC1_ScanModeCmd                   ********   *** removed from Debug\stm8s_adc1.o ***
_ADC1_SchmittTriggerConfig          00008645   defined in Debug\stm8s_adc1.o section .text
_ADC1_SetHighThreshold              ********   *** removed from Debug\stm8s_adc1.o ***
_ADC1_SetLowThreshold               ********   *** removed from Debug\stm8s_adc1.o ***
_ADC1_StartConversion               000087dc   defined in Debug\stm8s_adc1.o section .text
                                               used in Debug\main.o
_Adc                                00000057   defined in Debug\main.o section .ubsct
_AdcService                         00008cb2   defined in Debug\main.o section .text
_CLKPrescTable                      000080da   defined in Debug\stm8s_clk.o section .const
_CLK_AdjustHSICalibrationValue      ********   *** removed from Debug\stm8s_clk.o ***
_CLK_CCOCmd                         ********   *** removed from Debug\stm8s_clk.o ***
_CLK_CCOConfig                      ********   *** removed from Debug\stm8s_clk.o ***
_CLK_ClearITPendingBit              ********   *** removed from Debug\stm8s_clk.o ***
_CLK_ClockSecuritySystemEnable      ********   *** removed from Debug\stm8s_clk.o ***
_CLK_ClockSwitchCmd                 ********   *** removed from Debug\stm8s_clk.o ***
_CLK_ClockSwitchConfig              ********   *** removed from Debug\stm8s_clk.o ***
_CLK_DeInit                         00008813   defined in Debug\stm8s_clk.o section .text
                                               used in Debug\main.o
_CLK_FastHaltWakeUpCmd              ********   *** removed from Debug\stm8s_clk.o ***
_CLK_GetClockFreq                   ********   *** removed from Debug\stm8s_clk.o ***
_CLK_GetFlagStatus                  ********   *** removed from Debug\stm8s_clk.o ***
_CLK_GetITStatus                    ********   *** removed from Debug\stm8s_clk.o ***
_CLK_GetSYSCLKSource                ********   *** removed from Debug\stm8s_clk.o ***
_CLK_HSECmd                         ********   *** removed from Debug\stm8s_clk.o ***
_CLK_HSICmd                         00008849   defined in Debug\stm8s_clk.o section .text
                                               used in Debug\main.o
_CLK_HSIPrescalerConfig             0000886e   defined in Debug\stm8s_clk.o section .text
                                               used in Debug\main.o
_CLK_ITConfig                       ********   *** removed from Debug\stm8s_clk.o ***
_CLK_LSICmd                         ********   *** removed from Debug\stm8s_clk.o ***
_CLK_PeripheralClockConfig          ********   *** removed from Debug\stm8s_clk.o ***
_CLK_SWIMConfig                     ********   *** removed from Debug\stm8s_clk.o ***
_CLK_SYSCLKConfig                   0000889e   defined in Debug\stm8s_clk.o section .text
                                               used in Debug\main.o
_CLK_SYSCLKEmergencyClear           ********   *** removed from Debug\stm8s_clk.o ***
_CLK_SlowActiveHaltWakeUpCmd        ********   *** removed from Debug\stm8s_clk.o ***
_CPulse                             00008b77   defined in Debug\main.o section .text
_Clock_Config                       00008d79   defined in Debug\main.o section .text
_Diff                               00008b87   defined in Debug\main.o section .text
_Drive                              00000074   defined in Debug\main.o section .ubsct
_DriveService                       00008c76   defined in Debug\main.o section .text
_GPIO_DeInit                        ********   *** removed from Debug\stm8s_gpio.o ***
_GPIO_ExternalPullUpConfig          ********   *** removed from Debug\stm8s_gpio.o ***
_GPIO_Init                          00008902   defined in Debug\stm8s_gpio.o section .text
                                               used in Debug\main.o
_GPIO_ReadInputData                 ********   *** removed from Debug\stm8s_gpio.o ***
_GPIO_ReadInputPin                  ********   *** removed from Debug\stm8s_gpio.o ***
_GPIO_ReadOutputData                ********   *** removed from Debug\stm8s_gpio.o ***
_GPIO_Write                         ********   *** removed from Debug\stm8s_gpio.o ***
_GPIO_WriteHigh                     000089a1   defined in Debug\stm8s_gpio.o section .text
                                               used in Debug\main.o
_GPIO_WriteLow                      000089a8   defined in Debug\stm8s_gpio.o section .text
                                               used in Debug\main.o
_GPIO_WriteReverse                  000089b0   defined in Debug\stm8s_gpio.o section .text
                                               used in Debug\main.o
_Gpio_Config                        00008d8a   defined in Debug\main.o section .text
_HSIDivFactor                       000080d6   defined in Debug\stm8s_clk.o section .const
_LightControl                       00008c33   defined in Debug\main.o section .text
_MotorClose                         00008d59   defined in Debug\main.o section .text
_MotorService                       ********   *** removed from Debug\main.o ***
_MotorStep                          00008d1b   defined in Debug\main.o section .text
_MotorStepPhase                     00008ce0   defined in Debug\main.o section .text
_MotorStepSetOverrun                00008d0b   defined in Debug\main.o section .text
_OnCaptureOVTim2                    00008e5a   defined in Debug\main.o section .text
                                               used in Debug\stm8s_it.o
_OnCaptureTim2                      00008e5f   defined in Debug\main.o section .text
                                               used in Debug\stm8s_it.o
_OnTimer4                           00008e36   defined in Debug\main.o section .text
                                               used in Debug\stm8s_it.o
_OnTimer_1S                         ********   *** removed from Debug\main.o ***
_PowerDelay_1mS                     00000003   defined in Debug\main.o section .bsct, initialized
_Pwm                                00000062   defined in Debug\main.o section .ubsct
_StartDriveOR                       00008bac   defined in Debug\main.o section .text
_StopDrive                          00008c4f   defined in Debug\main.o section .text
_TIM2_ARRPreloadConfig              ********   *** removed from Debug\stm8s_tim2.o ***
_TIM2_CCxCmd                        ********   *** removed from Debug\stm8s_tim2.o ***
_TIM2_ClearFlag                     ********   *** removed from Debug\stm8s_tim2.o ***
_TIM2_ClearITPendingBit             00008451   defined in Debug\stm8s_tim2.o section .text
                                               used in Debug\main.o
_TIM2_Cmd                           00008323   defined in Debug\stm8s_tim2.o section .text
                                               used in Debug\main.o
_TIM2_DeInit                        000081fb   defined in Debug\stm8s_tim2.o section .text
                                               used in Debug\main.o
_TIM2_ForcedOC1Config               ********   *** removed from Debug\stm8s_tim2.o ***
_TIM2_ForcedOC2Config               ********   *** removed from Debug\stm8s_tim2.o ***
_TIM2_ForcedOC3Config               ********   *** removed from Debug\stm8s_tim2.o ***
_TIM2_GenerateEvent                 ********   *** removed from Debug\stm8s_tim2.o ***
_TIM2_GetCapture1                   000083d9   defined in Debug\stm8s_tim2.o section .text
                                               used in Debug\main.o
_TIM2_GetCapture2                   000083f6   defined in Debug\stm8s_tim2.o section .text
                                               used in Debug\main.o
_TIM2_GetCapture3                   ********   *** removed from Debug\stm8s_tim2.o ***
_TIM2_GetCounter                    ********   *** removed from Debug\stm8s_tim2.o ***
_TIM2_GetFlagStatus                 ********   *** removed from Debug\stm8s_tim2.o ***
_TIM2_GetITStatus                   00008413   defined in Debug\stm8s_tim2.o section .text
                                               used in Debug\main.o
_TIM2_GetPrescaler                  ********   *** removed from Debug\stm8s_tim2.o ***
_TIM2_ICInit                        ********   *** removed from Debug\stm8s_tim2.o ***
_TIM2_ITConfig                      00008348   defined in Debug\stm8s_tim2.o section .text
                                               used in Debug\main.o
_TIM2_OC1Init                       ********   *** removed from Debug\stm8s_tim2.o ***
_TIM2_OC1PolarityConfig             ********   *** removed from Debug\stm8s_tim2.o ***
_TIM2_OC1PreloadConfig              ********   *** removed from Debug\stm8s_tim2.o ***
_TIM2_OC2Init                       ********   *** removed from Debug\stm8s_tim2.o ***
_TIM2_OC2PolarityConfig             ********   *** removed from Debug\stm8s_tim2.o ***
_TIM2_OC2PreloadConfig              ********   *** removed from Debug\stm8s_tim2.o ***
_TIM2_OC3Init                       ********   *** removed from Debug\stm8s_tim2.o ***
_TIM2_OC3PolarityConfig             ********   *** removed from Debug\stm8s_tim2.o ***
_TIM2_OC3PreloadConfig              ********   *** removed from Debug\stm8s_tim2.o ***
_TIM2_PWMIConfig                    00008264   defined in Debug\stm8s_tim2.o section .text
                                               used in Debug\main.o
_TIM2_PrescalerConfig               ********   *** removed from Debug\stm8s_tim2.o ***
_TIM2_SelectOCxM                    ********   *** removed from Debug\stm8s_tim2.o ***
_TIM2_SelectOnePulseMode            ********   *** removed from Debug\stm8s_tim2.o ***
_TIM2_SetAutoreload                 ********   *** removed from Debug\stm8s_tim2.o ***
_TIM2_SetCompare1                   ********   *** removed from Debug\stm8s_tim2.o ***
_TIM2_SetCompare2                   ********   *** removed from Debug\stm8s_tim2.o ***
_TIM2_SetCompare3                   ********   *** removed from Debug\stm8s_tim2.o ***
_TIM2_SetCounter                    ********   *** removed from Debug\stm8s_tim2.o ***
_TIM2_SetIC1Prescaler               00008385   defined in Debug\stm8s_tim2.o section .text
_TIM2_SetIC2Prescaler               000083af   defined in Debug\stm8s_tim2.o section .text
_TIM2_SetIC3Prescaler               ********   *** removed from Debug\stm8s_tim2.o ***
_TIM2_TimeBaseInit                  00008254   defined in Debug\stm8s_tim2.o section .text
                                               used in Debug\main.o
_TIM2_UpdateDisableConfig           ********   *** removed from Debug\stm8s_tim2.o ***
_TIM2_UpdateRequestConfig           ********   *** removed from Debug\stm8s_tim2.o ***
_TIM4_ARRPreloadConfig              ********   *** removed from Debug\stm8s_tim4.o ***
_TIM4_ClearFlag                     00008a6e   defined in Debug\stm8s_tim4.o section .text
                                               used in Debug\main.o
_TIM4_ClearITPendingBit             00008a88   defined in Debug\stm8s_tim4.o section .text
                                               used in Debug\main.o
_TIM4_Cmd                           00008a11   defined in Debug\stm8s_tim4.o section .text
                                               used in Debug\main.o
_TIM4_DeInit                        000089b7   defined in Debug\stm8s_tim4.o section .text
                                               used in Debug\main.o
_TIM4_GenerateEvent                 ********   *** removed from Debug\stm8s_tim4.o ***
_TIM4_GetCounter                    ********   *** removed from Debug\stm8s_tim4.o ***
_TIM4_GetFlagStatus                 ********   *** removed from Debug\stm8s_tim4.o ***
_TIM4_GetITStatus                   ********   *** removed from Debug\stm8s_tim4.o ***
_TIM4_GetPrescaler                  ********   *** removed from Debug\stm8s_tim4.o ***
_TIM4_ITConfig                      00008a36   defined in Debug\stm8s_tim4.o section .text
                                               used in Debug\main.o
_TIM4_PrescalerConfig               ********   *** removed from Debug\stm8s_tim4.o ***
_TIM4_SelectOnePulseMode            ********   *** removed from Debug\stm8s_tim4.o ***
_TIM4_SetAutoreload                 ********   *** removed from Debug\stm8s_tim4.o ***
_TIM4_SetCounter                    ********   *** removed from Debug\stm8s_tim4.o ***
_TIM4_TimeBaseInit                  000089d0   defined in Debug\stm8s_tim4.o section .text
                                               used in Debug\main.o
_TIM4_UpdateDisableConfig           ********   *** removed from Debug\stm8s_tim4.o ***
_TIM4_UpdateRequestConfig           ********   *** removed from Debug\stm8s_tim4.o ***
_Table2                             ********   *** removed from Debug\table.o ***
_Test                               ********   *** removed from Debug\main.o ***
_Ticks_1mS                          0000008f   defined in Debug\main.o section .ubsct
_Ticks_50uS                         00000091   defined in Debug\main.o section .ubsct
_Timer                              0000004f   defined in Debug\main.o section .ubsct
_Timer_Config                       00008eb7   defined in Debug\main.o section .text
_UART1_ClearFlag                    ********   *** removed from Debug\stm8s_uart1.o ***
_UART1_ClearITPendingBit            ********   *** removed from Debug\stm8s_uart1.o ***
_UART1_Cmd                          ********   *** removed from Debug\stm8s_uart1.o ***
_UART1_DeInit                       ********   *** removed from Debug\stm8s_uart1.o ***
_UART1_GetFlagStatus                ********   *** removed from Debug\stm8s_uart1.o ***
_UART1_GetITStatus                  ********   *** removed from Debug\stm8s_uart1.o ***
_UART1_HalfDuplexCmd                ********   *** removed from Debug\stm8s_uart1.o ***
_UART1_ITConfig                     ********   *** removed from Debug\stm8s_uart1.o ***
_UART1_Init                         ********   *** removed from Debug\stm8s_uart1.o ***
_UART1_IrDACmd                      ********   *** removed from Debug\stm8s_uart1.o ***
_UART1_IrDAConfig                   ********   *** removed from Debug\stm8s_uart1.o ***
_UART1_LINBreakDetectionConfig      ********   *** removed from Debug\stm8s_uart1.o ***
_UART1_LINCmd                       ********   *** removed from Debug\stm8s_uart1.o ***
_UART1_ReceiveData8                 ********   *** removed from Debug\stm8s_uart1.o ***
_UART1_ReceiveData9                 ********   *** removed from Debug\stm8s_uart1.o ***
_UART1_ReceiverWakeUpCmd            ********   *** removed from Debug\stm8s_uart1.o ***
_UART1_SendBreak                    ********   *** removed from Debug\stm8s_uart1.o ***
_UART1_SendData8                    ********   *** removed from Debug\stm8s_uart1.o ***
_UART1_SendData9                    ********   *** removed from Debug\stm8s_uart1.o ***
_UART1_SetAddress                   ********   *** removed from Debug\stm8s_uart1.o ***
_UART1_SetGuardTime                 ********   *** removed from Debug\stm8s_uart1.o ***
_UART1_SetPrescaler                 ********   *** removed from Debug\stm8s_uart1.o ***
_UART1_SmartCardCmd                 ********   *** removed from Debug\stm8s_uart1.o ***
_UART1_SmartCardNACKCmd             ********   *** removed from Debug\stm8s_uart1.o ***
_UART1_WakeUpConfig                 ********   *** removed from Debug\stm8s_uart1.o ***
_ZeroPos                            00008c1d   defined in Debug\main.o section .text
__chan                              00000005   defined in Debug\main.o section .bsct, initialized
__chanId                            0000000b   defined in Debug\main.o section .bsct, initialized
__chanSchmit                        00000008   defined in Debug\main.o section .bsct, initialized
__endmem                            000001ff   defined in command file
                                               *** not used ***
__endzp                             000000e3   defined in command file section .ubsct
                                               used in C:\Program Files (x86)\COSMIC\FSE_Compilers\CXSTM8\lib\crtsi0.sm8
__idesc__                           00008195   defined in linker section .init
                                               used in C:\Program Files (x86)\COSMIC\FSE_Compilers\CXSTM8\lib\crtsi0.sm8
__memory                            00000100   defined in command file section .bss
                                               used in C:\Program Files (x86)\COSMIC\FSE_Compilers\CXSTM8\lib\crtsi0.sm8
__stack                             000003ff   defined in command file
                                               used in C:\Program Files (x86)\COSMIC\FSE_Compilers\CXSTM8\lib\crtsi0.sm8
__startmem                          00000100   defined in command file section .bss
                                               *** not used ***
__stext                             000081ab   defined in C:\Program Files (x86)\COSMIC\FSE_Compilers\CXSTM8\lib\crtsi0.sm8 section .text
                                               used in Debug\stm8_interrupt_vector.o
__vectab                            00008000   defined in Debug\stm8_interrupt_vector.o section .const
_assert_failed                      00008ff0   defined in Debug\main.o section .text
                                               used in Debug\stm8s_tim2.o
                                                       Debug\stm8s_adc1.o
                                                       Debug\stm8s_clk.o
                                                       Debug\stm8s_gpio.o
                                                       Debug\stm8s_tim4.o
                                                       Debug\stm8s_uart1.o
_cvtTable                           ********   *** removed from Debug\table.o ***
_dutyBuffer                         00000097   defined in Debug\main.o section .ubsct
_exit                               000081f9   defined in C:\Program Files (x86)\COSMIC\FSE_Compilers\CXSTM8\lib\crtsi0.sm8 section .text
_iDuty                              00000096   defined in Debug\main.o section .ubsct
_iStep                              0000000e   defined in Debug\main.o section .ubsct
_ledint                             00000001   defined in Debug\main.o section .bsct, initialized
_mDuty                              00000092   defined in Debug\main.o section .ubsct
_mStep                              0000000f   defined in Debug\main.o section .ubsct
_main                               00008ef1   defined in Debug\main.o section .text
                                               used in C:\Program Files (x86)\COSMIC\FSE_Compilers\CXSTM8\lib\crtsi0.sm8
_nDuty                              00000000   defined in Debug\main.o section .bsct, initialized
_phase_excite                       00008aa2   defined in Debug\main.o section .text
_sDuty                              00000094   defined in Debug\main.o section .ubsct
_stepCalc                           ********   *** removed from Debug\main.o ***
_stepPrepare                        ********   *** removed from Debug\main.o ***
_tt                                 000000d7   defined in Debug\main.o section .ubsct
_waitPowerDelay                     ********   *** removed from Debug\main.o ***
c_cmulx                             0000906d   defined in (C:\Program Files (x86)\COSMIC\FSE_Compilers\CXSTM8\lib\libm0.sm8)cmulx.o section .text
                                               used in Debug\main.o
c_divsl                             00009095   defined in (C:\Program Files (x86)\COSMIC\FSE_Compilers\CXSTM8\lib\libm0.sm8)ldiv.o section .text
                                               *** not used ***
c_divul                             000090ac   defined in (C:\Program Files (x86)\COSMIC\FSE_Compilers\CXSTM8\lib\libm0.sm8)ldiv.o section .text
                                               used in (C:\Program Files (x86)\COSMIC\FSE_Compilers\CXSTM8\lib\libm0.sm8)ludiv.o
c_imul                              ********   *** removed from (C:\Program Files (x86)\COSMIC\FSE_Compilers\CXSTM8\lib\libm0.sm8)imul.o ***
c_lcmp                              ********   *** removed from (C:\Program Files (x86)\COSMIC\FSE_Compilers\CXSTM8\lib\libm0.sm8)lcmp.o ***
c_lgneg                             00009180   defined in (C:\Program Files (x86)\COSMIC\FSE_Compilers\CXSTM8\lib\libm0.sm8)lgneg.o section .text
                                               used in (C:\Program Files (x86)\COSMIC\FSE_Compilers\CXSTM8\lib\libm0.sm8)ldiv.o
c_llsh                              ********   *** removed from (C:\Program Files (x86)\COSMIC\FSE_Compilers\CXSTM8\lib\libm0.sm8)llsh.o ***
c_lneg                              00009193   defined in (C:\Program Files (x86)\COSMIC\FSE_Compilers\CXSTM8\lib\libm0.sm8)lneg.o section .text
                                               used in (C:\Program Files (x86)\COSMIC\FSE_Compilers\CXSTM8\lib\libm0.sm8)ldiv.o
c_lreg                              000000d9   defined in (C:\Program Files (x86)\COSMIC\FSE_Compilers\CXSTM8\lib\libm0.sm8)lreg.o section .ubsct
                                               used in Debug\stm8s_clk.o
                                                       Debug\stm8s_uart1.o
                                                       Debug\main.o
                                                       (C:\Program Files (x86)\COSMIC\FSE_Compilers\CXSTM8\lib\libm0.sm8)cmulx.o
                                                       (C:\Program Files (x86)\COSMIC\FSE_Compilers\CXSTM8\lib\libm0.sm8)lcmp.o
                                                       (C:\Program Files (x86)\COSMIC\FSE_Compilers\CXSTM8\lib\libm0.sm8)llsh.o
                                                       (C:\Program Files (x86)\COSMIC\FSE_Compilers\CXSTM8\lib\libm0.sm8)lsub.o
                                                       (C:\Program Files (x86)\COSMIC\FSE_Compilers\CXSTM8\lib\libm0.sm8)ltor.o
                                                       (C:\Program Files (x86)\COSMIC\FSE_Compilers\CXSTM8\lib\libm0.sm8)ldiv.o
                                                       (C:\Program Files (x86)\COSMIC\FSE_Compilers\CXSTM8\lib\libm0.sm8)lneg.o
                                                       (C:\Program Files (x86)\COSMIC\FSE_Compilers\CXSTM8\lib\libm0.sm8)lursh.o
                                                       (C:\Program Files (x86)\COSMIC\FSE_Compilers\CXSTM8\lib\libm0.sm8)rtol.o
                                                       (C:\Program Files (x86)\COSMIC\FSE_Compilers\CXSTM8\lib\libm0.sm8)smul.o
                                                       (C:\Program Files (x86)\COSMIC\FSE_Compilers\CXSTM8\lib\libm0.sm8)utolx.o
c_lsub                              ********   *** removed from (C:\Program Files (x86)\COSMIC\FSE_Compilers\CXSTM8\lib\libm0.sm8)lsub.o ***
c_ltor                              ********   *** removed from (C:\Program Files (x86)\COSMIC\FSE_Compilers\CXSTM8\lib\libm0.sm8)ltor.o ***
c_ludv                              00009081   defined in (C:\Program Files (x86)\COSMIC\FSE_Compilers\CXSTM8\lib\libm0.sm8)ludiv.o section .text
                                               used in Debug\stm8s_clk.o
                                                       Debug\stm8s_uart1.o
                                                       Debug\main.o
c_lursh                             ********   *** removed from (C:\Program Files (x86)\COSMIC\FSE_Compilers\CXSTM8\lib\libm0.sm8)lursh.o ***
c_rtol                              000091a8   defined in (C:\Program Files (x86)\COSMIC\FSE_Compilers\CXSTM8\lib\libm0.sm8)rtol.o section .text
                                               used in Debug\stm8s_clk.o
                                                       Debug\stm8s_uart1.o
                                                       Debug\main.o
c_sdivx                             000091c0   defined in (C:\Program Files (x86)\COSMIC\FSE_Compilers\CXSTM8\lib\libm0.sm8)sdivx.o section .text
                                               *** not used ***
c_smodx                             000091ba   defined in (C:\Program Files (x86)\COSMIC\FSE_Compilers\CXSTM8\lib\libm0.sm8)sdivx.o section .text
                                               used in Debug\main.o
c_smul                              000091e5   defined in (C:\Program Files (x86)\COSMIC\FSE_Compilers\CXSTM8\lib\libm0.sm8)smul.o section .text
                                               used in Debug\stm8s_uart1.o
                                                       Debug\main.o
c_uitolx                            00009224   defined in (C:\Program Files (x86)\COSMIC\FSE_Compilers\CXSTM8\lib\libm0.sm8)utolx.o section .text
                                               used in Debug\main.o
c_x                                 000000dd   defined in (C:\Program Files (x86)\COSMIC\FSE_Compilers\CXSTM8\lib\libm0.sm8)xreg.o section .ubsct
                                               used in C:\Program Files (x86)\COSMIC\FSE_Compilers\CXSTM8\lib\crtsi0.sm8
                                                       Debug\stm8s_it.o
                                                       (C:\Program Files (x86)\COSMIC\FSE_Compilers\CXSTM8\lib\libm0.sm8)imul.o
                                                       (C:\Program Files (x86)\COSMIC\FSE_Compilers\CXSTM8\lib\libm0.sm8)ldiv.o
                                                       (C:\Program Files (x86)\COSMIC\FSE_Compilers\CXSTM8\lib\libm0.sm8)sdivx.o
c_y                                 000000e0   defined in (C:\Program Files (x86)\COSMIC\FSE_Compilers\CXSTM8\lib\libm0.sm8)yreg.o section .ubsct
                                               used in C:\Program Files (x86)\COSMIC\FSE_Compilers\CXSTM8\lib\crtsi0.sm8
                                                       Debug\stm8s_it.o
f_ADC1_IRQHandler                   00009049   defined in Debug\stm8s_it.o section .text
                                               used in Debug\stm8_interrupt_vector.o
f_AWU_IRQHandler                    00008ff8   defined in Debug\stm8s_it.o section .text
                                               used in Debug\stm8_interrupt_vector.o
f_CLK_IRQHandler                    00008ff9   defined in Debug\stm8s_it.o section .text
                                               used in Debug\stm8_interrupt_vector.o
f_EEPROM_EEC_IRQHandler             0000906c   defined in Debug\stm8s_it.o section .text
                                               used in Debug\stm8_interrupt_vector.o
f_EXTI_PORTA_IRQHandler             00008ffa   defined in Debug\stm8s_it.o section .text
                                               used in Debug\stm8_interrupt_vector.o
f_EXTI_PORTB_IRQHandler             00008ffb   defined in Debug\stm8s_it.o section .text
                                               used in Debug\stm8_interrupt_vector.o
f_EXTI_PORTC_IRQHandler             00008ffc   defined in Debug\stm8s_it.o section .text
                                               used in Debug\stm8_interrupt_vector.o
f_EXTI_PORTD_IRQHandler             00008ffd   defined in Debug\stm8s_it.o section .text
                                               used in Debug\stm8_interrupt_vector.o
f_EXTI_PORTE_IRQHandler             00008ffe   defined in Debug\stm8s_it.o section .text
                                               used in Debug\stm8_interrupt_vector.o
f_I2C_IRQHandler                    00009048   defined in Debug\stm8s_it.o section .text
                                               used in Debug\stm8_interrupt_vector.o
f_NonHandledInterrupt               00008ff5   defined in Debug\stm8s_it.o section .text
                                               used in Debug\stm8_interrupt_vector.o
f_SPI_IRQHandler                    00008fff   defined in Debug\stm8s_it.o section .text
                                               used in Debug\stm8_interrupt_vector.o
f_TIM1_CAP_COM_IRQHandler           00009001   defined in Debug\stm8s_it.o section .text
                                               used in Debug\stm8_interrupt_vector.o
f_TIM1_UPD_OVF_TRG_BRK_IRQHandler   00009000   defined in Debug\stm8s_it.o section .text
                                               used in Debug\stm8_interrupt_vector.o
f_TIM2_CAP_COM_IRQHandler           00009024   defined in Debug\stm8s_it.o section .text
                                               used in Debug\stm8_interrupt_vector.o
f_TIM2_UPD_OVF_BRK_IRQHandler       00009002   defined in Debug\stm8s_it.o section .text
                                               used in Debug\stm8_interrupt_vector.o
f_TIM4_UPD_OVF_IRQHandler           0000904a   defined in Debug\stm8s_it.o section .text
                                               used in Debug\stm8_interrupt_vector.o
f_TLI_IRQHandler                    00008ff7   defined in Debug\stm8s_it.o section .text
                                               used in Debug\stm8_interrupt_vector.o
f_TRAP_IRQHandler                   00008ff6   defined in Debug\stm8s_it.o section .text
                                               used in Debug\stm8_interrupt_vector.o
f_UART1_RX_IRQHandler               00009047   defined in Debug\stm8s_it.o section .text
                                               used in Debug\stm8_interrupt_vector.o
f_UART1_TX_IRQHandler               00009046   defined in Debug\stm8s_it.o section .text
                                               used in Debug\stm8_interrupt_vector.o
