
Map of Debug\motordriver.sm8 from link file Debug\motordriver.lkf - Thu May 10 17:31:54 2018


                               --------
                               Segments
                               --------

start 00008080 end 00008171 length   241 segment .const
start 00008190 end 00009e54 length  7364 segment .text
start 00004000 end 00004000 length     0 segment .eeprom
start 00000000 end 00000017 length    23 segment .bsct, initialized
start 00008179 end 00008190 length    23 segment .bsct, from
start 00000017 end 000000da length   195 segment .ubsct
start 000000da end 000000da length     0 segment .bit
start 000000da end 000000da length     0 segment .share
start 00000100 end 00000100 length     0 segment .data
start 00000100 end 00000100 length     0 segment .bss
start 00000000 end 000009ef length  2543 segment .info.
start 00000000 end 0000864d length 34381 segment .debug
start 00008000 end 00008080 length   128 segment .const
start 00008171 end 00008179 length     8 segment .init


                               -------
                               Modules
                               -------

C:\Program Files (x86)\COSMIC\FSE_Compilers\CXSTM8\lib\crtsi0.sm8:
start 00008190 end 000081e0 length    80 section .text
start 00000100 end 00000100 length     0 section .bss
start 00000017 end 00000017 length     0 section .ubsct
start 00000000 end 0000002f length    47 section .info.

Debug\stm8s_adc1_sub.o:
start 000081e0 end 000085e3 length  1027 section .text
start 00000000 end 00000e48 length  3656 section .debug
start 0000002f end 000000c5 length   150 section .info.
start 00008080 end 00008091 length    17 section .const

Debug\stm8s_tim2_sub.o:
start 000085e3 end 00008aeb length  1288 section .text
start 00000e48 end 00002dcf length  8071 section .debug
start 000000c5 end 0000015b length   150 section .info.
start 00008091 end 000080a2 length    17 section .const

Debug\stm8s_clk.o:
start 00008aeb end 0000909f length  1460 section .text
start 00002dcf end 0000443e length  5743 section .debug
start 0000015b end 000001ec length   145 section .info.
start 000080a2 end 000080e9 length    71 section .const

Debug\stm8s_gpio.o:
start 0000909f end 000091a7 length   264 section .text
start 0000443e end 00004e48 length  2570 section .debug
start 000001ec end 0000027e length   146 section .info.
start 000080e9 end 00008125 length    60 section .const

Debug\stm8s_tim4.o:
start 000091a7 end 000093ed length   582 section .text
start 00004e48 end 000059ff length  2999 section .debug
start 0000027e end 00000310 length   146 section .info.
start 00008125 end 00008161 length    60 section .const

Debug\stm8s_uart1.o:
start ******** end ******** length     0 section .text *** removed ***
start 000059ff end 00006deb length  5100 section .debug
start 00000310 end 000003a3 length   147 section .info.
start ******** end ******** length     0 section .const *** removed ***

Debug\main.o:
start 000093ed end 00009bbc length  1999 section .text
start 00000000 end 00000017 length    23 section .bsct
start 00000017 end 000000d0 length   185 section .ubsct
start 00006deb end 00007e05 length  4122 section .debug
start 000003a3 end 0000042f length   140 section .info.
start 00008161 end 00008171 length    16 section .const

Debug\stm8s_it.o:
start 00009bbc end 00009c39 length   125 section .text
start 00007e05 end 00008435 length  1584 section .debug
start 0000042f end 000004bf length   144 section .info.

Debug\table.o:
start ******** end ******** length     0 section .text *** removed ***
start 00008435 end 00008527 length   242 section .debug
start 000004bf end 0000054c length   141 section .info.
start ******** end ******** length     0 section .const *** removed ***

(C:\Program Files (x86)\COSMIC\FSE_Compilers\CXSTM8\lib\libm0.sm8)cmulx.o:
start 00009c39 end 00009c4d length    20 section .text
start 0000054c end 0000057b length    47 section .info.

(C:\Program Files (x86)\COSMIC\FSE_Compilers\CXSTM8\lib\libm0.sm8)imul.o:
start 00009c4d end 00009c6e length    33 section .text
start 0000057b end 000005a9 length    46 section .info.

(C:\Program Files (x86)\COSMIC\FSE_Compilers\CXSTM8\lib\libm0.sm8)ladc.o:
start 00009c6e end 00009c7f length    17 section .text
start 000005a9 end 000005d7 length    46 section .info.

(C:\Program Files (x86)\COSMIC\FSE_Compilers\CXSTM8\lib\libm0.sm8)lcmp.o:
start 00009c7f end 00009c9f length    32 section .text
start 000005d7 end 00000605 length    46 section .info.

(C:\Program Files (x86)\COSMIC\FSE_Compilers\CXSTM8\lib\libm0.sm8)lgadc.o:
start 00009c9f end 00009caf length    16 section .text
start 00000605 end 00000634 length    47 section .info.

(C:\Program Files (x86)\COSMIC\FSE_Compilers\CXSTM8\lib\libm0.sm8)lgsub.o:
start 00009caf end 00009cc6 length    23 section .text
start 00000634 end 00000663 length    47 section .info.

(C:\Program Files (x86)\COSMIC\FSE_Compilers\CXSTM8\lib\libm0.sm8)llsh.o:
start ******** end ******** length     0 section .text *** removed ***
start 00000663 end 00000691 length    46 section .info.

(C:\Program Files (x86)\COSMIC\FSE_Compilers\CXSTM8\lib\libm0.sm8)lreg.o:
start 000000d0 end 000000d4 length     4 section .ubsct
start 00000691 end 000006bf length    46 section .info.

(C:\Program Files (x86)\COSMIC\FSE_Compilers\CXSTM8\lib\libm0.sm8)lsub.o:
start ******** end ******** length     0 section .text *** removed ***
start 000006bf end 000006ed length    46 section .info.

(C:\Program Files (x86)\COSMIC\FSE_Compilers\CXSTM8\lib\libm0.sm8)ltor.o:
start 00009cc6 end 00009cd8 length    18 section .text
start 000006ed end 0000071b length    46 section .info.

(C:\Program Files (x86)\COSMIC\FSE_Compilers\CXSTM8\lib\libm0.sm8)ludiv.o:
start 00009cd8 end 00009cec length    20 section .text
start 0000071b end 0000074a length    47 section .info.

(C:\Program Files (x86)\COSMIC\FSE_Compilers\CXSTM8\lib\libm0.sm8)ldiv.o:
start 00009cec end 00009dd7 length   235 section .text
start 0000074a end 00000778 length    46 section .info.

(C:\Program Files (x86)\COSMIC\FSE_Compilers\CXSTM8\lib\libm0.sm8)lgneg.o:
start 00009dd7 end 00009dea length    19 section .text
start 00000778 end 000007a7 length    47 section .info.

(C:\Program Files (x86)\COSMIC\FSE_Compilers\CXSTM8\lib\libm0.sm8)lneg.o:
start 00009dea end 00009dff length    21 section .text
start 000007a7 end 000007d5 length    46 section .info.

(C:\Program Files (x86)\COSMIC\FSE_Compilers\CXSTM8\lib\libm0.sm8)lursh.o:
start ******** end ******** length     0 section .text *** removed ***
start 000007d5 end 00000804 length    47 section .info.

(C:\Program Files (x86)\COSMIC\FSE_Compilers\CXSTM8\lib\libm0.sm8)rtol.o:
start 00009dff end 00009e11 length    18 section .text
start 00000804 end 00000832 length    46 section .info.

(C:\Program Files (x86)\COSMIC\FSE_Compilers\CXSTM8\lib\libm0.sm8)smul.o:
start ******** end ******** length     0 section .text *** removed ***
start 00000832 end 00000860 length    46 section .info.

(C:\Program Files (x86)\COSMIC\FSE_Compilers\CXSTM8\lib\libm0.sm8)utolx.o:
start 00009e11 end 00009e18 length     7 section .text
start 00000860 end 0000088f length    47 section .info.

(C:\Program Files (x86)\COSMIC\FSE_Compilers\CXSTM8\lib\libm0.sm8)umul.o:
start 00009e18 end 00009e54 length    60 section .text
start 0000088f end 000008bd length    46 section .info.

(C:\Program Files (x86)\COSMIC\FSE_Compilers\CXSTM8\lib\libm0.sm8)xreg.o:
start 000000d4 end 000000d7 length     3 section .ubsct
start 000008bd end 000008eb length    46 section .info.

(C:\Program Files (x86)\COSMIC\FSE_Compilers\CXSTM8\lib\libm0.sm8)yreg.o:
start 000000d7 end 000000da length     3 section .ubsct
start 000008eb end 00000919 length    46 section .info.

Debug\stm8_interrupt_vector.o:
start 00008527 end 0000864d length   294 section .debug
start 00000919 end 000009b6 length   157 section .info.
start 00008000 end 00008080 length   128 section .const


                             -----------
                             Stack usage
                             -----------

Debug\main.o:
L3_Adc_Config                          24   (2)
L5_Timer4_Config                       13   (2)
_AdcService                            10   (2)
_CPulse                                 7   (4)
_CStep                             >   20   (6)
_Clock_Config                          12   (2)
_Diff                                   8   (8)
_DriveService                          15   (4)
_Excitation_12Phase                     7   (2)
_Excitation_1Phase                 >    2   (2)
_Excitation_2Phase                 >    2   (2)
_Gpio_Config                           15   (2)
_MotorClose                            11   (2)
_MotorService                          14   (2)
_MotorStep                              9   (2)
_OnCaptureOVTim2                       14   (2)
_OnCaptureTim2                         23   (6)
_OnTimer4                              26   (2)
_OnTimer_1S                        >    2   (2)
_OnTimer_1mS                            2   (2)
_SAbs                              >    4   (4)
_StartDriveOR                          12   (5)
_StopDrive                              7   (2)
_assert_failed                          7   (7)
_main                              >   26   (2)

Debug\stm8s_adc1_sub.o:
_ADC1_ClearITPendingBit            >   12   (5)
_ADC1_Cmd                          >   10   (3)
_ADC1_ConversionConfig                 12   (5)
_ADC1_DeInit                            2   (2)
_ADC1_ExternalTriggerConfig            11   (4)
_ADC1_GetConversionValue                7   (7)
_ADC1_Init                             22   (10)
_ADC1_PrescalerConfig                  10   (3)
_ADC1_SchmittTriggerConfig             11   (4)
_ADC1_StartConversion                   2   (2)

Debug\stm8s_clk.o:
_CLK_AdjustHSICalibrationValue     >   10   (3)
_CLK_CCOCmd                        >   10   (3)
_CLK_CCOConfig                     >   10   (3)
_CLK_ClearITPendingBit             >   10   (3)
_CLK_ClockSecuritySystemEnable     >    2   (2)
_CLK_ClockSwitchCmd                >   10   (3)
_CLK_ClockSwitchConfig             >   17   (10)
_CLK_DeInit                             2   (2)
_CLK_FastHaltWakeUpCmd             >   10   (3)
_CLK_GetClockFreq                  >   25   (11)
_CLK_GetFlagStatus                 >   14   (7)
_CLK_GetITStatus                   >   11   (4)
_CLK_GetSYSCLKSource               >    2   (2)
_CLK_HSECmd                            10   (3)
_CLK_HSICmd                            10   (3)
_CLK_HSIPrescalerConfig                10   (3)
_CLK_ITConfig                      >   11   (4)
_CLK_LSICmd                            10   (3)
_CLK_PeripheralClockConfig         >   11   (4)
_CLK_SWIMConfig                    >   10   (3)
_CLK_SYSCLKConfig                      10   (3)
_CLK_SYSCLKEmergencyClear          >    2   (2)
_CLK_SlowActiveHaltWakeUpCmd       >   10   (3)

Debug\stm8s_gpio.o:
_GPIO_DeInit                       >    2   (2)
_GPIO_ExternalPullUpConfig         >   13   (6)
_GPIO_Init                             13   (6)
_GPIO_ReadInputData                >    2   (2)
_GPIO_ReadInputPin                      5   (5)
_GPIO_ReadOutputData               >    2   (2)
_GPIO_Write                        >    5   (5)
_GPIO_WriteHigh                         5   (5)
_GPIO_WriteLow                          5   (5)
_GPIO_WriteReverse                      5   (5)

Debug\stm8s_it.o:
f_ADC1_IRQHandler                  >    6   (6)
f_AWU_IRQHandler                   >    6   (6)
f_CLK_IRQHandler                   >    6   (6)
f_EEPROM_EEC_IRQHandler            >    6   (6)
f_EXTI_PORTA_IRQHandler            >    6   (6)
f_EXTI_PORTB_IRQHandler            >    6   (6)
f_EXTI_PORTC_IRQHandler            >    6   (6)
f_EXTI_PORTD_IRQHandler            >    6   (6)
f_EXTI_PORTE_IRQHandler            >    6   (6)
f_I2C_IRQHandler                   >    6   (6)
f_NonHandledInterrupt              >    6   (6)
f_SPI_IRQHandler                   >    6   (6)
f_TIM1_CAP_COM_IRQHandler          >    6   (6)
f_TIM1_UPD_OVF_TRG_BRK_IRQHandler  >    6   (6)
f_TIM2_CAP_COM_IRQHandler          >   35   (12)
f_TIM2_UPD_OVF_BRK_IRQHandler      >   26   (12)
f_TIM4_UPD_OVF_IRQHandler          >   38   (12)
f_TLI_IRQHandler                   >    6   (6)
f_TRAP_IRQHandler                  >    6   (6)
f_UART1_RX_IRQHandler              >    6   (6)
f_UART1_TX_IRQHandler              >    6   (6)

Debug\stm8s_tim2_sub.o:
L3_TI1_Config                           6   (6)
L5_TI2_Config                           3   (3)
L7_TI3_Config                           3   (3)
_TIM2_ARRPreloadConfig             >    2   (2)
_TIM2_CCxCmd                       >   11   (4)
_TIM2_ClearFlag                    >   11   (4)
_TIM2_ClearITPendingBit                10   (3)
_TIM2_Cmd                              10   (3)
_TIM2_DeInit                            2   (2)
_TIM2_ForcedOC1Config              >    2   (2)
_TIM2_ForcedOC2Config              >    2   (2)
_TIM2_ForcedOC3Config              >    2   (2)
_TIM2_GenerateEvent                >    2   (2)
_TIM2_GetCapture1                       6   (6)
_TIM2_GetCapture2                  >    2   (2)
_TIM2_GetCapture3                  >    2   (2)
_TIM2_GetCounter                   >    4   (4)
_TIM2_GetFlagStatus                >   13   (6)
_TIM2_GetITStatus                      12   (5)
_TIM2_GetPrescaler                 >    2   (2)
_TIM2_ICInit                           17   (7)
_TIM2_ITConfig                         11   (4)
_TIM2_OC1Init                      >    5   (5)
_TIM2_OC1PolarityConfig            >   10   (3)
_TIM2_OC1PreloadConfig             >    2   (2)
_TIM2_OC2Init                      >    5   (5)
_TIM2_OC2PolarityConfig            >   10   (3)
_TIM2_OC2PreloadConfig             >    2   (2)
_TIM2_OC3Init                      >    5   (5)
_TIM2_OC3PolarityConfig            >   10   (3)
_TIM2_OC3PreloadConfig             >    2   (2)
_TIM2_PWMIConfig                   >   19   (9)
_TIM2_PrescalerConfig              >    2   (2)
_TIM2_SelectOCxM                   >   11   (4)
_TIM2_SelectOnePulseMode           >    2   (2)
_TIM2_SetAutoreload                >    2   (2)
_TIM2_SetCompare1                  >    2   (2)
_TIM2_SetCompare2                  >    2   (2)
_TIM2_SetCompare3                  >    2   (2)
_TIM2_SetCounter                   >    2   (2)
_TIM2_SetIC1Prescaler                  10   (3)
_TIM2_SetIC2Prescaler                   2   (2)
_TIM2_SetIC3Prescaler                   2   (2)
_TIM2_TimeBaseInit                      5   (5)
_TIM2_UpdateDisableConfig          >    2   (2)
_TIM2_UpdateRequestConfig          >    2   (2)

Debug\stm8s_tim4.o:
_TIM4_ARRPreloadConfig             >   10   (3)
_TIM4_ClearFlag                    >   10   (3)
_TIM4_ClearITPendingBit                10   (3)
_TIM4_Cmd                              10   (3)
_TIM4_DeInit                            2   (2)
_TIM4_GenerateEvent                >   10   (3)
_TIM4_GetCounter                   >    2   (2)
_TIM4_GetFlagStatus                >   11   (4)
_TIM4_GetITStatus                  >   12   (5)
_TIM4_GetPrescaler                 >    2   (2)
_TIM4_ITConfig                         11   (4)
_TIM4_PrescalerConfig              >   11   (4)
_TIM4_SelectOnePulseMode           >   10   (3)
_TIM4_SetAutoreload                >    2   (2)
_TIM4_SetCounter                   >    2   (2)
_TIM4_TimeBaseInit                     11   (4)
_TIM4_UpdateDisableConfig          >   10   (3)
_TIM4_UpdateRequestConfig          >   10   (3)

Stack size: 64


                              ---------
                              Call tree
                              ---------
   1 > _ADC1_ClearITPendingBit: (5)
   2      + _assert_failed: (7)
       
   3 > _ADC1_Cmd: (3)
   4      + _assert_failed --> 2
       
   5 > _CLK_AdjustHSICalibrationValue: (3)
   6      + _assert_failed --> 2
       
   7 > _CLK_CCOCmd: (3)
   8      + _assert_failed --> 2
       
   9 > _CLK_CCOConfig: (3)
  10      + _assert_failed --> 2
       
  11 > _CLK_ClearITPendingBit: (3)
  12      + _assert_failed --> 2
       
  13 > _CLK_ClockSecuritySystemEnable: (2)

  14 > _CLK_ClockSwitchCmd: (3)
  15      + _assert_failed --> 2
       
  16 > _CLK_ClockSwitchConfig: (10)
  17      + _assert_failed --> 2
       
  18 > _CLK_FastHaltWakeUpCmd: (3)
  19      + _assert_failed --> 2
       
  20 > _CLK_GetClockFreq: (11)

  21 > _CLK_GetFlagStatus: (7)
  22      + _assert_failed --> 2
       
  23 > _CLK_GetITStatus: (4)
  24      + _assert_failed --> 2
       
  25 > _CLK_GetSYSCLKSource: (2)

  26 > _CLK_ITConfig: (4)
  27      + _assert_failed --> 2
       
  28 > _CLK_PeripheralClockConfig: (4)
  29      + _assert_failed --> 2
       
  30 > _CLK_SWIMConfig: (3)
  31      + _assert_failed --> 2
       
  32 > _CLK_SYSCLKEmergencyClear: (2)

  33 > _CLK_SlowActiveHaltWakeUpCmd: (3)
  34      + _assert_failed --> 2
       
  35 > _CStep: (6)

  36 > _Excitation_1Phase: (2)

  37 > _Excitation_2Phase: (2)

  38 > _GPIO_DeInit: (2)

  39 > _GPIO_ExternalPullUpConfig: (6)
  40      + _assert_failed --> 2
       
  41 > _GPIO_ReadInputData: (2)

  42 > _GPIO_ReadOutputData: (2)

  43 > _GPIO_Write: (5)

  44 > _OnTimer_1S: (2)

  45 > _SAbs: (4)

  46 > _TIM2_ARRPreloadConfig: (2)

  47 > _TIM2_CCxCmd: (4)
  48      + _assert_failed --> 2
       
  49 > _TIM2_ClearFlag: (4)
  50      + _assert_failed --> 2
       
  51 > _TIM2_ForcedOC1Config: (2)

  52 > _TIM2_ForcedOC2Config: (2)

  53 > _TIM2_ForcedOC3Config: (2)

  54 > _TIM2_GenerateEvent: (2)

  55 > _TIM2_GetCapture2: (2)

  56 > _TIM2_GetCapture3: (2)

  57 > _TIM2_GetCounter: (4)

  58 > _TIM2_GetFlagStatus: (6)
  59      + _assert_failed --> 2
       
  60 > _TIM2_GetPrescaler: (2)

  61 > _TIM2_OC1Init: (5)

  62 > _TIM2_OC1PolarityConfig: (3)
  63      + _assert_failed --> 2
       
  64 > _TIM2_OC1PreloadConfig: (2)

  65 > _TIM2_OC2Init: (5)

  66 > _TIM2_OC2PolarityConfig: (3)
  67      + _assert_failed --> 2
       
  68 > _TIM2_OC2PreloadConfig: (2)

  69 > _TIM2_OC3Init: (5)

  70 > _TIM2_OC3PolarityConfig: (3)
  71      + _assert_failed --> 2
       
  72 > _TIM2_OC3PreloadConfig: (2)

  73 > _TIM2_PWMIConfig: (9)
  74      + L3_TI1_Config: (6)
  75      + L5_TI2_Config: (3)
  76      + _TIM2_SetIC1Prescaler: (3)
  77      |    + _assert_failed --> 2
          | 
  78      + _TIM2_SetIC2Prescaler: (2)
  79      + _assert_failed --> 2
       
  80 > _TIM2_PrescalerConfig: (2)

  81 > _TIM2_SelectOCxM: (4)
  82      + _assert_failed --> 2
       
  83 > _TIM2_SelectOnePulseMode: (2)

  84 > _TIM2_SetAutoreload: (2)

  85 > _TIM2_SetCompare1: (2)

  86 > _TIM2_SetCompare2: (2)

  87 > _TIM2_SetCompare3: (2)

  88 > _TIM2_SetCounter: (2)

  89 > _TIM2_UpdateDisableConfig: (2)

  90 > _TIM2_UpdateRequestConfig: (2)

  91 > _TIM4_ARRPreloadConfig: (3)
  92      + _assert_failed --> 2
       
  93 > _TIM4_ClearFlag: (3)
  94      + _assert_failed --> 2
       
  95 > _TIM4_GenerateEvent: (3)
  96      + _assert_failed --> 2
       
  97 > _TIM4_GetCounter: (2)

  98 > _TIM4_GetFlagStatus: (4)
  99      + _assert_failed --> 2
       
 100 > _TIM4_GetITStatus: (5)
 101      + _assert_failed --> 2
       
 102 > _TIM4_GetPrescaler: (2)

 103 > _TIM4_PrescalerConfig: (4)
 104      + _assert_failed --> 2
       
 105 > _TIM4_SelectOnePulseMode: (3)
 106      + _assert_failed --> 2
       
 107 > _TIM4_SetAutoreload: (2)

 108 > _TIM4_SetCounter: (2)

 109 > _TIM4_UpdateDisableConfig: (3)
 110      + _assert_failed --> 2
       
 111 > _TIM4_UpdateRequestConfig: (3)
 112      + _assert_failed --> 2
       
 113 > __stext: (0)

 114 > _main: (2)
 115      + L3_Adc_Config: (2)
 116      |    + _ADC1_DeInit: (2)
 117      |    + _ADC1_GetConversionValue: (7)
 118      |    + _ADC1_Init: (10)
 119      |    |    + _ADC1_ConversionConfig: (5)
 120      |    |    |    + _assert_failed --> 2
          |    |    | 
 121      |    |    + _ADC1_ExternalTriggerConfig: (4)
 122      |    |    |    + _assert_failed --> 2
          |    |    | 
 123      |    |    + _ADC1_PrescalerConfig: (3)
 124      |    |    |    + _assert_failed --> 2
          |    |    | 
 125      |    |    + _ADC1_SchmittTriggerConfig: (4)
 126      |    |    |    + _assert_failed --> 2
          |    |    | 
 127      |    |    + _assert_failed --> 2
          |    | 
 128      |    + _ADC1_StartConversion: (2)
          | 
 129      + L5_Timer4_Config: (2)
 130      |    + _TIM4_Cmd: (3)
 131      |    |    + _assert_failed --> 2
          |    | 
 132      |    + _TIM4_DeInit: (2)
 133      |    + _TIM4_ITConfig: (4)
 134      |    |    + _assert_failed --> 2
          |    | 
 135      |    + _TIM4_TimeBaseInit: (4)
 136      |    |    + _assert_failed --> 2
          |    | 
          | 
 137      + _AdcService: (2)
 138      |    + _Diff: (8)
          | 
 139      + _CPulse: (4)
 140      + _Clock_Config: (2)
 141      |    + _CLK_DeInit: (2)
 142      |    + _CLK_HSECmd: (3)
 143      |    |    + _assert_failed --> 2
          |    | 
 144      |    + _CLK_HSICmd: (3)
 145      |    |    + _assert_failed --> 2
          |    | 
 146      |    + _CLK_HSIPrescalerConfig: (3)
 147      |    |    + _assert_failed --> 2
          |    | 
 148      |    + _CLK_LSICmd: (3)
 149      |    |    + _assert_failed --> 2
          |    | 
 150      |    + _CLK_SYSCLKConfig: (3)
 151      |    |    + _assert_failed --> 2
          |    | 
          | 
 152      + _Diff --> 138
 153      + _GPIO_WriteHigh: (5)
 154      + _GPIO_WriteLow: (5)
 155      + _GPIO_WriteReverse: (5)
 156      + _Gpio_Config: (2)
 157      |    + _GPIO_Init: (6)
 158      |    |    + _assert_failed --> 2
          |    | 
 159      |    + _GPIO_WriteLow --> 154
          | 
 160      + _MotorService: (2)
 161      |    + _CPulse --> 139
 162      |    + _StartDriveOR: (5)
 163      |    |    + _CPulse --> 139
          |    | 
          | 
 164      + _StartDriveOR --> 162
 165      + _StopDrive: (2)
 166      |    + _GPIO_WriteLow --> 154
          | 
 167      + _TIM2_Cmd: (3)
 168      |    + _assert_failed --> 2
          | 
 169      + _TIM2_DeInit: (2)
 170      + _TIM2_ICInit: (7)
 171      |    + L3_TI1_Config --> 74
 172      |    + L5_TI2_Config --> 75
 173      |    + L7_TI3_Config: (3)
 174      |    + _TIM2_SetIC1Prescaler --> 76
 175      |    + _TIM2_SetIC2Prescaler --> 78
 176      |    + _TIM2_SetIC3Prescaler: (2)
 177      |    + _assert_failed --> 2
          | 
 178      + _TIM2_ITConfig: (4)
 179      |    + _assert_failed --> 2
          | 
 180      + _TIM2_TimeBaseInit: (5)
       
 181 > f_ADC1_IRQHandler: (6)

 182 > f_AWU_IRQHandler: (6)

 183 > f_CLK_IRQHandler: (6)

 184 > f_EEPROM_EEC_IRQHandler: (6)

 185 > f_EXTI_PORTA_IRQHandler: (6)

 186 > f_EXTI_PORTB_IRQHandler: (6)

 187 > f_EXTI_PORTC_IRQHandler: (6)

 188 > f_EXTI_PORTD_IRQHandler: (6)

 189 > f_EXTI_PORTE_IRQHandler: (6)

 190 > f_I2C_IRQHandler: (6)

 191 > f_NonHandledInterrupt: (6)

 192 > f_SPI_IRQHandler: (6)

 193 > f_TIM1_CAP_COM_IRQHandler: (6)

 194 > f_TIM1_UPD_OVF_TRG_BRK_IRQHandler: (6)

 195 > f_TIM2_CAP_COM_IRQHandler: (12)
 196      + _OnCaptureTim2: (6)
 197      |    + _TIM2_ClearITPendingBit: (3)
 198      |    |    + _assert_failed --> 2
          |    | 
 199      |    + _TIM2_GetCapture1: (6)
 200      |    + _TIM2_GetITStatus: (5)
 201      |    |    + _assert_failed --> 2
          |    | 
 202      |    + _TIM2_ICInit --> 170
          | 
       
 203 > f_TIM2_UPD_OVF_BRK_IRQHandler: (12)
 204      + _OnCaptureOVTim2: (2)
 205      |    + _TIM2_ClearITPendingBit --> 197
 206      |    + _TIM2_GetITStatus --> 200
          | 
       
 207 > f_TIM4_UPD_OVF_IRQHandler: (12)
 208      + _OnTimer4: (2)
 209      |    + L3_Adc_Config --> 115
 210      |    + _DriveService: (4)
 211      |    |    + _MotorClose: (2)
 212      |    |    |    + _MotorStep: (2)
 213      |    |    |    |    + _Excitation_12Phase: (2)
 214      |    |    |    |    |    + _GPIO_WriteHigh --> 153
 215      |    |    |    |    |    + _GPIO_WriteLow --> 154
          |    |    |    |    | 
 216      |    |    |    |    + _StopDrive --> 165
          |    |    |    | 
 217      |    |    |    + _StopDrive --> 165
          |    |    | 
 218      |    |    + _MotorStep --> 212
 219      |    |    + _StopDrive --> 165
          |    | 
 220      |    + _GPIO_ReadInputPin: (5)
 221      |    + _OnTimer_1mS: (2)
          | 
 222      + _TIM4_ClearITPendingBit: (3)
 223      |    + _assert_failed --> 2
          | 
       
 224 > f_TLI_IRQHandler: (6)

 225 > f_TRAP_IRQHandler: (6)

 226 > f_UART1_RX_IRQHandler: (6)

 227 > f_UART1_TX_IRQHandler: (6)

 228   L3_Adc_Config --> 115

 229   L3_TI1_Config --> 74

 230   L5_TI2_Config --> 75

 231   L5_Timer4_Config --> 129

 232   L7_TI3_Config --> 173

 233   _ADC1_ConversionConfig --> 119

 234   _ADC1_DeInit --> 116

 235   _ADC1_ExternalTriggerConfig --> 121

 236   _ADC1_GetConversionValue --> 117

 237   _ADC1_Init --> 118

 238   _ADC1_PrescalerConfig --> 123

 239   _ADC1_SchmittTriggerConfig --> 125

 240   _ADC1_StartConversion --> 128

 241   _AdcService --> 137

 242   _CLK_DeInit --> 141

 243   _CLK_HSECmd --> 142

 244   _CLK_HSICmd --> 144

 245   _CLK_HSIPrescalerConfig --> 146

 246   _CLK_LSICmd --> 148

 247   _CLK_SYSCLKConfig --> 150

 248   _CPulse --> 139

 249   _Clock_Config --> 140

 250   _Diff --> 138

 251   _DriveService --> 210

 252   _Excitation_12Phase --> 213

 253   _GPIO_Init --> 157

 254   _GPIO_ReadInputPin --> 220

 255   _GPIO_WriteHigh --> 153

 256   _GPIO_WriteLow --> 154

 257   _GPIO_WriteReverse --> 155

 258   _Gpio_Config --> 156

 259   _MotorClose --> 211

 260   _MotorService --> 160

 261   _MotorStep --> 212

 262   _OnCaptureOVTim2 --> 204

 263   _OnCaptureTim2 --> 196

 264   _OnTimer4 --> 208

 265   _OnTimer_1mS --> 221

 266   _StartDriveOR --> 162

 267   _StopDrive --> 165

 268   _TIM2_ClearITPendingBit --> 197

 269   _TIM2_Cmd --> 167

 270   _TIM2_DeInit --> 169

 271   _TIM2_GetCapture1 --> 199

 272   _TIM2_GetITStatus --> 200

 273   _TIM2_ICInit --> 170

 274   _TIM2_ITConfig --> 178

 275   _TIM2_SetIC1Prescaler --> 76

 276   _TIM2_SetIC2Prescaler --> 78

 277   _TIM2_SetIC3Prescaler --> 176

 278   _TIM2_TimeBaseInit --> 180

 279   _TIM4_ClearITPendingBit --> 222

 280   _TIM4_Cmd --> 130

 281   _TIM4_DeInit --> 132

 282   _TIM4_ITConfig --> 133

 283   _TIM4_TimeBaseInit --> 135

 284   _assert_failed --> 2



                               -------
                               Symbols
                               -------

_ADC1_ClearITPendingBit             00008547   defined in Debug\stm8s_adc1_sub.o section .text
_ADC1_Cmd                           00008314   defined in Debug\stm8s_adc1_sub.o section .text
_ADC1_ConversionConfig              00008444   defined in Debug\stm8s_adc1_sub.o section .text
_ADC1_DeInit                        000081e0   defined in Debug\stm8s_adc1_sub.o section .text
                                               used in Debug\main.o
_ADC1_ExternalTriggerConfig         000084c9   defined in Debug\stm8s_adc1_sub.o section .text
_ADC1_GetConversionValue            00008515   defined in Debug\stm8s_adc1_sub.o section .text
                                               used in Debug\main.o
_ADC1_Init                          00008211   defined in Debug\stm8s_adc1_sub.o section .text
                                               used in Debug\main.o
_ADC1_PrescalerConfig               00008339   defined in Debug\stm8s_adc1_sub.o section .text
_ADC1_SchmittTriggerConfig          00008379   defined in Debug\stm8s_adc1_sub.o section .text
_ADC1_StartConversion               00008510   defined in Debug\stm8s_adc1_sub.o section .text
                                               used in Debug\main.o
_Adc                                00000069   defined in Debug\main.o section .ubsct
_AdcService                         00009627   defined in Debug\main.o section .text
_CLKPrescTable                      000080a6   defined in Debug\stm8s_clk.o section .const
_CLK_AdjustHSICalibrationValue      00008f7e   defined in Debug\stm8s_clk.o section .text
_CLK_CCOCmd                         00008bb5   defined in Debug\stm8s_clk.o section .text
_CLK_CCOConfig                      00008dda   defined in Debug\stm8s_clk.o section .text
_CLK_ClearITPendingBit              00009076   defined in Debug\stm8s_clk.o section .text
_CLK_ClockSecuritySystemEnable      00008f14   defined in Debug\stm8s_clk.o section .text
_CLK_ClockSwitchCmd                 00008bda   defined in Debug\stm8s_clk.o section .text
_CLK_ClockSwitchConfig              00008cc2   defined in Debug\stm8s_clk.o section .text
_CLK_DeInit                         00008aeb   defined in Debug\stm8s_clk.o section .text
                                               used in Debug\main.o
_CLK_FastHaltWakeUpCmd              00008b21   defined in Debug\stm8s_clk.o section .text
_CLK_GetClockFreq                   00008f1d   defined in Debug\stm8s_clk.o section .text
                                               used in Debug\stm8s_uart1.o
_CLK_GetFlagStatus                  00008fbd   defined in Debug\stm8s_clk.o section .text
_CLK_GetITStatus                    0000903d   defined in Debug\stm8s_clk.o section .text
_CLK_GetSYSCLKSource                00008f19   defined in Debug\stm8s_clk.o section .text
_CLK_HSECmd                         00008b46   defined in Debug\stm8s_clk.o section .text
                                               used in Debug\main.o
_CLK_HSICmd                         00008b6b   defined in Debug\stm8s_clk.o section .text
                                               used in Debug\main.o
_CLK_HSIPrescalerConfig             00008daa   defined in Debug\stm8s_clk.o section .text
                                               used in Debug\main.o
_CLK_ITConfig                       00008e32   defined in Debug\stm8s_clk.o section .text
_CLK_LSICmd                         00008b90   defined in Debug\stm8s_clk.o section .text
                                               used in Debug\main.o
_CLK_PeripheralClockConfig          00008c24   defined in Debug\stm8s_clk.o section .text
_CLK_SWIMConfig                     00008eef   defined in Debug\stm8s_clk.o section .text
_CLK_SYSCLKConfig                   00008e8b   defined in Debug\stm8s_clk.o section .text
                                               used in Debug\main.o
_CLK_SYSCLKEmergencyClear           00008fb8   defined in Debug\stm8s_clk.o section .text
_CLK_SlowActiveHaltWakeUpCmd        00008bff   defined in Debug\stm8s_clk.o section .text
_CPulse                             00009a80   defined in Debug\main.o section .text
_CStep                              00009a52   defined in Debug\main.o section .text
_Clock_Config                       00009a8b   defined in Debug\main.o section .text
_Counter                            000000ce   defined in Debug\main.o section .ubsct
_Dif                                000000c7   defined in Debug\main.o section .ubsct
_Diff                               00009689   defined in Debug\main.o section .text
_Drive                              00000088   defined in Debug\main.o section .ubsct
_DriveService                       00009945   defined in Debug\main.o section .text
_Duty                               000000b7   defined in Debug\main.o section .ubsct
_Excitation_12Phase                 00009988   defined in Debug\main.o section .text
_Excitation_1Phase                  00009a51   defined in Debug\main.o section .text
_Excitation_2Phase                  00009987   defined in Debug\main.o section .text
_GPIO_DeInit                        0000909f   defined in Debug\stm8s_gpio.o section .text
_GPIO_ExternalPullUpConfig          0000916e   defined in Debug\stm8s_gpio.o section .text
_GPIO_Init                          000090a7   defined in Debug\stm8s_gpio.o section .text
                                               used in Debug\main.o
_GPIO_ReadInputData                 00009164   defined in Debug\stm8s_gpio.o section .text
_GPIO_ReadInputPin                  00009167   defined in Debug\stm8s_gpio.o section .text
                                               used in Debug\main.o
_GPIO_ReadOutputData                00009162   defined in Debug\stm8s_gpio.o section .text
_GPIO_Write                         00009146   defined in Debug\stm8s_gpio.o section .text
_GPIO_WriteHigh                     0000914c   defined in Debug\stm8s_gpio.o section .text
                                               used in Debug\main.o
_GPIO_WriteLow                      00009153   defined in Debug\stm8s_gpio.o section .text
                                               used in Debug\main.o
_GPIO_WriteReverse                  0000915b   defined in Debug\stm8s_gpio.o section .text
                                               used in Debug\main.o
_Gpio_Config                        00009aa4   defined in Debug\main.o section .text
_HSIDivFactor                       000080a2   defined in Debug\stm8s_clk.o section .const
_MotorClose                         00009924   defined in Debug\main.o section .text
_MotorService                       00009604   defined in Debug\main.o section .text
_MotorStep                          000098b5   defined in Debug\main.o section .text
_OnCaptureOVTim2                    00009717   defined in Debug\main.o section .text
                                               used in Debug\stm8s_it.o
_OnCaptureTim2                      0000972d   defined in Debug\main.o section .text
                                               used in Debug\stm8s_it.o
_OnTimer4                           000096ce   defined in Debug\main.o section .text
                                               used in Debug\stm8s_it.o
_OnTimer_1S                         000096c0   defined in Debug\main.o section .text
_OnTimer_1mS                        000096c1   defined in Debug\main.o section .text
_PeriodNumber                       00000000   defined in Debug\main.o section .bsct, initialized
_PowerDelay_1mS                     00000014   defined in Debug\main.o section .bsct, initialized
_Pwm                                00000077   defined in Debug\main.o section .ubsct
_SAbs                               00009677   defined in Debug\main.o section .text
_StartDriveOR                       0000983e   defined in Debug\main.o section .text
_StopDrive                          00009819   defined in Debug\main.o section .text
_TIM2_ARRPreloadConfig              0000881a   defined in Debug\stm8s_tim2_sub.o section .text
_TIM2_CCxCmd                        00008891   defined in Debug\stm8s_tim2_sub.o section .text
_TIM2_ClearFlag                     00008a34   defined in Debug\stm8s_tim2_sub.o section .text
_TIM2_ClearITPendingBit             00008a9b   defined in Debug\stm8s_tim2_sub.o section .text
                                               used in Debug\main.o
_TIM2_Cmd                           000087b1   defined in Debug\stm8s_tim2_sub.o section .text
                                               used in Debug\main.o
_TIM2_DeInit                        000085e3   defined in Debug\stm8s_tim2_sub.o section .text
                                               used in Debug\main.o
_TIM2_ForcedOC1Config               00008817   defined in Debug\stm8s_tim2_sub.o section .text
_TIM2_ForcedOC2Config               00008818   defined in Debug\stm8s_tim2_sub.o section .text
_TIM2_ForcedOC3Config               00008819   defined in Debug\stm8s_tim2_sub.o section .text
_TIM2_GenerateEvent                 0000881e   defined in Debug\stm8s_tim2_sub.o section .text
_TIM2_GetCapture1                   000089af   defined in Debug\stm8s_tim2_sub.o section .text
                                               used in Debug\main.o
_TIM2_GetCapture2                   000089cc   defined in Debug\stm8s_tim2_sub.o section .text
_TIM2_GetCapture3                   000089cd   defined in Debug\stm8s_tim2_sub.o section .text
_TIM2_GetCounter                    000089ce   defined in Debug\stm8s_tim2_sub.o section .text
_TIM2_GetFlagStatus                 000089ea   defined in Debug\stm8s_tim2_sub.o section .text
_TIM2_GetITStatus                   00008a5d   defined in Debug\stm8s_tim2_sub.o section .text
                                               used in Debug\main.o
_TIM2_GetPrescaler                  000089e6   defined in Debug\stm8s_tim2_sub.o section .text
_TIM2_ICInit                        0000864f   defined in Debug\stm8s_tim2_sub.o section .text
                                               used in Debug\main.o
_TIM2_ITConfig                      000087d6   defined in Debug\stm8s_tim2_sub.o section .text
                                               used in Debug\main.o
_TIM2_OC1Init                       0000864c   defined in Debug\stm8s_tim2_sub.o section .text
_TIM2_OC1PolarityConfig             0000881f   defined in Debug\stm8s_tim2_sub.o section .text
_TIM2_OC1PreloadConfig              0000881b   defined in Debug\stm8s_tim2_sub.o section .text
_TIM2_OC2Init                       0000864d   defined in Debug\stm8s_tim2_sub.o section .text
_TIM2_OC2PolarityConfig             00008845   defined in Debug\stm8s_tim2_sub.o section .text
_TIM2_OC2PreloadConfig              0000881c   defined in Debug\stm8s_tim2_sub.o section .text
_TIM2_OC3Init                       0000864e   defined in Debug\stm8s_tim2_sub.o section .text
_TIM2_OC3PolarityConfig             0000886b   defined in Debug\stm8s_tim2_sub.o section .text
_TIM2_OC3PreloadConfig              0000881d   defined in Debug\stm8s_tim2_sub.o section .text
_TIM2_PWMIConfig                    000086f2   defined in Debug\stm8s_tim2_sub.o section .text
_TIM2_PrescalerConfig               00008816   defined in Debug\stm8s_tim2_sub.o section .text
_TIM2_SelectOCxM                    000088f3   defined in Debug\stm8s_tim2_sub.o section .text
_TIM2_SelectOnePulseMode            00008815   defined in Debug\stm8s_tim2_sub.o section .text
_TIM2_SetAutoreload                 00008977   defined in Debug\stm8s_tim2_sub.o section .text
_TIM2_SetCompare1                   00008980   defined in Debug\stm8s_tim2_sub.o section .text
_TIM2_SetCompare2                   00008981   defined in Debug\stm8s_tim2_sub.o section .text
_TIM2_SetCompare3                   00008982   defined in Debug\stm8s_tim2_sub.o section .text
_TIM2_SetCounter                    0000896e   defined in Debug\stm8s_tim2_sub.o section .text
_TIM2_SetIC1Prescaler               00008983   defined in Debug\stm8s_tim2_sub.o section .text
_TIM2_SetIC2Prescaler               000089ad   defined in Debug\stm8s_tim2_sub.o section .text
_TIM2_SetIC3Prescaler               000089ae   defined in Debug\stm8s_tim2_sub.o section .text
_TIM2_TimeBaseInit                  0000863c   defined in Debug\stm8s_tim2_sub.o section .text
                                               used in Debug\main.o
_TIM2_UpdateDisableConfig           00008813   defined in Debug\stm8s_tim2_sub.o section .text
_TIM2_UpdateRequestConfig           00008814   defined in Debug\stm8s_tim2_sub.o section .text
_TIM4_ARRPreloadConfig              00009319   defined in Debug\stm8s_tim4.o section .text
_TIM4_ClearFlag                     00009388   defined in Debug\stm8s_tim4.o section .text
_TIM4_ClearITPendingBit             000093d3   defined in Debug\stm8s_tim4.o section .text
                                               used in Debug\stm8s_it.o
_TIM4_Cmd                           00009201   defined in Debug\stm8s_tim4.o section .text
                                               used in Debug\main.o
_TIM4_DeInit                        000091a7   defined in Debug\stm8s_tim4.o section .text
                                               used in Debug\main.o
_TIM4_GenerateEvent                 0000933e   defined in Debug\stm8s_tim4.o section .text
_TIM4_GetCounter                    0000935f   defined in Debug\stm8s_tim4.o section .text
_TIM4_GetFlagStatus                 00009367   defined in Debug\stm8s_tim4.o section .text
_TIM4_GetITStatus                   000093a2   defined in Debug\stm8s_tim4.o section .text
_TIM4_GetPrescaler                  00009363   defined in Debug\stm8s_tim4.o section .text
_TIM4_ITConfig                      00009226   defined in Debug\stm8s_tim4.o section .text
                                               used in Debug\main.o
_TIM4_PrescalerConfig               000092ce   defined in Debug\stm8s_tim4.o section .text
_TIM4_SelectOnePulseMode            000092a8   defined in Debug\stm8s_tim4.o section .text
_TIM4_SetAutoreload                 0000935b   defined in Debug\stm8s_tim4.o section .text
_TIM4_SetCounter                    00009357   defined in Debug\stm8s_tim4.o section .text
_TIM4_TimeBaseInit                  000091c0   defined in Debug\stm8s_tim4.o section .text
                                               used in Debug\main.o
_TIM4_UpdateDisableConfig           0000925e   defined in Debug\stm8s_tim4.o section .text
_TIM4_UpdateRequestConfig           00009283   defined in Debug\stm8s_tim4.o section .text
_Table2                             ********   *** removed from Debug\table.o ***
_TableInterval                      00000003   defined in Debug\main.o section .bsct, initialized
_Ticks2_1mS                         000000aa   defined in Debug\main.o section .ubsct
_Ticks_1mS                          000000ac   defined in Debug\main.o section .ubsct
_Ticks_50uS                         000000ae   defined in Debug\main.o section .ubsct
_Ticks_S                            000000a6   defined in Debug\main.o section .ubsct
_Timer                              0000005f   defined in Debug\main.o section .ubsct
_UART1_ClearFlag                    ********   *** removed from Debug\stm8s_uart1.o ***
_UART1_ClearITPendingBit            ********   *** removed from Debug\stm8s_uart1.o ***
_UART1_Cmd                          ********   *** removed from Debug\stm8s_uart1.o ***
_UART1_DeInit                       ********   *** removed from Debug\stm8s_uart1.o ***
_UART1_GetFlagStatus                ********   *** removed from Debug\stm8s_uart1.o ***
_UART1_GetITStatus                  ********   *** removed from Debug\stm8s_uart1.o ***
_UART1_HalfDuplexCmd                ********   *** removed from Debug\stm8s_uart1.o ***
_UART1_ITConfig                     ********   *** removed from Debug\stm8s_uart1.o ***
_UART1_Init                         ********   *** removed from Debug\stm8s_uart1.o ***
_UART1_IrDACmd                      ********   *** removed from Debug\stm8s_uart1.o ***
_UART1_IrDAConfig                   ********   *** removed from Debug\stm8s_uart1.o ***
_UART1_LINBreakDetectionConfig      ********   *** removed from Debug\stm8s_uart1.o ***
_UART1_LINCmd                       ********   *** removed from Debug\stm8s_uart1.o ***
_UART1_ReceiveData8                 ********   *** removed from Debug\stm8s_uart1.o ***
_UART1_ReceiveData9                 ********   *** removed from Debug\stm8s_uart1.o ***
_UART1_ReceiverWakeUpCmd            ********   *** removed from Debug\stm8s_uart1.o ***
_UART1_SendBreak                    ********   *** removed from Debug\stm8s_uart1.o ***
_UART1_SendData8                    ********   *** removed from Debug\stm8s_uart1.o ***
_UART1_SendData9                    ********   *** removed from Debug\stm8s_uart1.o ***
_UART1_SetAddress                   ********   *** removed from Debug\stm8s_uart1.o ***
_UART1_SetGuardTime                 ********   *** removed from Debug\stm8s_uart1.o ***
_UART1_SetPrescaler                 ********   *** removed from Debug\stm8s_uart1.o ***
_UART1_SmartCardCmd                 ********   *** removed from Debug\stm8s_uart1.o ***
_UART1_SmartCardNACKCmd             ********   *** removed from Debug\stm8s_uart1.o ***
_UART1_WakeUpConfig                 ********   *** removed from Debug\stm8s_uart1.o ***
__endmem                            000001ff   defined in command file
                                               *** not used ***
__endzp                             000000da   defined in command file section .ubsct
                                               used in C:\Program Files (x86)\COSMIC\FSE_Compilers\CXSTM8\lib\crtsi0.sm8
__idesc__                           00008171   defined in linker section .init
                                               used in C:\Program Files (x86)\COSMIC\FSE_Compilers\CXSTM8\lib\crtsi0.sm8
__memory                            00000100   defined in command file section .bss
                                               used in C:\Program Files (x86)\COSMIC\FSE_Compilers\CXSTM8\lib\crtsi0.sm8
__stack                             000003ff   defined in command file
                                               used in C:\Program Files (x86)\COSMIC\FSE_Compilers\CXSTM8\lib\crtsi0.sm8
__startmem                          00000100   defined in command file section .bss
                                               *** not used ***
__stext                             00008190   defined in C:\Program Files (x86)\COSMIC\FSE_Compilers\CXSTM8\lib\crtsi0.sm8 section .text
                                               used in Debug\stm8_interrupt_vector.o
__vectab                            00008000   defined in Debug\stm8_interrupt_vector.o section .const
_assert_failed                      00009bb5   defined in Debug\main.o section .text
                                               used in Debug\stm8s_adc1_sub.o
                                                       Debug\stm8s_tim2_sub.o
                                                       Debug\stm8s_clk.o
                                                       Debug\stm8s_gpio.o
                                                       Debug\stm8s_tim4.o
                                                       Debug\stm8s_uart1.o
_cvtTable                           ********   *** removed from Debug\table.o ***
_exit                               000081de   defined in C:\Program Files (x86)\COSMIC\FSE_Compilers\CXSTM8\lib\crtsi0.sm8 section .text
_iDuty                              000000b6   defined in Debug\main.o section .ubsct
_iStep                              0000001e   defined in Debug\main.o section .ubsct
_ledint                             000000a4   defined in Debug\main.o section .ubsct
_mDuty                              000000b2   defined in Debug\main.o section .ubsct
_mStep                              0000001f   defined in Debug\main.o section .ubsct
_mVal                               0000001a   defined in Debug\main.o section .ubsct
_main                               000093ed   defined in Debug\main.o section .text
                                               used in C:\Program Files (x86)\COSMIC\FSE_Compilers\CXSTM8\lib\crtsi0.sm8
_min                                00000016   defined in Debug\main.o section .bsct, initialized
_nDuty                              00000002   defined in Debug\main.o section .bsct, initialized
_pos                                00000018   defined in Debug\main.o section .ubsct
_pos2                               00000017   defined in Debug\main.o section .ubsct
_sDuty                              000000b4   defined in Debug\main.o section .ubsct
_t2                                 000000ca   defined in Debug\main.o section .ubsct
_tt                                 000000cc   defined in Debug\main.o section .ubsct
_update                             000000c9   defined in Debug\main.o section .ubsct
c_cmulx                             00009c39   defined in (C:\Program Files (x86)\COSMIC\FSE_Compilers\CXSTM8\lib\libm0.sm8)cmulx.o section .text
                                               used in Debug\main.o
c_divsl                             00009cec   defined in (C:\Program Files (x86)\COSMIC\FSE_Compilers\CXSTM8\lib\libm0.sm8)ldiv.o section .text
                                               *** not used ***
c_divul                             00009d03   defined in (C:\Program Files (x86)\COSMIC\FSE_Compilers\CXSTM8\lib\libm0.sm8)ldiv.o section .text
                                               used in (C:\Program Files (x86)\COSMIC\FSE_Compilers\CXSTM8\lib\libm0.sm8)ludiv.o
c_imul                              00009c4d   defined in (C:\Program Files (x86)\COSMIC\FSE_Compilers\CXSTM8\lib\libm0.sm8)imul.o section .text
                                               used in Debug\main.o
c_ladc                              00009c6e   defined in (C:\Program Files (x86)\COSMIC\FSE_Compilers\CXSTM8\lib\libm0.sm8)ladc.o section .text
                                               used in Debug\main.o
c_lcmp                              00009c7f   defined in (C:\Program Files (x86)\COSMIC\FSE_Compilers\CXSTM8\lib\libm0.sm8)lcmp.o section .text
                                               used in Debug\stm8s_uart1.o
                                                       Debug\main.o
c_lgadc                             00009c9f   defined in (C:\Program Files (x86)\COSMIC\FSE_Compilers\CXSTM8\lib\libm0.sm8)lgadc.o section .text
                                               used in Debug\main.o
c_lgneg                             00009dd7   defined in (C:\Program Files (x86)\COSMIC\FSE_Compilers\CXSTM8\lib\libm0.sm8)lgneg.o section .text
                                               used in (C:\Program Files (x86)\COSMIC\FSE_Compilers\CXSTM8\lib\libm0.sm8)ldiv.o
c_lgsub                             00009caf   defined in (C:\Program Files (x86)\COSMIC\FSE_Compilers\CXSTM8\lib\libm0.sm8)lgsub.o section .text
                                               used in Debug\main.o
c_llsh                              ********   *** removed from (C:\Program Files (x86)\COSMIC\FSE_Compilers\CXSTM8\lib\libm0.sm8)llsh.o ***
c_lneg                              00009dea   defined in (C:\Program Files (x86)\COSMIC\FSE_Compilers\CXSTM8\lib\libm0.sm8)lneg.o section .text
                                               used in (C:\Program Files (x86)\COSMIC\FSE_Compilers\CXSTM8\lib\libm0.sm8)ldiv.o
c_lreg                              000000d0   defined in (C:\Program Files (x86)\COSMIC\FSE_Compilers\CXSTM8\lib\libm0.sm8)lreg.o section .ubsct
                                               used in Debug\stm8s_clk.o
                                                       Debug\stm8s_uart1.o
                                                       Debug\main.o
                                                       (C:\Program Files (x86)\COSMIC\FSE_Compilers\CXSTM8\lib\libm0.sm8)cmulx.o
                                                       (C:\Program Files (x86)\COSMIC\FSE_Compilers\CXSTM8\lib\libm0.sm8)ladc.o
                                                       (C:\Program Files (x86)\COSMIC\FSE_Compilers\CXSTM8\lib\libm0.sm8)lcmp.o
                                                       (C:\Program Files (x86)\COSMIC\FSE_Compilers\CXSTM8\lib\libm0.sm8)lgsub.o
                                                       (C:\Program Files (x86)\COSMIC\FSE_Compilers\CXSTM8\lib\libm0.sm8)llsh.o
                                                       (C:\Program Files (x86)\COSMIC\FSE_Compilers\CXSTM8\lib\libm0.sm8)lsub.o
                                                       (C:\Program Files (x86)\COSMIC\FSE_Compilers\CXSTM8\lib\libm0.sm8)ltor.o
                                                       (C:\Program Files (x86)\COSMIC\FSE_Compilers\CXSTM8\lib\libm0.sm8)ldiv.o
                                                       (C:\Program Files (x86)\COSMIC\FSE_Compilers\CXSTM8\lib\libm0.sm8)lneg.o
                                                       (C:\Program Files (x86)\COSMIC\FSE_Compilers\CXSTM8\lib\libm0.sm8)lursh.o
                                                       (C:\Program Files (x86)\COSMIC\FSE_Compilers\CXSTM8\lib\libm0.sm8)rtol.o
                                                       (C:\Program Files (x86)\COSMIC\FSE_Compilers\CXSTM8\lib\libm0.sm8)smul.o
                                                       (C:\Program Files (x86)\COSMIC\FSE_Compilers\CXSTM8\lib\libm0.sm8)utolx.o
                                                       (C:\Program Files (x86)\COSMIC\FSE_Compilers\CXSTM8\lib\libm0.sm8)umul.o
c_lsub                              ********   *** removed from (C:\Program Files (x86)\COSMIC\FSE_Compilers\CXSTM8\lib\libm0.sm8)lsub.o ***
c_ltor                              00009cc6   defined in (C:\Program Files (x86)\COSMIC\FSE_Compilers\CXSTM8\lib\libm0.sm8)ltor.o section .text
                                               used in Debug\stm8s_clk.o
                                                       Debug\stm8s_uart1.o
                                                       Debug\main.o
c_ludv                              00009cd8   defined in (C:\Program Files (x86)\COSMIC\FSE_Compilers\CXSTM8\lib\libm0.sm8)ludiv.o section .text
                                               used in Debug\stm8s_clk.o
                                                       Debug\stm8s_uart1.o
                                                       Debug\main.o
c_lursh                             ********   *** removed from (C:\Program Files (x86)\COSMIC\FSE_Compilers\CXSTM8\lib\libm0.sm8)lursh.o ***
c_rtol                              00009dff   defined in (C:\Program Files (x86)\COSMIC\FSE_Compilers\CXSTM8\lib\libm0.sm8)rtol.o section .text
                                               used in Debug\stm8s_clk.o
                                                       Debug\stm8s_uart1.o
                                                       Debug\main.o
c_smul                              ********   *** removed from (C:\Program Files (x86)\COSMIC\FSE_Compilers\CXSTM8\lib\libm0.sm8)smul.o ***
c_uitolx                            00009e11   defined in (C:\Program Files (x86)\COSMIC\FSE_Compilers\CXSTM8\lib\libm0.sm8)utolx.o section .text
                                               used in Debug\main.o
c_umul                              00009e18   defined in (C:\Program Files (x86)\COSMIC\FSE_Compilers\CXSTM8\lib\libm0.sm8)umul.o section .text
                                               used in Debug\main.o
c_x                                 000000d4   defined in (C:\Program Files (x86)\COSMIC\FSE_Compilers\CXSTM8\lib\libm0.sm8)xreg.o section .ubsct
                                               used in C:\Program Files (x86)\COSMIC\FSE_Compilers\CXSTM8\lib\crtsi0.sm8
                                                       Debug\stm8s_it.o
                                                       (C:\Program Files (x86)\COSMIC\FSE_Compilers\CXSTM8\lib\libm0.sm8)imul.o
                                                       (C:\Program Files (x86)\COSMIC\FSE_Compilers\CXSTM8\lib\libm0.sm8)ldiv.o
                                                       (C:\Program Files (x86)\COSMIC\FSE_Compilers\CXSTM8\lib\libm0.sm8)umul.o
c_y                                 000000d7   defined in (C:\Program Files (x86)\COSMIC\FSE_Compilers\CXSTM8\lib\libm0.sm8)yreg.o section .ubsct
                                               used in C:\Program Files (x86)\COSMIC\FSE_Compilers\CXSTM8\lib\crtsi0.sm8
                                                       Debug\stm8s_it.o
                                                       (C:\Program Files (x86)\COSMIC\FSE_Compilers\CXSTM8\lib\libm0.sm8)umul.o
f_ADC1_IRQHandler                   00009c10   defined in Debug\stm8s_it.o section .text
                                               used in Debug\stm8_interrupt_vector.o
f_AWU_IRQHandler                    00009bbf   defined in Debug\stm8s_it.o section .text
                                               used in Debug\stm8_interrupt_vector.o
f_CLK_IRQHandler                    00009bc0   defined in Debug\stm8s_it.o section .text
                                               used in Debug\stm8_interrupt_vector.o
f_EEPROM_EEC_IRQHandler             00009c38   defined in Debug\stm8s_it.o section .text
                                               used in Debug\stm8_interrupt_vector.o
f_EXTI_PORTA_IRQHandler             00009bc1   defined in Debug\stm8s_it.o section .text
                                               used in Debug\stm8_interrupt_vector.o
f_EXTI_PORTB_IRQHandler             00009bc2   defined in Debug\stm8s_it.o section .text
                                               used in Debug\stm8_interrupt_vector.o
f_EXTI_PORTC_IRQHandler             00009bc3   defined in Debug\stm8s_it.o section .text
                                               used in Debug\stm8_interrupt_vector.o
f_EXTI_PORTD_IRQHandler             00009bc4   defined in Debug\stm8s_it.o section .text
                                               used in Debug\stm8_interrupt_vector.o
f_EXTI_PORTE_IRQHandler             00009bc5   defined in Debug\stm8s_it.o section .text
                                               used in Debug\stm8_interrupt_vector.o
f_I2C_IRQHandler                    00009c0f   defined in Debug\stm8s_it.o section .text
                                               used in Debug\stm8_interrupt_vector.o
f_NonHandledInterrupt               00009bbc   defined in Debug\stm8s_it.o section .text
                                               used in Debug\stm8_interrupt_vector.o
f_SPI_IRQHandler                    00009bc6   defined in Debug\stm8s_it.o section .text
                                               used in Debug\stm8_interrupt_vector.o
f_TIM1_CAP_COM_IRQHandler           00009bc8   defined in Debug\stm8s_it.o section .text
                                               used in Debug\stm8_interrupt_vector.o
f_TIM1_UPD_OVF_TRG_BRK_IRQHandler   00009bc7   defined in Debug\stm8s_it.o section .text
                                               used in Debug\stm8_interrupt_vector.o
f_TIM2_CAP_COM_IRQHandler           00009beb   defined in Debug\stm8s_it.o section .text
                                               used in Debug\stm8_interrupt_vector.o
f_TIM2_UPD_OVF_BRK_IRQHandler       00009bc9   defined in Debug\stm8s_it.o section .text
                                               used in Debug\stm8_interrupt_vector.o
f_TIM4_UPD_OVF_IRQHandler           00009c11   defined in Debug\stm8s_it.o section .text
                                               used in Debug\stm8_interrupt_vector.o
f_TLI_IRQHandler                    00009bbe   defined in Debug\stm8s_it.o section .text
                                               used in Debug\stm8_interrupt_vector.o
f_TRAP_IRQHandler                   00009bbd   defined in Debug\stm8s_it.o section .text
                                               used in Debug\stm8_interrupt_vector.o
f_UART1_RX_IRQHandler               00009c0e   defined in Debug\stm8s_it.o section .text
                                               used in Debug\stm8_interrupt_vector.o
f_UART1_TX_IRQHandler               00009c0d   defined in Debug\stm8s_it.o section .text
                                               used in Debug\stm8_interrupt_vector.o
