
Map of Debug\vldiscovery-example4.sm8 from link file Debug\vldiscovery-example4.lkf - Sat Jan 07 00:20:21 2017


                               --------
                               Segments
                               --------

start 00008080 end 000081b2 length   306 segment .const
start 00008261 end 00009e63 length  7170 segment .text
start 00004000 end 00004000 length     0 segment .eeprom
start 00000000 end 000000a7 length   167 segment .bsct, initialized
start 000081ba end 00008261 length   167 segment .bsct, from
start 000000a7 end 000000b5 length    14 segment .ubsct
start 000000b5 end 000000b5 length     0 segment .bit
start 000000b5 end 000000b5 length     0 segment .share
start 00000100 end 00000100 length     0 segment .data
start 00000100 end 00000100 length     0 segment .bss
start 00000000 end 00000e42 length  3650 segment .info.
start 00000000 end 00011442 length 70722 segment .debug
start 00008000 end 00008080 length   128 segment .const
start 000081b2 end 000081ba length     8 segment .init


                               -------
                               Modules
                               -------

C:\Program Files (x86)\COSMIC\FSE_Compilers\CXSTM8\Lib\crtsi0.sm8:
start 00008261 end 000082b1 length    80 section .text
start 00000100 end 00000100 length     0 section .bss
start 000000a7 end 000000a7 length     0 section .ubsct
start 00000000 end 0000002f length    47 section .info.

Debug\stm8s_adc1.o:
start 000082b1 end 00008c66 length  2485 section .text
start 00000000 end 000015f1 length  5617 section .debug
start 0000002f end 000000ad length   126 section .info.
start 00008080 end 000080bb length    59 section .const

Debug\stm8s_awu.o:
start ******** end ******** length     0 section .text *** removed ***
start 000015f1 end 00001bb0 length  1471 section .debug
start 000000ad end 0000012a length   125 section .info.
start ******** end ******** length     0 section .const *** removed ***

Debug\stm8s_beep.o:
start ******** end ******** length     0 section .text *** removed ***
start 00001bb0 end 00001e8b length   731 section .debug
start 0000012a end 000001a8 length   126 section .info.
start ******** end ******** length     0 section .const *** removed ***

Debug\stm8s_clk.o:
start 00008c66 end 0000936c length  1798 section .text
start 00001e8b end 000034fa length  5743 section .debug
start 000001a8 end 00000225 length   125 section .info.
start 000080bb end 00008101 length    70 section .const

Debug\stm8s_exti.o:
start 0000936c end 000094ef length   387 section .text
start 000034fa end 00003989 length  1167 section .debug
start 00000225 end 000002a3 length   126 section .info.
start 00008101 end 0000813c length    59 section .const

Debug\stm8s_flash.o:
start ******** end ******** length     0 section .text *** removed ***
start 00003989 end 00004768 length  3551 section .debug
start 000002a3 end 00000322 length   127 section .info.
start ******** end ******** length     0 section .const *** removed ***

Debug\stm8s_gpio.o:
start 000094ef end 0000964b length   348 section .text
start 00004768 end 00005172 length  2570 section .debug
start 00000322 end 000003a0 length   126 section .info.
start 0000813c end 00008177 length    59 section .const

Debug\stm8s_i2c.o:
start ******** end ******** length     0 section .text *** removed ***
start 00005172 end 00006713 length  5537 section .debug
start 000003a0 end 0000041d length   125 section .info.
start ******** end ******** length     0 section .const *** removed ***

Debug\stm8s_itc.o:
start ******** end ******** length     0 section .text *** removed ***
start 00006713 end 00006d16 length  1539 section .debug
start 0000041d end 0000049a length   125 section .info.
start ******** end ******** length     0 section .const *** removed ***

Debug\stm8s_iwdg.o:
start ******** end ******** length     0 section .text *** removed ***
start 00006d16 end 000070b8 length   930 section .debug
start 0000049a end 00000518 length   126 section .info.
start ******** end ******** length     0 section .const *** removed ***

Debug\stm8s_rst.o:
start ******** end ******** length     0 section .text *** removed ***
start 000070b8 end 000072e7 length   559 section .debug
start 00000518 end 00000595 length   125 section .info.
start ******** end ******** length     0 section .const *** removed ***

Debug\stm8s_spi.o:
start ******** end ******** length     0 section .text *** removed ***
start 000072e7 end 00008223 length  3900 section .debug
start 00000595 end 00000612 length   125 section .info.
start ******** end ******** length     0 section .const *** removed ***

Debug\stm8s_tim1.o:
start ******** end ******** length     0 section .text *** removed ***
start 00008223 end 0000c1ad length 16266 section .debug
start 00000612 end 00000690 length   126 section .info.
start ******** end ******** length     0 section .const *** removed ***

Debug\stm8s_tim2.o:
start ******** end ******** length     0 section .text *** removed ***
start 0000c1ad end 0000e4c1 length  8980 section .debug
start 00000690 end 0000070e length   126 section .info.
start ******** end ******** length     0 section .const *** removed ***

Debug\stm8s_tim4.o:
start 0000964b end 00009912 length   711 section .text
start 0000e4c1 end 0000f078 length  2999 section .debug
start 0000070e end 0000078c length   126 section .info.
start 00008177 end 000081b2 length    59 section .const

Debug\stm8s_uart1.o:
start ******** end ******** length     0 section .text *** removed ***
start 0000f078 end 00010464 length  5100 section .debug
start 0000078c end 0000080b length   127 section .info.
start ******** end ******** length     0 section .const *** removed ***

Debug\stm8s_wwdg.o:
start ******** end ******** length     0 section .text *** removed ***
start 00010464 end 000106aa length   582 section .debug
start 0000080b end 00000889 length   126 section .info.
start ******** end ******** length     0 section .const *** removed ***

Debug\main.o:
start 00009912 end 00009cd5 length   963 section .text
start 00000000 end 000000a7 length   167 section .bsct
start 000000a7 end 000000ab length     4 section .ubsct
start 000106aa end 00010cec length  1602 section .debug
start 00000889 end 00000901 length   120 section .info.
start ******** end ******** length     0 section .const *** removed ***

Debug\stm8s_it.o:
start 00009cd5 end 00009d18 length    67 section .text
start 00010cec end 0001131c length  1584 section .debug
start 00000901 end 0000097d length   124 section .info.

(C:\Program Files (x86)\COSMIC\FSE_Compilers\CXSTM8\Lib\libm0.sm8)cmulx.o:
start ******** end ******** length     0 section .text *** removed ***
start 0000097d end 000009ac length    47 section .info.

(C:\Program Files (x86)\COSMIC\FSE_Compilers\CXSTM8\Lib\libm0.sm8)imul.o:
start ******** end ******** length     0 section .text *** removed ***
start 000009ac end 000009da length    46 section .info.

(C:\Program Files (x86)\COSMIC\FSE_Compilers\CXSTM8\Lib\libm0.sm8)ladd.o:
start ******** end ******** length     0 section .text *** removed ***
start 000009da end 00000a08 length    46 section .info.

(C:\Program Files (x86)\COSMIC\FSE_Compilers\CXSTM8\Lib\libm0.sm8)lcmp.o:
start ******** end ******** length     0 section .text *** removed ***
start 00000a08 end 00000a36 length    46 section .info.

(C:\Program Files (x86)\COSMIC\FSE_Compilers\CXSTM8\Lib\libm0.sm8)lgadd.o:
start ******** end ******** length     0 section .text *** removed ***
start 00000a36 end 00000a65 length    47 section .info.

(C:\Program Files (x86)\COSMIC\FSE_Compilers\CXSTM8\Lib\libm0.sm8)llsh.o:
start ******** end ******** length     0 section .text *** removed ***
start 00000a65 end 00000a93 length    46 section .info.

(C:\Program Files (x86)\COSMIC\FSE_Compilers\CXSTM8\Lib\libm0.sm8)lmul.o:
start ******** end ******** length     0 section .text *** removed ***
start 00000a93 end 00000ac1 length    46 section .info.

(C:\Program Files (x86)\COSMIC\FSE_Compilers\CXSTM8\Lib\libm0.sm8)lreg.o:
start 000000ab end 000000af length     4 section .ubsct
start 00000ac1 end 00000aef length    46 section .info.

(C:\Program Files (x86)\COSMIC\FSE_Compilers\CXSTM8\Lib\libm0.sm8)lsub.o:
start ******** end ******** length     0 section .text *** removed ***
start 00000aef end 00000b1d length    46 section .info.

(C:\Program Files (x86)\COSMIC\FSE_Compilers\CXSTM8\Lib\libm0.sm8)ltor.o:
start 00009d18 end 00009d2a length    18 section .text
start 00000b1d end 00000b4b length    46 section .info.

(C:\Program Files (x86)\COSMIC\FSE_Compilers\CXSTM8\Lib\libm0.sm8)ludiv.o:
start 00009d2a end 00009d3e length    20 section .text
start 00000b4b end 00000b7a length    47 section .info.

(C:\Program Files (x86)\COSMIC\FSE_Compilers\CXSTM8\Lib\libm0.sm8)ldiv.o:
start 00009d3e end 00009e29 length   235 section .text
start 00000b7a end 00000ba8 length    46 section .info.

(C:\Program Files (x86)\COSMIC\FSE_Compilers\CXSTM8\Lib\libm0.sm8)lgneg.o:
start 00009e29 end 00009e3c length    19 section .text
start 00000ba8 end 00000bd7 length    47 section .info.

(C:\Program Files (x86)\COSMIC\FSE_Compilers\CXSTM8\Lib\libm0.sm8)lneg.o:
start 00009e3c end 00009e51 length    21 section .text
start 00000bd7 end 00000c05 length    46 section .info.

(C:\Program Files (x86)\COSMIC\FSE_Compilers\CXSTM8\Lib\libm0.sm8)lursh.o:
start ******** end ******** length     0 section .text *** removed ***
start 00000c05 end 00000c34 length    47 section .info.

(C:\Program Files (x86)\COSMIC\FSE_Compilers\CXSTM8\Lib\libm0.sm8)lzmp.o:
start ******** end ******** length     0 section .text *** removed ***
start 00000c34 end 00000c62 length    46 section .info.

(C:\Program Files (x86)\COSMIC\FSE_Compilers\CXSTM8\Lib\libm0.sm8)rtol.o:
start 00009e51 end 00009e63 length    18 section .text
start 00000c62 end 00000c90 length    46 section .info.

(C:\Program Files (x86)\COSMIC\FSE_Compilers\CXSTM8\Lib\libm0.sm8)sdivx.o:
start ******** end ******** length     0 section .text *** removed ***
start 00000c90 end 00000cbf length    47 section .info.

(C:\Program Files (x86)\COSMIC\FSE_Compilers\CXSTM8\Lib\libm0.sm8)smul.o:
start ******** end ******** length     0 section .text *** removed ***
start 00000cbf end 00000ced length    46 section .info.

(C:\Program Files (x86)\COSMIC\FSE_Compilers\CXSTM8\Lib\libm0.sm8)umul.o:
start ******** end ******** length     0 section .text *** removed ***
start 00000ced end 00000d1b length    46 section .info.

(C:\Program Files (x86)\COSMIC\FSE_Compilers\CXSTM8\Lib\libm0.sm8)xreg.o:
start 000000af end 000000b2 length     3 section .ubsct
start 00000d1b end 00000d49 length    46 section .info.

(C:\Program Files (x86)\COSMIC\FSE_Compilers\CXSTM8\Lib\libm0.sm8)yreg.o:
start 000000b2 end 000000b5 length     3 section .ubsct
start 00000d49 end 00000d77 length    46 section .info.

Debug\stm8_interrupt_vector.o:
start 0001131c end 00011442 length   294 section .debug
start 00000d77 end 00000e00 length   137 section .info.
start 00008000 end 00008080 length   128 section .const


                             -----------
                             Stack usage
                             -----------

Debug\main.o:
L3_ADC_Config                          24   (3)
_Blinking_StateMachine                 11   (2)
_MotorStep                             28   (2)
_MotorStep2                            26   (2)
_OnTimer4                              30   (2)
_TIMER_Configuration                   12   (2)
_assert_failed                          6   (6)
_main                              >   15   (3)

Debug\stm8s_adc1.o:
_ADC1_AWDChannelConfig             >   10   (4)
_ADC1_ClearFlag                    >   10   (4)
_ADC1_ClearITPendingBit            >   11   (5)
_ADC1_Cmd                          >    9   (3)
_ADC1_ConversionConfig                 11   (5)
_ADC1_DataBufferCmd                >    9   (3)
_ADC1_DeInit                            2   (2)
_ADC1_ExternalTriggerConfig            10   (4)
_ADC1_GetAWDChannelStatus          >   10   (4)
_ADC1_GetBufferValue               >   14   (8)
_ADC1_GetConversionValue                7   (7)
_ADC1_GetFlagStatus                >   10   (4)
_ADC1_GetITStatus                  >   11   (5)
_ADC1_ITConfig                     >   11   (5)
_ADC1_Init                             21   (10)
_ADC1_PrescalerConfig                   9   (3)
_ADC1_ScanModeCmd                  >    9   (3)
_ADC1_SchmittTriggerConfig             10   (4)
_ADC1_SetHighThreshold             >    4   (4)
_ADC1_SetLowThreshold              >    2   (2)
_ADC1_StartConversion                   2   (2)

Debug\stm8s_clk.o:
_CLK_AdjustHSICalibrationValue     >    9   (3)
_CLK_CCOCmd                        >    9   (3)
_CLK_CCOConfig                     >    9   (3)
_CLK_ClearITPendingBit             >    9   (3)
_CLK_ClockSecuritySystemEnable     >    2   (2)
_CLK_ClockSwitchCmd                >    9   (3)
_CLK_ClockSwitchConfig             >   16   (10)
_CLK_DeInit                             2   (2)
_CLK_FastHaltWakeUpCmd             >    9   (3)
_CLK_GetClockFreq                  >   25   (11)
_CLK_GetFlagStatus                 >   13   (7)
_CLK_GetITStatus                   >   10   (4)
_CLK_GetSYSCLKSource               >    2   (2)
_CLK_HSECmd                             9   (3)
_CLK_HSICmd                             9   (3)
_CLK_HSIPrescalerConfig                 9   (3)
_CLK_ITConfig                      >   10   (4)
_CLK_LSICmd                             9   (3)
_CLK_PeripheralClockConfig         >   10   (4)
_CLK_SWIMConfig                    >    9   (3)
_CLK_SYSCLKConfig                       9   (3)
_CLK_SYSCLKEmergencyClear          >    2   (2)
_CLK_SlowActiveHaltWakeUpCmd       >    9   (3)

Debug\stm8s_exti.o:
_EXTI_DeInit                       >    2   (2)
_EXTI_GetExtIntSensitivity         >   10   (4)
_EXTI_GetTLISensitivity            >    3   (3)
_EXTI_SetExtIntSensitivity             10   (4)
_EXTI_SetTLISensitivity            >    9   (3)

Debug\stm8s_gpio.o:
_GPIO_DeInit                       >    2   (2)
_GPIO_ExternalPullUpConfig         >   12   (6)
_GPIO_Init                             12   (6)
_GPIO_ReadInputData                >    2   (2)
_GPIO_ReadInputPin                      5   (5)
_GPIO_ReadOutputData               >    2   (2)
_GPIO_Write                        >    5   (5)
_GPIO_WriteHigh                         5   (5)
_GPIO_WriteLow                          5   (5)
_GPIO_WriteReverse                      5   (5)

Debug\stm8s_it.o:
f_ADC1_IRQHandler                  >    6   (6)
f_AWU_IRQHandler                   >    6   (6)
f_CLK_IRQHandler                   >    6   (6)
f_EEPROM_EEC_IRQHandler            >    6   (6)
f_EXTI_PORTA_IRQHandler            >    6   (6)
f_EXTI_PORTB_IRQHandler            >    6   (6)
f_EXTI_PORTC_IRQHandler            >    6   (6)
f_EXTI_PORTD_IRQHandler            >    6   (6)
f_EXTI_PORTE_IRQHandler            >    6   (6)
f_I2C_IRQHandler                   >    6   (6)
f_NonHandledInterrupt              >    6   (6)
f_SPI_IRQHandler                   >    6   (6)
f_TIM1_CAP_COM_IRQHandler          >    6   (6)
f_TIM1_UPD_OVF_TRG_BRK_IRQHandler  >    6   (6)
f_TIM2_CAP_COM_IRQHandler          >    6   (6)
f_TIM2_UPD_OVF_BRK_IRQHandler      >    6   (6)
f_TIM4_UPD_OVF_IRQHandler          >   42   (12)
f_TLI_IRQHandler                   >    6   (6)
f_TRAP_IRQHandler                  >    6   (6)
f_UART1_RX_IRQHandler              >    6   (6)
f_UART1_TX_IRQHandler              >    6   (6)

Debug\stm8s_tim4.o:
_TIM4_ARRPreloadConfig             >    9   (3)
_TIM4_ClearFlag                    >    9   (3)
_TIM4_ClearITPendingBit                 9   (3)
_TIM4_Cmd                               9   (3)
_TIM4_DeInit                            2   (2)
_TIM4_GenerateEvent                >    9   (3)
_TIM4_GetCounter                   >    2   (2)
_TIM4_GetFlagStatus                >   10   (4)
_TIM4_GetITStatus                  >   11   (5)
_TIM4_GetPrescaler                 >    2   (2)
_TIM4_ITConfig                         10   (4)
_TIM4_PrescalerConfig              >   10   (4)
_TIM4_SelectOnePulseMode           >    9   (3)
_TIM4_SetAutoreload                >    2   (2)
_TIM4_SetCounter                   >    2   (2)
_TIM4_TimeBaseInit                     10   (4)
_TIM4_UpdateDisableConfig          >    9   (3)
_TIM4_UpdateRequestConfig          >    9   (3)

Stack size: 67


                              ---------
                              Call tree
                              ---------
   1 > _ADC1_AWDChannelConfig: (4)
   2      + _assert_failed: (6)
       
   3 > _ADC1_ClearFlag: (4)
   4      + _assert_failed --> 2
       
   5 > _ADC1_ClearITPendingBit: (5)
   6      + _assert_failed --> 2
       
   7 > _ADC1_Cmd: (3)
   8      + _assert_failed --> 2
       
   9 > _ADC1_DataBufferCmd: (3)
  10      + _assert_failed --> 2
       
  11 > _ADC1_GetAWDChannelStatus: (4)
  12      + _assert_failed --> 2
       
  13 > _ADC1_GetBufferValue: (8)
  14      + _assert_failed --> 2
       
  15 > _ADC1_GetFlagStatus: (4)
  16      + _assert_failed --> 2
       
  17 > _ADC1_GetITStatus: (5)
  18      + _assert_failed --> 2
       
  19 > _ADC1_ITConfig: (5)
  20      + _assert_failed --> 2
       
  21 > _ADC1_ScanModeCmd: (3)
  22      + _assert_failed --> 2
       
  23 > _ADC1_SetHighThreshold: (4)

  24 > _ADC1_SetLowThreshold: (2)

  25 > _CLK_AdjustHSICalibrationValue: (3)
  26      + _assert_failed --> 2
       
  27 > _CLK_CCOCmd: (3)
  28      + _assert_failed --> 2
       
  29 > _CLK_CCOConfig: (3)
  30      + _assert_failed --> 2
       
  31 > _CLK_ClearITPendingBit: (3)
  32      + _assert_failed --> 2
       
  33 > _CLK_ClockSecuritySystemEnable: (2)

  34 > _CLK_ClockSwitchCmd: (3)
  35      + _assert_failed --> 2
       
  36 > _CLK_ClockSwitchConfig: (10)
  37      + _assert_failed --> 2
       
  38 > _CLK_FastHaltWakeUpCmd: (3)
  39      + _assert_failed --> 2
       
  40 > _CLK_GetClockFreq: (11)

  41 > _CLK_GetFlagStatus: (7)
  42      + _assert_failed --> 2
       
  43 > _CLK_GetITStatus: (4)
  44      + _assert_failed --> 2
       
  45 > _CLK_GetSYSCLKSource: (2)

  46 > _CLK_ITConfig: (4)
  47      + _assert_failed --> 2
       
  48 > _CLK_PeripheralClockConfig: (4)
  49      + _assert_failed --> 2
       
  50 > _CLK_SWIMConfig: (3)
  51      + _assert_failed --> 2
       
  52 > _CLK_SYSCLKEmergencyClear: (2)

  53 > _CLK_SlowActiveHaltWakeUpCmd: (3)
  54      + _assert_failed --> 2
       
  55 > _EXTI_DeInit: (2)

  56 > _EXTI_GetExtIntSensitivity: (4)
  57      + _assert_failed --> 2
       
  58 > _EXTI_GetTLISensitivity: (3)

  59 > _EXTI_SetTLISensitivity: (3)
  60      + _assert_failed --> 2
       
  61 > _GPIO_DeInit: (2)

  62 > _GPIO_ExternalPullUpConfig: (6)
  63      + _assert_failed --> 2
       
  64 > _GPIO_ReadInputData: (2)

  65 > _GPIO_ReadOutputData: (2)

  66 > _GPIO_Write: (5)

  67 > _TIM4_ARRPreloadConfig: (3)
  68      + _assert_failed --> 2
       
  69 > _TIM4_ClearFlag: (3)
  70      + _assert_failed --> 2
       
  71 > _TIM4_GenerateEvent: (3)
  72      + _assert_failed --> 2
       
  73 > _TIM4_GetCounter: (2)

  74 > _TIM4_GetFlagStatus: (4)
  75      + _assert_failed --> 2
       
  76 > _TIM4_GetITStatus: (5)
  77      + _assert_failed --> 2
       
  78 > _TIM4_GetPrescaler: (2)

  79 > _TIM4_PrescalerConfig: (4)
  80      + _assert_failed --> 2
       
  81 > _TIM4_SelectOnePulseMode: (3)
  82      + _assert_failed --> 2
       
  83 > _TIM4_SetAutoreload: (2)

  84 > _TIM4_SetCounter: (2)

  85 > _TIM4_UpdateDisableConfig: (3)
  86      + _assert_failed --> 2
       
  87 > _TIM4_UpdateRequestConfig: (3)
  88      + _assert_failed --> 2
       
  89 > __stext: (0)

  90 > _main: (3)
  91      + _Blinking_StateMachine: (2)
  92      |    + _GPIO_WriteHigh: (5)
  93      |    + _GPIO_WriteLow: (5)
  94      |    + _TIM4_Cmd: (3)
  95      |    |    + _assert_failed --> 2
          |    | 
          | 
  96      + _CLK_DeInit: (2)
  97      + _CLK_HSECmd: (3)
  98      |    + _assert_failed --> 2
          | 
  99      + _CLK_HSICmd: (3)
 100      |    + _assert_failed --> 2
          | 
 101      + _CLK_HSIPrescalerConfig: (3)
 102      |    + _assert_failed --> 2
          | 
 103      + _CLK_LSICmd: (3)
 104      |    + _assert_failed --> 2
          | 
 105      + _CLK_SYSCLKConfig: (3)
 106      |    + _assert_failed --> 2
          | 
 107      + _EXTI_SetExtIntSensitivity: (4)
 108      |    + _assert_failed --> 2
          | 
 109      + _GPIO_Init: (6)
 110      |    + _assert_failed --> 2
          | 
 111      + _GPIO_WriteLow --> 93
 112      + _TIMER_Configuration: (2)
 113      |    + _TIM4_Cmd --> 94
 114      |    + _TIM4_DeInit: (2)
 115      |    + _TIM4_ITConfig: (4)
 116      |    |    + _assert_failed --> 2
          |    | 
 117      |    + _TIM4_TimeBaseInit: (4)
 118      |    |    + _assert_failed --> 2
          |    | 
          | 
       
 119 > f_ADC1_IRQHandler: (6)

 120 > f_AWU_IRQHandler: (6)

 121 > f_CLK_IRQHandler: (6)

 122 > f_EEPROM_EEC_IRQHandler: (6)

 123 > f_EXTI_PORTA_IRQHandler: (6)

 124 > f_EXTI_PORTB_IRQHandler: (6)

 125 > f_EXTI_PORTC_IRQHandler: (6)

 126 > f_EXTI_PORTD_IRQHandler: (6)

 127 > f_EXTI_PORTE_IRQHandler: (6)

 128 > f_I2C_IRQHandler: (6)

 129 > f_NonHandledInterrupt: (6)

 130 > f_SPI_IRQHandler: (6)

 131 > f_TIM1_CAP_COM_IRQHandler: (6)

 132 > f_TIM1_UPD_OVF_TRG_BRK_IRQHandler: (6)

 133 > f_TIM2_CAP_COM_IRQHandler: (6)

 134 > f_TIM2_UPD_OVF_BRK_IRQHandler: (6)

 135 > f_TIM4_UPD_OVF_IRQHandler: (12)
 136      + _OnTimer4: (2)
 137      |    + _GPIO_WriteReverse: (5)
 138      |    + _MotorStep: (2)
 139      |    |    + L3_ADC_Config: (3)
 140      |    |    |    + _ADC1_DeInit: (2)
 141      |    |    |    + _ADC1_Init: (10)
 142      |    |    |    |    + _ADC1_ConversionConfig: (5)
 143      |    |    |    |    |    + _assert_failed --> 2
          |    |    |    |    | 
 144      |    |    |    |    + _ADC1_ExternalTriggerConfig: (4)
 145      |    |    |    |    |    + _assert_failed --> 2
          |    |    |    |    | 
 146      |    |    |    |    + _ADC1_PrescalerConfig: (3)
 147      |    |    |    |    |    + _assert_failed --> 2
          |    |    |    |    | 
 148      |    |    |    |    + _ADC1_SchmittTriggerConfig: (4)
 149      |    |    |    |    |    + _assert_failed --> 2
          |    |    |    |    | 
 150      |    |    |    |    + _assert_failed --> 2
          |    |    |    | 
 151      |    |    |    + _ADC1_StartConversion: (2)
          |    |    | 
 152      |    |    + _ADC1_GetConversionValue: (7)
 153      |    |    + _GPIO_ReadInputPin: (5)
 154      |    |    + _GPIO_WriteHigh --> 92
 155      |    |    + _GPIO_WriteLow --> 93
 156      |    |    + _MotorStep2: (2)
 157      |    |    |    + L3_ADC_Config --> 139
 158      |    |    |    + _ADC1_GetConversionValue --> 152
 159      |    |    |    + _GPIO_ReadInputPin --> 153
 160      |    |    |    + _GPIO_WriteHigh --> 92
 161      |    |    |    + _GPIO_WriteLow --> 93
          |    |    | 
          |    | 
          | 
 162      + _TIM4_ClearITPendingBit: (3)
 163      |    + _assert_failed --> 2
          | 
       
 164 > f_TLI_IRQHandler: (6)

 165 > f_TRAP_IRQHandler: (6)

 166 > f_UART1_RX_IRQHandler: (6)

 167 > f_UART1_TX_IRQHandler: (6)

 168   L3_ADC_Config --> 139

 169   _ADC1_ConversionConfig --> 142

 170   _ADC1_DeInit --> 140

 171   _ADC1_ExternalTriggerConfig --> 144

 172   _ADC1_GetConversionValue --> 152

 173   _ADC1_Init --> 141

 174   _ADC1_PrescalerConfig --> 146

 175   _ADC1_SchmittTriggerConfig --> 148

 176   _ADC1_StartConversion --> 151

 177   _Blinking_StateMachine --> 91

 178   _CLK_DeInit --> 96

 179   _CLK_HSECmd --> 97

 180   _CLK_HSICmd --> 99

 181   _CLK_HSIPrescalerConfig --> 101

 182   _CLK_LSICmd --> 103

 183   _CLK_SYSCLKConfig --> 105

 184   _EXTI_SetExtIntSensitivity --> 107

 185   _GPIO_Init --> 109

 186   _GPIO_ReadInputPin --> 153

 187   _GPIO_WriteHigh --> 92

 188   _GPIO_WriteLow --> 93

 189   _GPIO_WriteReverse --> 137

 190   _MotorStep --> 138

 191   _MotorStep2 --> 156

 192   _OnTimer4 --> 136

 193   _TIM4_ClearITPendingBit --> 162

 194   _TIM4_Cmd --> 94

 195   _TIM4_DeInit --> 114

 196   _TIM4_ITConfig --> 115

 197   _TIM4_TimeBaseInit --> 117

 198   _TIMER_Configuration --> 112

 199   _assert_failed --> 2



                               -------
                               Symbols
                               -------

_ADC1_AWDChannelConfig              000087fc   defined in Debug\stm8s_adc1.o section .text
_ADC1_ClearFlag                     00008a72   defined in Debug\stm8s_adc1.o section .text
_ADC1_ClearITPendingBit             00008bbc   defined in Debug\stm8s_adc1.o section .text
_ADC1_Cmd                           0000848a   defined in Debug\stm8s_adc1.o section .text
_ADC1_ConversionConfig              0000869e   defined in Debug\stm8s_adc1.o section .text
_ADC1_DataBufferCmd                 000084e0   defined in Debug\stm8s_adc1.o section .text
_ADC1_DeInit                        000082b1   defined in Debug\stm8s_adc1.o section .text
                                               used in Debug\main.o
_ADC1_ExternalTriggerConfig         00008759   defined in Debug\stm8s_adc1.o section .text
_ADC1_GetAWDChannelStatus           0000895d   defined in Debug\stm8s_adc1.o section .text
_ADC1_GetBufferValue                000088ed   defined in Debug\stm8s_adc1.o section .text
_ADC1_GetConversionValue            000087b8   defined in Debug\stm8s_adc1.o section .text
                                               used in Debug\main.o
_ADC1_GetFlagStatus                 000089cf   defined in Debug\stm8s_adc1.o section .text
_ADC1_GetITStatus                   00008b16   defined in Debug\stm8s_adc1.o section .text
_ADC1_ITConfig                      0000850b   defined in Debug\stm8s_adc1.o section .text
_ADC1_Init                          000082e2   defined in Debug\stm8s_adc1.o section .text
                                               used in Debug\main.o
_ADC1_PrescalerConfig               0000855f   defined in Debug\stm8s_adc1.o section .text
_ADC1_ScanModeCmd                   000084b5   defined in Debug\stm8s_adc1.o section .text
_ADC1_SchmittTriggerConfig          000085a4   defined in Debug\stm8s_adc1.o section .text
_ADC1_SetHighThreshold              000088d4   defined in Debug\stm8s_adc1.o section .text
_ADC1_SetLowThreshold               000088e2   defined in Debug\stm8s_adc1.o section .text
_ADC1_StartConversion               000087b3   defined in Debug\stm8s_adc1.o section .text
                                               used in Debug\main.o
_APR_Array                          ********   *** removed from Debug\stm8s_awu.o ***
_AWU_Cmd                            ********   *** removed from Debug\stm8s_awu.o ***
_AWU_DeInit                         ********   *** removed from Debug\stm8s_awu.o ***
_AWU_GetFlagStatus                  ********   *** removed from Debug\stm8s_awu.o ***
_AWU_IdleModeEnable                 ********   *** removed from Debug\stm8s_awu.o ***
_AWU_Init                           ********   *** removed from Debug\stm8s_awu.o ***
_AWU_LSICalibrationConfig           ********   *** removed from Debug\stm8s_awu.o ***
_Adc2                               0000009a   defined in Debug\main.o section .bsct, initialized
_Adc3                               0000009c   defined in Debug\main.o section .bsct, initialized
_BEEP_Cmd                           ********   *** removed from Debug\stm8s_beep.o ***
_BEEP_DeInit                        ********   *** removed from Debug\stm8s_beep.o ***
_BEEP_Init                          ********   *** removed from Debug\stm8s_beep.o ***
_BEEP_LSICalibrationConfig          ********   *** removed from Debug\stm8s_beep.o ***
_BlinkSpeed                         00000001   defined in Debug\main.o section .bsct, initialized
_Blinking_StateMachine              00009c00   defined in Debug\main.o section .text
_CLKPrescTable                      000080bf   defined in Debug\stm8s_clk.o section .const
_CLK_AdjustHSICalibrationValue      0000920e   defined in Debug\stm8s_clk.o section .text
_CLK_CCOCmd                         00008d4a   defined in Debug\stm8s_clk.o section .text
_CLK_CCOConfig                      00009024   defined in Debug\stm8s_clk.o section .text
_CLK_ClearITPendingBit              0000933e   defined in Debug\stm8s_clk.o section .text
_CLK_ClockSecuritySystemEnable      00009191   defined in Debug\stm8s_clk.o section .text
_CLK_ClockSwitchCmd                 00008d75   defined in Debug\stm8s_clk.o section .text
_CLK_ClockSwitchConfig              00008eb9   defined in Debug\stm8s_clk.o section .text
_CLK_DeInit                         00008c66   defined in Debug\stm8s_clk.o section .text
                                               used in Debug\main.o
_CLK_FastHaltWakeUpCmd              00008c9e   defined in Debug\stm8s_clk.o section .text
_CLK_GetClockFreq                   0000919a   defined in Debug\stm8s_clk.o section .text
                                               used in Debug\stm8s_uart1.o
_CLK_GetFlagStatus                  00009252   defined in Debug\stm8s_clk.o section .text
_CLK_GetITStatus                    000092f3   defined in Debug\stm8s_clk.o section .text
_CLK_GetSYSCLKSource                00009196   defined in Debug\stm8s_clk.o section .text
_CLK_HSECmd                         00008cc9   defined in Debug\stm8s_clk.o section .text
                                               used in Debug\main.o
_CLK_HSICmd                         00008cf4   defined in Debug\stm8s_clk.o section .text
                                               used in Debug\main.o
_CLK_HSIPrescalerConfig             00008fef   defined in Debug\stm8s_clk.o section .text
                                               used in Debug\main.o
_CLK_ITConfig                       00009081   defined in Debug\stm8s_clk.o section .text
_CLK_LSICmd                         00008d1f   defined in Debug\stm8s_clk.o section .text
                                               used in Debug\main.o
_CLK_PeripheralClockConfig          00008dcb   defined in Debug\stm8s_clk.o section .text
_CLK_SWIMConfig                     00009166   defined in Debug\stm8s_clk.o section .text
_CLK_SYSCLKConfig                   000090f5   defined in Debug\stm8s_clk.o section .text
                                               used in Debug\main.o
_CLK_SYSCLKEmergencyClear           0000924d   defined in Debug\stm8s_clk.o section .text
_CLK_SlowActiveHaltWakeUpCmd        00008da0   defined in Debug\stm8s_clk.o section .text
_Counter                            000000a9   defined in Debug\main.o section .ubsct
_Dir                                000000a0   defined in Debug\main.o section .bsct, initialized
_EXTI_DeInit                        0000936c   defined in Debug\stm8s_exti.o section .text
_EXTI_GetExtIntSensitivity          0000946c   defined in Debug\stm8s_exti.o section .text
_EXTI_GetTLISensitivity             000094e2   defined in Debug\stm8s_exti.o section .text
_EXTI_SetExtIntSensitivity          00009375   defined in Debug\stm8s_exti.o section .text
                                               used in Debug\main.o
_EXTI_SetTLISensitivity             00009443   defined in Debug\stm8s_exti.o section .text
_Ex                                 000000a2   defined in Debug\main.o section .bsct, initialized
_Excitation                         0000009e   defined in Debug\main.o section .bsct, initialized
_FLASH_DeInit                       ********   *** removed from Debug\stm8s_flash.o ***
_FLASH_EraseBlock                   ********   *** removed from Debug\stm8s_flash.o ***
_FLASH_EraseByte                    ********   *** removed from Debug\stm8s_flash.o ***
_FLASH_EraseOptionByte              ********   *** removed from Debug\stm8s_flash.o ***
_FLASH_GetBootSize                  ********   *** removed from Debug\stm8s_flash.o ***
_FLASH_GetFlagStatus                ********   *** removed from Debug\stm8s_flash.o ***
_FLASH_GetLowPowerMode              ********   *** removed from Debug\stm8s_flash.o ***
_FLASH_GetProgrammingTime           ********   *** removed from Debug\stm8s_flash.o ***
_FLASH_ITConfig                     ********   *** removed from Debug\stm8s_flash.o ***
_FLASH_Lock                         ********   *** removed from Debug\stm8s_flash.o ***
_FLASH_ProgramBlock                 ********   *** removed from Debug\stm8s_flash.o ***
_FLASH_ProgramByte                  ********   *** removed from Debug\stm8s_flash.o ***
_FLASH_ProgramOptionByte            ********   *** removed from Debug\stm8s_flash.o ***
_FLASH_ProgramWord                  ********   *** removed from Debug\stm8s_flash.o ***
_FLASH_ReadByte                     ********   *** removed from Debug\stm8s_flash.o ***
_FLASH_ReadOptionByte               ********   *** removed from Debug\stm8s_flash.o ***
_FLASH_SetLowPowerMode              ********   *** removed from Debug\stm8s_flash.o ***
_FLASH_SetProgrammingTime           ********   *** removed from Debug\stm8s_flash.o ***
_FLASH_Unlock                       ********   *** removed from Debug\stm8s_flash.o ***
_FLASH_WaitForLastOperation         ********   *** removed from Debug\stm8s_flash.o ***
_GPIO_DeInit                        000094ef   defined in Debug\stm8s_gpio.o section .text
_GPIO_ExternalPullUpConfig          000095fd   defined in Debug\stm8s_gpio.o section .text
_GPIO_Init                          000094f7   defined in Debug\stm8s_gpio.o section .text
                                               used in Debug\main.o
_GPIO_ReadInputData                 000095f3   defined in Debug\stm8s_gpio.o section .text
_GPIO_ReadInputPin                  000095f6   defined in Debug\stm8s_gpio.o section .text
                                               used in Debug\main.o
_GPIO_ReadOutputData                000095f1   defined in Debug\stm8s_gpio.o section .text
_GPIO_Write                         000095d3   defined in Debug\stm8s_gpio.o section .text
_GPIO_WriteHigh                     000095db   defined in Debug\stm8s_gpio.o section .text
                                               used in Debug\main.o
_GPIO_WriteLow                      000095e2   defined in Debug\stm8s_gpio.o section .text
                                               used in Debug\main.o
_GPIO_WriteReverse                  000095ea   defined in Debug\stm8s_gpio.o section .text
                                               used in Debug\main.o
_HSIDivFactor                       000080bb   defined in Debug\stm8s_clk.o section .const
_I2C_AcknowledgeConfig              ********   *** removed from Debug\stm8s_i2c.o ***
_I2C_CheckEvent                     ********   *** removed from Debug\stm8s_i2c.o ***
_I2C_ClearFlag                      ********   *** removed from Debug\stm8s_i2c.o ***
_I2C_ClearITPendingBit              ********   *** removed from Debug\stm8s_i2c.o ***
_I2C_Cmd                            ********   *** removed from Debug\stm8s_i2c.o ***
_I2C_DeInit                         ********   *** removed from Debug\stm8s_i2c.o ***
_I2C_FastModeDutyCycleConfig        ********   *** removed from Debug\stm8s_i2c.o ***
_I2C_GeneralCallCmd                 ********   *** removed from Debug\stm8s_i2c.o ***
_I2C_GenerateSTART                  ********   *** removed from Debug\stm8s_i2c.o ***
_I2C_GenerateSTOP                   ********   *** removed from Debug\stm8s_i2c.o ***
_I2C_GetFlagStatus                  ********   *** removed from Debug\stm8s_i2c.o ***
_I2C_GetITStatus                    ********   *** removed from Debug\stm8s_i2c.o ***
_I2C_GetLastEvent                   ********   *** removed from Debug\stm8s_i2c.o ***
_I2C_ITConfig                       ********   *** removed from Debug\stm8s_i2c.o ***
_I2C_Init                           ********   *** removed from Debug\stm8s_i2c.o ***
_I2C_ReceiveData                    ********   *** removed from Debug\stm8s_i2c.o ***
_I2C_Send7bitAddress                ********   *** removed from Debug\stm8s_i2c.o ***
_I2C_SendData                       ********   *** removed from Debug\stm8s_i2c.o ***
_I2C_SoftwareResetCmd               ********   *** removed from Debug\stm8s_i2c.o ***
_I2C_StretchClockCmd                ********   *** removed from Debug\stm8s_i2c.o ***
_ITC_DeInit                         ********   *** removed from Debug\stm8s_itc.o ***
_ITC_GetCPUCC                       ********   *** removed from Debug\stm8s_itc.o ***
_ITC_GetSoftIntStatus               ********   *** removed from Debug\stm8s_itc.o ***
_ITC_GetSoftwarePriority            ********   *** removed from Debug\stm8s_itc.o ***
_ITC_SetSoftwarePriority            ********   *** removed from Debug\stm8s_itc.o ***
_IWDG_Enable                        ********   *** removed from Debug\stm8s_iwdg.o ***
_IWDG_ReloadCounter                 ********   *** removed from Debug\stm8s_iwdg.o ***
_IWDG_SetPrescaler                  ********   *** removed from Debug\stm8s_iwdg.o ***
_IWDG_SetReload                     ********   *** removed from Debug\stm8s_iwdg.o ***
_IWDG_WriteAccessCmd                ********   *** removed from Debug\stm8s_iwdg.o ***
_MotorStep                          00009a25   defined in Debug\main.o section .text
_MotorStep2                         00009949   defined in Debug\main.o section .text
_OnTimer4                           00009b0f   defined in Debug\main.o section .text
                                               used in Debug\stm8s_it.o
_Origin                             0000009f   defined in Debug\main.o section .bsct, initialized
_PeriodNumber                       00000002   defined in Debug\main.o section .bsct, initialized
_Phase                              000000a1   defined in Debug\main.o section .bsct, initialized
_PortB                              000000a6   defined in Debug\main.o section .bsct, initialized
_RST_ClearFlag                      ********   *** removed from Debug\stm8s_rst.o ***
_RST_GetFlagStatus                  ********   *** removed from Debug\stm8s_rst.o ***
_SPI_BiDirectionalLineConfig        ********   *** removed from Debug\stm8s_spi.o ***
_SPI_CalculateCRCCmd                ********   *** removed from Debug\stm8s_spi.o ***
_SPI_ClearFlag                      ********   *** removed from Debug\stm8s_spi.o ***
_SPI_ClearITPendingBit              ********   *** removed from Debug\stm8s_spi.o ***
_SPI_Cmd                            ********   *** removed from Debug\stm8s_spi.o ***
_SPI_DeInit                         ********   *** removed from Debug\stm8s_spi.o ***
_SPI_GetCRC                         ********   *** removed from Debug\stm8s_spi.o ***
_SPI_GetCRCPolynomial               ********   *** removed from Debug\stm8s_spi.o ***
_SPI_GetFlagStatus                  ********   *** removed from Debug\stm8s_spi.o ***
_SPI_GetITStatus                    ********   *** removed from Debug\stm8s_spi.o ***
_SPI_ITConfig                       ********   *** removed from Debug\stm8s_spi.o ***
_SPI_Init                           ********   *** removed from Debug\stm8s_spi.o ***
_SPI_NSSInternalSoftwareCmd         ********   *** removed from Debug\stm8s_spi.o ***
_SPI_ReceiveData                    ********   *** removed from Debug\stm8s_spi.o ***
_SPI_ResetCRC                       ********   *** removed from Debug\stm8s_spi.o ***
_SPI_SendData                       ********   *** removed from Debug\stm8s_spi.o ***
_SPI_TransmitCRC                    ********   *** removed from Debug\stm8s_spi.o ***
_TBR_Array                          ********   *** removed from Debug\stm8s_awu.o ***
_TIM1_ARRPreloadConfig              ********   *** removed from Debug\stm8s_tim1.o ***
_TIM1_BDTRConfig                    ********   *** removed from Debug\stm8s_tim1.o ***
_TIM1_CCPreloadControl              ********   *** removed from Debug\stm8s_tim1.o ***
_TIM1_CCxCmd                        ********   *** removed from Debug\stm8s_tim1.o ***
_TIM1_CCxNCmd                       ********   *** removed from Debug\stm8s_tim1.o ***
_TIM1_ClearFlag                     ********   *** removed from Debug\stm8s_tim1.o ***
_TIM1_ClearITPendingBit             ********   *** removed from Debug\stm8s_tim1.o ***
_TIM1_Cmd                           ********   *** removed from Debug\stm8s_tim1.o ***
_TIM1_CounterModeConfig             ********   *** removed from Debug\stm8s_tim1.o ***
_TIM1_CtrlPWMOutputs                ********   *** removed from Debug\stm8s_tim1.o ***
_TIM1_DeInit                        ********   *** removed from Debug\stm8s_tim1.o ***
_TIM1_ETRClockMode1Config           ********   *** removed from Debug\stm8s_tim1.o ***
_TIM1_ETRClockMode2Config           ********   *** removed from Debug\stm8s_tim1.o ***
_TIM1_ETRConfig                     ********   *** removed from Debug\stm8s_tim1.o ***
_TIM1_EncoderInterfaceConfig        ********   *** removed from Debug\stm8s_tim1.o ***
_TIM1_ForcedOC1Config               ********   *** removed from Debug\stm8s_tim1.o ***
_TIM1_ForcedOC2Config               ********   *** removed from Debug\stm8s_tim1.o ***
_TIM1_ForcedOC3Config               ********   *** removed from Debug\stm8s_tim1.o ***
_TIM1_ForcedOC4Config               ********   *** removed from Debug\stm8s_tim1.o ***
_TIM1_GenerateEvent                 ********   *** removed from Debug\stm8s_tim1.o ***
_TIM1_GetCapture1                   ********   *** removed from Debug\stm8s_tim1.o ***
_TIM1_GetCapture2                   ********   *** removed from Debug\stm8s_tim1.o ***
_TIM1_GetCapture3                   ********   *** removed from Debug\stm8s_tim1.o ***
_TIM1_GetCapture4                   ********   *** removed from Debug\stm8s_tim1.o ***
_TIM1_GetCounter                    ********   *** removed from Debug\stm8s_tim1.o ***
_TIM1_GetFlagStatus                 ********   *** removed from Debug\stm8s_tim1.o ***
_TIM1_GetITStatus                   ********   *** removed from Debug\stm8s_tim1.o ***
_TIM1_GetPrescaler                  ********   *** removed from Debug\stm8s_tim1.o ***
_TIM1_ICInit                        ********   *** removed from Debug\stm8s_tim1.o ***
_TIM1_ITConfig                      ********   *** removed from Debug\stm8s_tim1.o ***
_TIM1_InternalClockConfig           ********   *** removed from Debug\stm8s_tim1.o ***
_TIM1_OC1FastConfig                 ********   *** removed from Debug\stm8s_tim1.o ***
_TIM1_OC1Init                       ********   *** removed from Debug\stm8s_tim1.o ***
_TIM1_OC1NPolarityConfig            ********   *** removed from Debug\stm8s_tim1.o ***
_TIM1_OC1PolarityConfig             ********   *** removed from Debug\stm8s_tim1.o ***
_TIM1_OC1PreloadConfig              ********   *** removed from Debug\stm8s_tim1.o ***
_TIM1_OC2FastConfig                 ********   *** removed from Debug\stm8s_tim1.o ***
_TIM1_OC2Init                       ********   *** removed from Debug\stm8s_tim1.o ***
_TIM1_OC2NPolarityConfig            ********   *** removed from Debug\stm8s_tim1.o ***
_TIM1_OC2PolarityConfig             ********   *** removed from Debug\stm8s_tim1.o ***
_TIM1_OC2PreloadConfig              ********   *** removed from Debug\stm8s_tim1.o ***
_TIM1_OC3FastConfig                 ********   *** removed from Debug\stm8s_tim1.o ***
_TIM1_OC3Init                       ********   *** removed from Debug\stm8s_tim1.o ***
_TIM1_OC3NPolarityConfig            ********   *** removed from Debug\stm8s_tim1.o ***
_TIM1_OC3PolarityConfig             ********   *** removed from Debug\stm8s_tim1.o ***
_TIM1_OC3PreloadConfig              ********   *** removed from Debug\stm8s_tim1.o ***
_TIM1_OC4FastConfig                 ********   *** removed from Debug\stm8s_tim1.o ***
_TIM1_OC4Init                       ********   *** removed from Debug\stm8s_tim1.o ***
_TIM1_OC4PolarityConfig             ********   *** removed from Debug\stm8s_tim1.o ***
_TIM1_OC4PreloadConfig              ********   *** removed from Debug\stm8s_tim1.o ***
_TIM1_PWMIConfig                    ********   *** removed from Debug\stm8s_tim1.o ***
_TIM1_PrescalerConfig               ********   *** removed from Debug\stm8s_tim1.o ***
_TIM1_SelectCOM                     ********   *** removed from Debug\stm8s_tim1.o ***
_TIM1_SelectHallSensor              ********   *** removed from Debug\stm8s_tim1.o ***
_TIM1_SelectInputTrigger            ********   *** removed from Debug\stm8s_tim1.o ***
_TIM1_SelectMasterSlaveMode         ********   *** removed from Debug\stm8s_tim1.o ***
_TIM1_SelectOCxM                    ********   *** removed from Debug\stm8s_tim1.o ***
_TIM1_SelectOnePulseMode            ********   *** removed from Debug\stm8s_tim1.o ***
_TIM1_SelectOutputTrigger           ********   *** removed from Debug\stm8s_tim1.o ***
_TIM1_SelectSlaveMode               ********   *** removed from Debug\stm8s_tim1.o ***
_TIM1_SetAutoreload                 ********   *** removed from Debug\stm8s_tim1.o ***
_TIM1_SetCompare1                   ********   *** removed from Debug\stm8s_tim1.o ***
_TIM1_SetCompare2                   ********   *** removed from Debug\stm8s_tim1.o ***
_TIM1_SetCompare3                   ********   *** removed from Debug\stm8s_tim1.o ***
_TIM1_SetCompare4                   ********   *** removed from Debug\stm8s_tim1.o ***
_TIM1_SetCounter                    ********   *** removed from Debug\stm8s_tim1.o ***
_TIM1_SetIC1Prescaler               ********   *** removed from Debug\stm8s_tim1.o ***
_TIM1_SetIC2Prescaler               ********   *** removed from Debug\stm8s_tim1.o ***
_TIM1_SetIC3Prescaler               ********   *** removed from Debug\stm8s_tim1.o ***
_TIM1_SetIC4Prescaler               ********   *** removed from Debug\stm8s_tim1.o ***
_TIM1_TIxExternalClockConfig        ********   *** removed from Debug\stm8s_tim1.o ***
_TIM1_TimeBaseInit                  ********   *** removed from Debug\stm8s_tim1.o ***
_TIM1_UpdateDisableConfig           ********   *** removed from Debug\stm8s_tim1.o ***
_TIM1_UpdateRequestConfig           ********   *** removed from Debug\stm8s_tim1.o ***
_TIM2_ARRPreloadConfig              ********   *** removed from Debug\stm8s_tim2.o ***
_TIM2_CCxCmd                        ********   *** removed from Debug\stm8s_tim2.o ***
_TIM2_ClearFlag                     ********   *** removed from Debug\stm8s_tim2.o ***
_TIM2_ClearITPendingBit             ********   *** removed from Debug\stm8s_tim2.o ***
_TIM2_Cmd                           ********   *** removed from Debug\stm8s_tim2.o ***
_TIM2_DeInit                        ********   *** removed from Debug\stm8s_tim2.o ***
_TIM2_ForcedOC1Config               ********   *** removed from Debug\stm8s_tim2.o ***
_TIM2_ForcedOC2Config               ********   *** removed from Debug\stm8s_tim2.o ***
_TIM2_ForcedOC3Config               ********   *** removed from Debug\stm8s_tim2.o ***
_TIM2_GenerateEvent                 ********   *** removed from Debug\stm8s_tim2.o ***
_TIM2_GetCapture1                   ********   *** removed from Debug\stm8s_tim2.o ***
_TIM2_GetCapture2                   ********   *** removed from Debug\stm8s_tim2.o ***
_TIM2_GetCapture3                   ********   *** removed from Debug\stm8s_tim2.o ***
_TIM2_GetCounter                    ********   *** removed from Debug\stm8s_tim2.o ***
_TIM2_GetFlagStatus                 ********   *** removed from Debug\stm8s_tim2.o ***
_TIM2_GetITStatus                   ********   *** removed from Debug\stm8s_tim2.o ***
_TIM2_GetPrescaler                  ********   *** removed from Debug\stm8s_tim2.o ***
_TIM2_ICInit                        ********   *** removed from Debug\stm8s_tim2.o ***
_TIM2_ITConfig                      ********   *** removed from Debug\stm8s_tim2.o ***
_TIM2_OC1Init                       ********   *** removed from Debug\stm8s_tim2.o ***
_TIM2_OC1PolarityConfig             ********   *** removed from Debug\stm8s_tim2.o ***
_TIM2_OC1PreloadConfig              ********   *** removed from Debug\stm8s_tim2.o ***
_TIM2_OC2Init                       ********   *** removed from Debug\stm8s_tim2.o ***
_TIM2_OC2PolarityConfig             ********   *** removed from Debug\stm8s_tim2.o ***
_TIM2_OC2PreloadConfig              ********   *** removed from Debug\stm8s_tim2.o ***
_TIM2_OC3Init                       ********   *** removed from Debug\stm8s_tim2.o ***
_TIM2_OC3PolarityConfig             ********   *** removed from Debug\stm8s_tim2.o ***
_TIM2_OC3PreloadConfig              ********   *** removed from Debug\stm8s_tim2.o ***
_TIM2_PWMIConfig                    ********   *** removed from Debug\stm8s_tim2.o ***
_TIM2_PrescalerConfig               ********   *** removed from Debug\stm8s_tim2.o ***
_TIM2_SelectOCxM                    ********   *** removed from Debug\stm8s_tim2.o ***
_TIM2_SelectOnePulseMode            ********   *** removed from Debug\stm8s_tim2.o ***
_TIM2_SetAutoreload                 ********   *** removed from Debug\stm8s_tim2.o ***
_TIM2_SetCompare1                   ********   *** removed from Debug\stm8s_tim2.o ***
_TIM2_SetCompare2                   ********   *** removed from Debug\stm8s_tim2.o ***
_TIM2_SetCompare3                   ********   *** removed from Debug\stm8s_tim2.o ***
_TIM2_SetCounter                    ********   *** removed from Debug\stm8s_tim2.o ***
_TIM2_SetIC1Prescaler               ********   *** removed from Debug\stm8s_tim2.o ***
_TIM2_SetIC2Prescaler               ********   *** removed from Debug\stm8s_tim2.o ***
_TIM2_SetIC3Prescaler               ********   *** removed from Debug\stm8s_tim2.o ***
_TIM2_TimeBaseInit                  ********   *** removed from Debug\stm8s_tim2.o ***
_TIM2_UpdateDisableConfig           ********   *** removed from Debug\stm8s_tim2.o ***
_TIM2_UpdateRequestConfig           ********   *** removed from Debug\stm8s_tim2.o ***
_TIM4_ARRPreloadConfig              00009810   defined in Debug\stm8s_tim4.o section .text
_TIM4_ClearFlag                     00009896   defined in Debug\stm8s_tim4.o section .text
_TIM4_ClearITPendingBit             000098f2   defined in Debug\stm8s_tim4.o section .text
                                               used in Debug\stm8s_it.o
_TIM4_Cmd                           000096ab   defined in Debug\stm8s_tim4.o section .text
                                               used in Debug\main.o
_TIM4_DeInit                        0000964b   defined in Debug\stm8s_tim4.o section .text
                                               used in Debug\main.o
_TIM4_GenerateEvent                 0000983b   defined in Debug\stm8s_tim4.o section .text
_TIM4_GetCounter                    00009862   defined in Debug\stm8s_tim4.o section .text
_TIM4_GetFlagStatus                 0000986a   defined in Debug\stm8s_tim4.o section .text
_TIM4_GetITStatus                   000098b6   defined in Debug\stm8s_tim4.o section .text
_TIM4_GetPrescaler                  00009866   defined in Debug\stm8s_tim4.o section .text
_TIM4_ITConfig                      000096d6   defined in Debug\stm8s_tim4.o section .text
                                               used in Debug\main.o
_TIM4_PrescalerConfig               000097a6   defined in Debug\stm8s_tim4.o section .text
_TIM4_SelectOnePulseMode            0000977b   defined in Debug\stm8s_tim4.o section .text
_TIM4_SetAutoreload                 0000985e   defined in Debug\stm8s_tim4.o section .text
_TIM4_SetCounter                    0000985a   defined in Debug\stm8s_tim4.o section .text
_TIM4_TimeBaseInit                  00009664   defined in Debug\stm8s_tim4.o section .text
                                               used in Debug\main.o
_TIM4_UpdateDisableConfig           00009725   defined in Debug\stm8s_tim4.o section .text
_TIM4_UpdateRequestConfig           00009750   defined in Debug\stm8s_tim4.o section .text
_TIMER_Configuration                00009beb   defined in Debug\main.o section .text
_UART1_ClearFlag                    ********   *** removed from Debug\stm8s_uart1.o ***
_UART1_ClearITPendingBit            ********   *** removed from Debug\stm8s_uart1.o ***
_UART1_Cmd                          ********   *** removed from Debug\stm8s_uart1.o ***
_UART1_DeInit                       ********   *** removed from Debug\stm8s_uart1.o ***
_UART1_GetFlagStatus                ********   *** removed from Debug\stm8s_uart1.o ***
_UART1_GetITStatus                  ********   *** removed from Debug\stm8s_uart1.o ***
_UART1_HalfDuplexCmd                ********   *** removed from Debug\stm8s_uart1.o ***
_UART1_ITConfig                     ********   *** removed from Debug\stm8s_uart1.o ***
_UART1_Init                         ********   *** removed from Debug\stm8s_uart1.o ***
_UART1_IrDACmd                      ********   *** removed from Debug\stm8s_uart1.o ***
_UART1_IrDAConfig                   ********   *** removed from Debug\stm8s_uart1.o ***
_UART1_LINBreakDetectionConfig      ********   *** removed from Debug\stm8s_uart1.o ***
_UART1_LINCmd                       ********   *** removed from Debug\stm8s_uart1.o ***
_UART1_ReceiveData8                 ********   *** removed from Debug\stm8s_uart1.o ***
_UART1_ReceiveData9                 ********   *** removed from Debug\stm8s_uart1.o ***
_UART1_ReceiverWakeUpCmd            ********   *** removed from Debug\stm8s_uart1.o ***
_UART1_SendBreak                    ********   *** removed from Debug\stm8s_uart1.o ***
_UART1_SendData8                    ********   *** removed from Debug\stm8s_uart1.o ***
_UART1_SendData9                    ********   *** removed from Debug\stm8s_uart1.o ***
_UART1_SetAddress                   ********   *** removed from Debug\stm8s_uart1.o ***
_UART1_SetGuardTime                 ********   *** removed from Debug\stm8s_uart1.o ***
_UART1_SetPrescaler                 ********   *** removed from Debug\stm8s_uart1.o ***
_UART1_SmartCardCmd                 ********   *** removed from Debug\stm8s_uart1.o ***
_UART1_SmartCardNACKCmd             ********   *** removed from Debug\stm8s_uart1.o ***
_UART1_WakeUpConfig                 ********   *** removed from Debug\stm8s_uart1.o ***
_User_Key_Pressed                   00000000   defined in Debug\main.o section .bsct, initialized
                                               used in Debug\stm8s_it.o
_WWDG_GetCounter                    ********   *** removed from Debug\stm8s_wwdg.o ***
_WWDG_Init                          ********   *** removed from Debug\stm8s_wwdg.o ***
_WWDG_SWReset                       ********   *** removed from Debug\stm8s_wwdg.o ***
_WWDG_SetCounter                    ********   *** removed from Debug\stm8s_wwdg.o ***
_WWDG_SetWindowValue                ********   *** removed from Debug\stm8s_wwdg.o ***
__endmem                            000001ff   defined in command file
                                               *** not used ***
__endzp                             000000b5   defined in command file section .ubsct
                                               used in C:\Program Files (x86)\COSMIC\FSE_Compilers\CXSTM8\Lib\crtsi0.sm8
__idesc__                           000081b2   defined in linker section .init
                                               used in C:\Program Files (x86)\COSMIC\FSE_Compilers\CXSTM8\Lib\crtsi0.sm8
__memory                            00000100   defined in command file section .bss
                                               used in C:\Program Files (x86)\COSMIC\FSE_Compilers\CXSTM8\Lib\crtsi0.sm8
__stack                             000003ff   defined in command file
                                               used in C:\Program Files (x86)\COSMIC\FSE_Compilers\CXSTM8\Lib\crtsi0.sm8
__startmem                          00000100   defined in command file section .bss
                                               *** not used ***
__stext                             00008261   defined in C:\Program Files (x86)\COSMIC\FSE_Compilers\CXSTM8\Lib\crtsi0.sm8 section .text
                                               used in Debug\stm8_interrupt_vector.o
__vectab                            00008000   defined in Debug\stm8_interrupt_vector.o section .const
_assert_failed                      00009cd3   defined in Debug\main.o section .text
                                               used in Debug\stm8s_adc1.o
                                                       Debug\stm8s_awu.o
                                                       Debug\stm8s_beep.o
                                                       Debug\stm8s_clk.o
                                                       Debug\stm8s_exti.o
                                                       Debug\stm8s_flash.o
                                                       Debug\stm8s_gpio.o
                                                       Debug\stm8s_i2c.o
                                                       Debug\stm8s_itc.o
                                                       Debug\stm8s_iwdg.o
                                                       Debug\stm8s_rst.o
                                                       Debug\stm8s_spi.o
                                                       Debug\stm8s_tim1.o
                                                       Debug\stm8s_tim2.o
                                                       Debug\stm8s_tim4.o
                                                       Debug\stm8s_uart1.o
                                                       Debug\stm8s_wwdg.o
_exit                               000082af   defined in C:\Program Files (x86)\COSMIC\FSE_Compilers\CXSTM8\Lib\crtsi0.sm8 section .text
_i                                  00000004   defined in Debug\main.o section .bsct, initialized
_ii                                 000000a8   defined in Debug\main.o section .ubsct
_jj                                 000000a7   defined in Debug\main.o section .ubsct
_main                               00009b2c   defined in Debug\main.o section .text
                                               used in C:\Program Files (x86)\COSMIC\FSE_Compilers\CXSTM8\Lib\crtsi0.sm8
_s                                  ********   *** removed from Debug\main.o ***
c_cmulx                             ********   *** removed from (C:\Program Files (x86)\COSMIC\FSE_Compilers\CXSTM8\Lib\libm0.sm8)cmulx.o ***
c_divsl                             00009d3e   defined in (C:\Program Files (x86)\COSMIC\FSE_Compilers\CXSTM8\Lib\libm0.sm8)ldiv.o section .text
                                               *** not used ***
c_divul                             00009d55   defined in (C:\Program Files (x86)\COSMIC\FSE_Compilers\CXSTM8\Lib\libm0.sm8)ldiv.o section .text
                                               used in (C:\Program Files (x86)\COSMIC\FSE_Compilers\CXSTM8\Lib\libm0.sm8)ludiv.o
c_imul                              ********   *** removed from (C:\Program Files (x86)\COSMIC\FSE_Compilers\CXSTM8\Lib\libm0.sm8)imul.o ***
c_ladd                              ********   *** removed from (C:\Program Files (x86)\COSMIC\FSE_Compilers\CXSTM8\Lib\libm0.sm8)ladd.o ***
c_lcmp                              ********   *** removed from (C:\Program Files (x86)\COSMIC\FSE_Compilers\CXSTM8\Lib\libm0.sm8)lcmp.o ***
c_lgadd                             ********   *** removed from (C:\Program Files (x86)\COSMIC\FSE_Compilers\CXSTM8\Lib\libm0.sm8)lgadd.o ***
c_lgneg                             00009e29   defined in (C:\Program Files (x86)\COSMIC\FSE_Compilers\CXSTM8\Lib\libm0.sm8)lgneg.o section .text
                                               used in (C:\Program Files (x86)\COSMIC\FSE_Compilers\CXSTM8\Lib\libm0.sm8)ldiv.o
c_llsh                              ********   *** removed from (C:\Program Files (x86)\COSMIC\FSE_Compilers\CXSTM8\Lib\libm0.sm8)llsh.o ***
c_lmul                              ********   *** removed from (C:\Program Files (x86)\COSMIC\FSE_Compilers\CXSTM8\Lib\libm0.sm8)lmul.o ***
c_lmulc                             ********   *** removed from (C:\Program Files (x86)\COSMIC\FSE_Compilers\CXSTM8\Lib\libm0.sm8)lmul.o ***
c_lneg                              00009e3c   defined in (C:\Program Files (x86)\COSMIC\FSE_Compilers\CXSTM8\Lib\libm0.sm8)lneg.o section .text
                                               used in (C:\Program Files (x86)\COSMIC\FSE_Compilers\CXSTM8\Lib\libm0.sm8)ldiv.o
c_lreg                              000000ab   defined in (C:\Program Files (x86)\COSMIC\FSE_Compilers\CXSTM8\Lib\libm0.sm8)lreg.o section .ubsct
                                               used in Debug\stm8s_awu.o
                                                       Debug\stm8s_beep.o
                                                       Debug\stm8s_clk.o
                                                       Debug\stm8s_flash.o
                                                       Debug\stm8s_i2c.o
                                                       Debug\stm8s_uart1.o
                                                       (C:\Program Files (x86)\COSMIC\FSE_Compilers\CXSTM8\Lib\libm0.sm8)cmulx.o
                                                       (C:\Program Files (x86)\COSMIC\FSE_Compilers\CXSTM8\Lib\libm0.sm8)ladd.o
                                                       (C:\Program Files (x86)\COSMIC\FSE_Compilers\CXSTM8\Lib\libm0.sm8)lcmp.o
                                                       (C:\Program Files (x86)\COSMIC\FSE_Compilers\CXSTM8\Lib\libm0.sm8)lgadd.o
                                                       (C:\Program Files (x86)\COSMIC\FSE_Compilers\CXSTM8\Lib\libm0.sm8)llsh.o
                                                       (C:\Program Files (x86)\COSMIC\FSE_Compilers\CXSTM8\Lib\libm0.sm8)lmul.o
                                                       (C:\Program Files (x86)\COSMIC\FSE_Compilers\CXSTM8\Lib\libm0.sm8)lsub.o
                                                       (C:\Program Files (x86)\COSMIC\FSE_Compilers\CXSTM8\Lib\libm0.sm8)ltor.o
                                                       (C:\Program Files (x86)\COSMIC\FSE_Compilers\CXSTM8\Lib\libm0.sm8)ldiv.o
                                                       (C:\Program Files (x86)\COSMIC\FSE_Compilers\CXSTM8\Lib\libm0.sm8)lneg.o
                                                       (C:\Program Files (x86)\COSMIC\FSE_Compilers\CXSTM8\Lib\libm0.sm8)lursh.o
                                                       (C:\Program Files (x86)\COSMIC\FSE_Compilers\CXSTM8\Lib\libm0.sm8)rtol.o
                                                       (C:\Program Files (x86)\COSMIC\FSE_Compilers\CXSTM8\Lib\libm0.sm8)smul.o
                                                       (C:\Program Files (x86)\COSMIC\FSE_Compilers\CXSTM8\Lib\libm0.sm8)umul.o
c_lsub                              ********   *** removed from (C:\Program Files (x86)\COSMIC\FSE_Compilers\CXSTM8\Lib\libm0.sm8)lsub.o ***
c_ltor                              00009d18   defined in (C:\Program Files (x86)\COSMIC\FSE_Compilers\CXSTM8\Lib\libm0.sm8)ltor.o section .text
                                               used in Debug\stm8s_awu.o
                                                       Debug\stm8s_beep.o
                                                       Debug\stm8s_clk.o
                                                       Debug\stm8s_flash.o
                                                       Debug\stm8s_i2c.o
                                                       Debug\stm8s_uart1.o
c_ludv                              00009d2a   defined in (C:\Program Files (x86)\COSMIC\FSE_Compilers\CXSTM8\Lib\libm0.sm8)ludiv.o section .text
                                               used in Debug\stm8s_awu.o
                                                       Debug\stm8s_beep.o
                                                       Debug\stm8s_clk.o
                                                       Debug\stm8s_i2c.o
                                                       Debug\stm8s_uart1.o
c_lursh                             ********   *** removed from (C:\Program Files (x86)\COSMIC\FSE_Compilers\CXSTM8\Lib\libm0.sm8)lursh.o ***
c_lzmp                              ********   *** removed from (C:\Program Files (x86)\COSMIC\FSE_Compilers\CXSTM8\Lib\libm0.sm8)lzmp.o ***
c_rtol                              00009e51   defined in (C:\Program Files (x86)\COSMIC\FSE_Compilers\CXSTM8\Lib\libm0.sm8)rtol.o section .text
                                               used in Debug\stm8s_clk.o
                                                       Debug\stm8s_flash.o
                                                       Debug\stm8s_i2c.o
                                                       Debug\stm8s_uart1.o
c_sdivx                             ********   *** removed from (C:\Program Files (x86)\COSMIC\FSE_Compilers\CXSTM8\Lib\libm0.sm8)sdivx.o ***
c_smodx                             ********   *** removed from (C:\Program Files (x86)\COSMIC\FSE_Compilers\CXSTM8\Lib\libm0.sm8)sdivx.o ***
c_smul                              ********   *** removed from (C:\Program Files (x86)\COSMIC\FSE_Compilers\CXSTM8\Lib\libm0.sm8)smul.o ***
c_umul                              ********   *** removed from (C:\Program Files (x86)\COSMIC\FSE_Compilers\CXSTM8\Lib\libm0.sm8)umul.o ***
c_x                                 000000af   defined in (C:\Program Files (x86)\COSMIC\FSE_Compilers\CXSTM8\Lib\libm0.sm8)xreg.o section .ubsct
                                               used in C:\Program Files (x86)\COSMIC\FSE_Compilers\CXSTM8\Lib\crtsi0.sm8
                                                       Debug\stm8s_awu.o
                                                       Debug\stm8s_beep.o
                                                       Debug\stm8s_it.o
                                                       (C:\Program Files (x86)\COSMIC\FSE_Compilers\CXSTM8\Lib\libm0.sm8)imul.o
                                                       (C:\Program Files (x86)\COSMIC\FSE_Compilers\CXSTM8\Lib\libm0.sm8)lmul.o
                                                       (C:\Program Files (x86)\COSMIC\FSE_Compilers\CXSTM8\Lib\libm0.sm8)ldiv.o
                                                       (C:\Program Files (x86)\COSMIC\FSE_Compilers\CXSTM8\Lib\libm0.sm8)sdivx.o
                                                       (C:\Program Files (x86)\COSMIC\FSE_Compilers\CXSTM8\Lib\libm0.sm8)umul.o
c_y                                 000000b2   defined in (C:\Program Files (x86)\COSMIC\FSE_Compilers\CXSTM8\Lib\libm0.sm8)yreg.o section .ubsct
                                               used in C:\Program Files (x86)\COSMIC\FSE_Compilers\CXSTM8\Lib\crtsi0.sm8
                                                       Debug\stm8s_it.o
                                                       (C:\Program Files (x86)\COSMIC\FSE_Compilers\CXSTM8\Lib\libm0.sm8)umul.o
f_ADC1_IRQHandler                   00009cef   defined in Debug\stm8s_it.o section .text
                                               used in Debug\stm8_interrupt_vector.o
f_AWU_IRQHandler                    00009cd8   defined in Debug\stm8s_it.o section .text
                                               used in Debug\stm8_interrupt_vector.o
f_CLK_IRQHandler                    00009cd9   defined in Debug\stm8s_it.o section .text
                                               used in Debug\stm8_interrupt_vector.o
f_EEPROM_EEC_IRQHandler             00009d17   defined in Debug\stm8s_it.o section .text
                                               used in Debug\stm8_interrupt_vector.o
f_EXTI_PORTA_IRQHandler             00009cda   defined in Debug\stm8s_it.o section .text
                                               used in Debug\stm8_interrupt_vector.o
f_EXTI_PORTB_IRQHandler             00009cdb   defined in Debug\stm8s_it.o section .text
                                               used in Debug\stm8_interrupt_vector.o
f_EXTI_PORTC_IRQHandler             00009ce4   defined in Debug\stm8s_it.o section .text
                                               used in Debug\stm8_interrupt_vector.o
f_EXTI_PORTD_IRQHandler             00009ce5   defined in Debug\stm8s_it.o section .text
                                               used in Debug\stm8_interrupt_vector.o
f_EXTI_PORTE_IRQHandler             00009ce6   defined in Debug\stm8s_it.o section .text
                                               used in Debug\stm8_interrupt_vector.o
f_I2C_IRQHandler                    00009cee   defined in Debug\stm8s_it.o section .text
                                               used in Debug\stm8_interrupt_vector.o
f_NonHandledInterrupt               00009cd5   defined in Debug\stm8s_it.o section .text
                                               used in Debug\stm8_interrupt_vector.o
f_SPI_IRQHandler                    00009ce7   defined in Debug\stm8s_it.o section .text
                                               used in Debug\stm8_interrupt_vector.o
f_TIM1_CAP_COM_IRQHandler           00009ce9   defined in Debug\stm8s_it.o section .text
                                               used in Debug\stm8_interrupt_vector.o
f_TIM1_UPD_OVF_TRG_BRK_IRQHandler   00009ce8   defined in Debug\stm8s_it.o section .text
                                               used in Debug\stm8_interrupt_vector.o
f_TIM2_CAP_COM_IRQHandler           00009ceb   defined in Debug\stm8s_it.o section .text
                                               used in Debug\stm8_interrupt_vector.o
f_TIM2_UPD_OVF_BRK_IRQHandler       00009cea   defined in Debug\stm8s_it.o section .text
                                               used in Debug\stm8_interrupt_vector.o
f_TIM4_UPD_OVF_IRQHandler           00009cf0   defined in Debug\stm8s_it.o section .text
                                               used in Debug\stm8_interrupt_vector.o
f_TLI_IRQHandler                    00009cd7   defined in Debug\stm8s_it.o section .text
                                               used in Debug\stm8_interrupt_vector.o
f_TRAP_IRQHandler                   00009cd6   defined in Debug\stm8s_it.o section .text
                                               used in Debug\stm8_interrupt_vector.o
f_UART1_RX_IRQHandler               00009ced   defined in Debug\stm8s_it.o section .text
                                               used in Debug\stm8_interrupt_vector.o
f_UART1_TX_IRQHandler               00009cec   defined in Debug\stm8s_it.o section .text
                                               used in Debug\stm8_interrupt_vector.o
