
Map of Debug\motordriver.sm8 from link file Debug\motordriver.lkf - Wed May 09 14:22:54 2018


                               --------
                               Segments
                               --------

start 00008080 end 00008171 length   241 segment .const
start 00008190 end 00009eff length  7535 segment .text
start 00004000 end 00004000 length     0 segment .eeprom
start 00000000 end 00000017 length    23 segment .bsct, initialized
start 00008179 end 00008190 length    23 segment .bsct, from
start 00000017 end 000000e7 length   208 segment .ubsct
start 000000e7 end 000000e7 length     0 segment .bit
start 000000e7 end 000000e7 length     0 segment .share
start 00000100 end 00000100 length     0 segment .data
start 00000100 end 00000100 length     0 segment .bss
start 00000000 end 00000a1d length  2589 segment .info.
start 00000000 end 000087f2 length 34802 segment .debug
start 00008000 end 00008080 length   128 segment .const
start 00008171 end 00008179 length     8 segment .init


                               -------
                               Modules
                               -------

C:\Program Files (x86)\COSMIC\FSE_Compilers\CXSTM8\lib\crtsi0.sm8:
start 00008190 end 000081e0 length    80 section .text
start 00000100 end 00000100 length     0 section .bss
start 00000017 end 00000017 length     0 section .ubsct
start 00000000 end 0000002f length    47 section .info.

Debug\stm8s_adc1_sub.o:
start 000081e0 end 000085e3 length  1027 section .text
start 00000000 end 00000e48 length  3656 section .debug
start 0000002f end 000000c5 length   150 section .info.
start 00008080 end 00008091 length    17 section .const

Debug\stm8s_tim2_sub.o:
start 000085e3 end 00008aeb length  1288 section .text
start 00000e48 end 00002dcf length  8071 section .debug
start 000000c5 end 0000015b length   150 section .info.
start 00008091 end 000080a2 length    17 section .const

Debug\stm8s_clk.o:
start 00008aeb end 0000909f length  1460 section .text
start 00002dcf end 0000443e length  5743 section .debug
start 0000015b end 000001ec length   145 section .info.
start 000080a2 end 000080e9 length    71 section .const

Debug\stm8s_gpio.o:
start 0000909f end 000091a7 length   264 section .text
start 0000443e end 00004e48 length  2570 section .debug
start 000001ec end 0000027e length   146 section .info.
start 000080e9 end 00008125 length    60 section .const

Debug\stm8s_tim4.o:
start 000091a7 end 000093ed length   582 section .text
start 00004e48 end 000059ff length  2999 section .debug
start 0000027e end 00000310 length   146 section .info.
start 00008125 end 00008161 length    60 section .const

Debug\stm8s_uart1.o:
start ******** end ******** length     0 section .text *** removed ***
start 000059ff end 00006deb length  5100 section .debug
start 00000310 end 000003a3 length   147 section .info.
start ******** end ******** length     0 section .const *** removed ***

Debug\main.o:
start 000093ed end 00009c37 length  2122 section .text
start 00000000 end 00000017 length    23 section .bsct
start 00000017 end 000000dd length   198 section .ubsct
start 00006deb end 00007faa length  4543 section .debug
start 000003a3 end 0000042f length   140 section .info.
start 00008161 end 00008171 length    16 section .const

Debug\stm8s_it.o:
start 00009c37 end 00009cb4 length   125 section .text
start 00007faa end 000085da length  1584 section .debug
start 0000042f end 000004bf length   144 section .info.

Debug\table.o:
start ******** end ******** length     0 section .text *** removed ***
start 000085da end 000086cc length   242 section .debug
start 000004bf end 0000054c length   141 section .info.
start ******** end ******** length     0 section .const *** removed ***

(C:\Program Files (x86)\COSMIC\FSE_Compilers\CXSTM8\lib\libm0.sm8)cmulx.o:
start 00009cb4 end 00009cc8 length    20 section .text
start 0000054c end 0000057b length    47 section .info.

(C:\Program Files (x86)\COSMIC\FSE_Compilers\CXSTM8\lib\libm0.sm8)imul.o:
start 00009cc8 end 00009ce9 length    33 section .text
start 0000057b end 000005a9 length    46 section .info.

(C:\Program Files (x86)\COSMIC\FSE_Compilers\CXSTM8\lib\libm0.sm8)ladc.o:
start 00009ce9 end 00009cfa length    17 section .text
start 000005a9 end 000005d7 length    46 section .info.

(C:\Program Files (x86)\COSMIC\FSE_Compilers\CXSTM8\lib\libm0.sm8)ladd.o:
start 00009cfa end 00009d12 length    24 section .text
start 000005d7 end 00000605 length    46 section .info.

(C:\Program Files (x86)\COSMIC\FSE_Compilers\CXSTM8\lib\libm0.sm8)lcmp.o:
start 00009d12 end 00009d32 length    32 section .text
start 00000605 end 00000633 length    46 section .info.

(C:\Program Files (x86)\COSMIC\FSE_Compilers\CXSTM8\lib\libm0.sm8)lgadc.o:
start 00009d32 end 00009d42 length    16 section .text
start 00000633 end 00000662 length    47 section .info.

(C:\Program Files (x86)\COSMIC\FSE_Compilers\CXSTM8\lib\libm0.sm8)lgsub.o:
start 00009d42 end 00009d59 length    23 section .text
start 00000662 end 00000691 length    47 section .info.

(C:\Program Files (x86)\COSMIC\FSE_Compilers\CXSTM8\lib\libm0.sm8)llsh.o:
start ******** end ******** length     0 section .text *** removed ***
start 00000691 end 000006bf length    46 section .info.

(C:\Program Files (x86)\COSMIC\FSE_Compilers\CXSTM8\lib\libm0.sm8)lreg.o:
start 000000dd end 000000e1 length     4 section .ubsct
start 000006bf end 000006ed length    46 section .info.

(C:\Program Files (x86)\COSMIC\FSE_Compilers\CXSTM8\lib\libm0.sm8)lsub.o:
start 00009d59 end 00009d71 length    24 section .text
start 000006ed end 0000071b length    46 section .info.

(C:\Program Files (x86)\COSMIC\FSE_Compilers\CXSTM8\lib\libm0.sm8)ltor.o:
start 00009d71 end 00009d83 length    18 section .text
start 0000071b end 00000749 length    46 section .info.

(C:\Program Files (x86)\COSMIC\FSE_Compilers\CXSTM8\lib\libm0.sm8)ludiv.o:
start 00009d83 end 00009d97 length    20 section .text
start 00000749 end 00000778 length    47 section .info.

(C:\Program Files (x86)\COSMIC\FSE_Compilers\CXSTM8\lib\libm0.sm8)ldiv.o:
start 00009d97 end 00009e82 length   235 section .text
start 00000778 end 000007a6 length    46 section .info.

(C:\Program Files (x86)\COSMIC\FSE_Compilers\CXSTM8\lib\libm0.sm8)lgneg.o:
start 00009e82 end 00009e95 length    19 section .text
start 000007a6 end 000007d5 length    47 section .info.

(C:\Program Files (x86)\COSMIC\FSE_Compilers\CXSTM8\lib\libm0.sm8)lneg.o:
start 00009e95 end 00009eaa length    21 section .text
start 000007d5 end 00000803 length    46 section .info.

(C:\Program Files (x86)\COSMIC\FSE_Compilers\CXSTM8\lib\libm0.sm8)lursh.o:
start ******** end ******** length     0 section .text *** removed ***
start 00000803 end 00000832 length    47 section .info.

(C:\Program Files (x86)\COSMIC\FSE_Compilers\CXSTM8\lib\libm0.sm8)rtol.o:
start 00009eaa end 00009ebc length    18 section .text
start 00000832 end 00000860 length    46 section .info.

(C:\Program Files (x86)\COSMIC\FSE_Compilers\CXSTM8\lib\libm0.sm8)smul.o:
start ******** end ******** length     0 section .text *** removed ***
start 00000860 end 0000088e length    46 section .info.

(C:\Program Files (x86)\COSMIC\FSE_Compilers\CXSTM8\lib\libm0.sm8)utolx.o:
start 00009ebc end 00009ec3 length     7 section .text
start 0000088e end 000008bd length    47 section .info.

(C:\Program Files (x86)\COSMIC\FSE_Compilers\CXSTM8\lib\libm0.sm8)umul.o:
start 00009ec3 end 00009eff length    60 section .text
start 000008bd end 000008eb length    46 section .info.

(C:\Program Files (x86)\COSMIC\FSE_Compilers\CXSTM8\lib\libm0.sm8)xreg.o:
start 000000e1 end 000000e4 length     3 section .ubsct
start 000008eb end 00000919 length    46 section .info.

(C:\Program Files (x86)\COSMIC\FSE_Compilers\CXSTM8\lib\libm0.sm8)yreg.o:
start 000000e4 end 000000e7 length     3 section .ubsct
start 00000919 end 00000947 length    46 section .info.

Debug\stm8_interrupt_vector.o:
start 000086cc end 000087f2 length   294 section .debug
start 00000947 end 000009e4 length   157 section .info.
start 00008000 end 00008080 length   128 section .const


                             -----------
                             Stack usage
                             -----------

Debug\main.o:
L3_Adc_Config                          24   (2)
L5_Timer4_Config                       13   (2)
_AdcService                            25   (2)
_CPulse                                 7   (4)
_CStep                             >   20   (6)
_Clock_Config                          12   (2)
_Diff                                  23   (20)
_DriveService                          15   (4)
_Excitation_12Phase                     7   (2)
_Excitation_1Phase                      2   (2)
_Excitation_2Phase                      2   (2)
_Gpio_Config                           15   (2)
_Interval                          >    4   (4)
_MotorClose                            11   (2)
_MotorService                          14   (2)
_MotorStep                              9   (2)
_OnCaptureOVTim2                       14   (2)
_OnCaptureTim2                         23   (6)
_OnTimer4                              28   (2)
_OnTimer_1S                        >    2   (2)
_OnTimer_1mS                           26   (2)
_SAbs                              >    4   (4)
_StartDriveOR                          12   (5)
_StopDrive                              7   (2)
_TIM2_Config                       >   19   (2)
_assert_failed                          7   (7)
_main                              >   27   (2)

Debug\stm8s_adc1_sub.o:
_ADC1_ClearITPendingBit            >   12   (5)
_ADC1_Cmd                          >   10   (3)
_ADC1_ConversionConfig                 12   (5)
_ADC1_DeInit                            2   (2)
_ADC1_ExternalTriggerConfig            11   (4)
_ADC1_GetConversionValue                7   (7)
_ADC1_Init                             22   (10)
_ADC1_PrescalerConfig                  10   (3)
_ADC1_SchmittTriggerConfig             11   (4)
_ADC1_StartConversion                   2   (2)

Debug\stm8s_clk.o:
_CLK_AdjustHSICalibrationValue     >   10   (3)
_CLK_CCOCmd                        >   10   (3)
_CLK_CCOConfig                     >   10   (3)
_CLK_ClearITPendingBit             >   10   (3)
_CLK_ClockSecuritySystemEnable     >    2   (2)
_CLK_ClockSwitchCmd                >   10   (3)
_CLK_ClockSwitchConfig             >   17   (10)
_CLK_DeInit                             2   (2)
_CLK_FastHaltWakeUpCmd             >   10   (3)
_CLK_GetClockFreq                  >   25   (11)
_CLK_GetFlagStatus                 >   14   (7)
_CLK_GetITStatus                   >   11   (4)
_CLK_GetSYSCLKSource               >    2   (2)
_CLK_HSECmd                            10   (3)
_CLK_HSICmd                            10   (3)
_CLK_HSIPrescalerConfig                10   (3)
_CLK_ITConfig                      >   11   (4)
_CLK_LSICmd                            10   (3)
_CLK_PeripheralClockConfig         >   11   (4)
_CLK_SWIMConfig                    >   10   (3)
_CLK_SYSCLKConfig                      10   (3)
_CLK_SYSCLKEmergencyClear          >    2   (2)
_CLK_SlowActiveHaltWakeUpCmd       >   10   (3)

Debug\stm8s_gpio.o:
_GPIO_DeInit                       >    2   (2)
_GPIO_ExternalPullUpConfig         >   13   (6)
_GPIO_Init                             13   (6)
_GPIO_ReadInputData                >    2   (2)
_GPIO_ReadInputPin                      5   (5)
_GPIO_ReadOutputData               >    2   (2)
_GPIO_Write                        >    5   (5)
_GPIO_WriteHigh                         5   (5)
_GPIO_WriteLow                          5   (5)
_GPIO_WriteReverse                      5   (5)

Debug\stm8s_it.o:
f_ADC1_IRQHandler                  >    6   (6)
f_AWU_IRQHandler                   >    6   (6)
f_CLK_IRQHandler                   >    6   (6)
f_EEPROM_EEC_IRQHandler            >    6   (6)
f_EXTI_PORTA_IRQHandler            >    6   (6)
f_EXTI_PORTB_IRQHandler            >    6   (6)
f_EXTI_PORTC_IRQHandler            >    6   (6)
f_EXTI_PORTD_IRQHandler            >    6   (6)
f_EXTI_PORTE_IRQHandler            >    6   (6)
f_I2C_IRQHandler                   >    6   (6)
f_NonHandledInterrupt              >    6   (6)
f_SPI_IRQHandler                   >    6   (6)
f_TIM1_CAP_COM_IRQHandler          >    6   (6)
f_TIM1_UPD_OVF_TRG_BRK_IRQHandler  >    6   (6)
f_TIM2_CAP_COM_IRQHandler          >   35   (12)
f_TIM2_UPD_OVF_BRK_IRQHandler      >   26   (12)
f_TIM4_UPD_OVF_IRQHandler          >   40   (12)
f_TLI_IRQHandler                   >    6   (6)
f_TRAP_IRQHandler                  >    6   (6)
f_UART1_RX_IRQHandler              >    6   (6)
f_UART1_TX_IRQHandler              >    6   (6)

Debug\stm8s_tim2_sub.o:
L3_TI1_Config                           6   (6)
L5_TI2_Config                           3   (3)
L7_TI3_Config                           3   (3)
_TIM2_ARRPreloadConfig             >    2   (2)
_TIM2_CCxCmd                       >   11   (4)
_TIM2_ClearFlag                    >   11   (4)
_TIM2_ClearITPendingBit                10   (3)
_TIM2_Cmd                              10   (3)
_TIM2_DeInit                            2   (2)
_TIM2_ForcedOC1Config              >    2   (2)
_TIM2_ForcedOC2Config              >    2   (2)
_TIM2_ForcedOC3Config              >    2   (2)
_TIM2_GenerateEvent                >    2   (2)
_TIM2_GetCapture1                       6   (6)
_TIM2_GetCapture2                  >    2   (2)
_TIM2_GetCapture3                  >    2   (2)
_TIM2_GetCounter                   >    4   (4)
_TIM2_GetFlagStatus                >   13   (6)
_TIM2_GetITStatus                      12   (5)
_TIM2_GetPrescaler                 >    2   (2)
_TIM2_ICInit                           17   (7)
_TIM2_ITConfig                         11   (4)
_TIM2_OC1Init                      >    5   (5)
_TIM2_OC1PolarityConfig            >   10   (3)
_TIM2_OC1PreloadConfig             >    2   (2)
_TIM2_OC2Init                      >    5   (5)
_TIM2_OC2PolarityConfig            >   10   (3)
_TIM2_OC2PreloadConfig             >    2   (2)
_TIM2_OC3Init                      >    5   (5)
_TIM2_OC3PolarityConfig            >   10   (3)
_TIM2_OC3PreloadConfig             >    2   (2)
_TIM2_PWMIConfig                   >   19   (9)
_TIM2_PrescalerConfig              >    2   (2)
_TIM2_SelectOCxM                   >   11   (4)
_TIM2_SelectOnePulseMode           >    2   (2)
_TIM2_SetAutoreload                >    2   (2)
_TIM2_SetCompare1                  >    2   (2)
_TIM2_SetCompare2                  >    2   (2)
_TIM2_SetCompare3                  >    2   (2)
_TIM2_SetCounter                   >    2   (2)
_TIM2_SetIC1Prescaler                  10   (3)
_TIM2_SetIC2Prescaler                   2   (2)
_TIM2_SetIC3Prescaler                   2   (2)
_TIM2_TimeBaseInit                      5   (5)
_TIM2_UpdateDisableConfig          >    2   (2)
_TIM2_UpdateRequestConfig          >    2   (2)

Debug\stm8s_tim4.o:
_TIM4_ARRPreloadConfig             >   10   (3)
_TIM4_ClearFlag                    >   10   (3)
_TIM4_ClearITPendingBit                10   (3)
_TIM4_Cmd                              10   (3)
_TIM4_DeInit                            2   (2)
_TIM4_GenerateEvent                >   10   (3)
_TIM4_GetCounter                   >    2   (2)
_TIM4_GetFlagStatus                >   11   (4)
_TIM4_GetITStatus                  >   12   (5)
_TIM4_GetPrescaler                 >    2   (2)
_TIM4_ITConfig                         11   (4)
_TIM4_PrescalerConfig              >   11   (4)
_TIM4_SelectOnePulseMode           >   10   (3)
_TIM4_SetAutoreload                >    2   (2)
_TIM4_SetCounter                   >    2   (2)
_TIM4_TimeBaseInit                     11   (4)
_TIM4_UpdateDisableConfig          >   10   (3)
_TIM4_UpdateRequestConfig          >   10   (3)

Stack size: 67


                              ---------
                              Call tree
                              ---------
   1 > _ADC1_ClearITPendingBit: (5)
   2      + _assert_failed: (7)
       
   3 > _ADC1_Cmd: (3)
   4      + _assert_failed --> 2
       
   5 > _CLK_AdjustHSICalibrationValue: (3)
   6      + _assert_failed --> 2
       
   7 > _CLK_CCOCmd: (3)
   8      + _assert_failed --> 2
       
   9 > _CLK_CCOConfig: (3)
  10      + _assert_failed --> 2
       
  11 > _CLK_ClearITPendingBit: (3)
  12      + _assert_failed --> 2
       
  13 > _CLK_ClockSecuritySystemEnable: (2)

  14 > _CLK_ClockSwitchCmd: (3)
  15      + _assert_failed --> 2
       
  16 > _CLK_ClockSwitchConfig: (10)
  17      + _assert_failed --> 2
       
  18 > _CLK_FastHaltWakeUpCmd: (3)
  19      + _assert_failed --> 2
       
  20 > _CLK_GetClockFreq: (11)

  21 > _CLK_GetFlagStatus: (7)
  22      + _assert_failed --> 2
       
  23 > _CLK_GetITStatus: (4)
  24      + _assert_failed --> 2
       
  25 > _CLK_GetSYSCLKSource: (2)

  26 > _CLK_ITConfig: (4)
  27      + _assert_failed --> 2
       
  28 > _CLK_PeripheralClockConfig: (4)
  29      + _assert_failed --> 2
       
  30 > _CLK_SWIMConfig: (3)
  31      + _assert_failed --> 2
       
  32 > _CLK_SYSCLKEmergencyClear: (2)

  33 > _CLK_SlowActiveHaltWakeUpCmd: (3)
  34      + _assert_failed --> 2
       
  35 > _CStep: (6)

  36 > _GPIO_DeInit: (2)

  37 > _GPIO_ExternalPullUpConfig: (6)
  38      + _assert_failed --> 2
       
  39 > _GPIO_ReadInputData: (2)

  40 > _GPIO_ReadOutputData: (2)

  41 > _GPIO_Write: (5)

  42 > _Interval: (4)

  43 > _OnTimer_1S: (2)

  44 > _SAbs: (4)

  45 > _TIM2_ARRPreloadConfig: (2)

  46 > _TIM2_CCxCmd: (4)
  47      + _assert_failed --> 2
       
  48 > _TIM2_ClearFlag: (4)
  49      + _assert_failed --> 2
       
  50 > _TIM2_Config: (2)
  51      + _TIM2_ICInit: (7)
  52      |    + L3_TI1_Config: (6)
  53      |    + L5_TI2_Config: (3)
  54      |    + L7_TI3_Config: (3)
  55      |    + _TIM2_SetIC1Prescaler: (3)
  56      |    |    + _assert_failed --> 2
          |    | 
  57      |    + _TIM2_SetIC2Prescaler: (2)
  58      |    + _TIM2_SetIC3Prescaler: (2)
  59      |    + _assert_failed --> 2
          | 
       
  60 > _TIM2_ForcedOC1Config: (2)

  61 > _TIM2_ForcedOC2Config: (2)

  62 > _TIM2_ForcedOC3Config: (2)

  63 > _TIM2_GenerateEvent: (2)

  64 > _TIM2_GetCapture2: (2)

  65 > _TIM2_GetCapture3: (2)

  66 > _TIM2_GetCounter: (4)

  67 > _TIM2_GetFlagStatus: (6)
  68      + _assert_failed --> 2
       
  69 > _TIM2_GetPrescaler: (2)

  70 > _TIM2_OC1Init: (5)

  71 > _TIM2_OC1PolarityConfig: (3)
  72      + _assert_failed --> 2
       
  73 > _TIM2_OC1PreloadConfig: (2)

  74 > _TIM2_OC2Init: (5)

  75 > _TIM2_OC2PolarityConfig: (3)
  76      + _assert_failed --> 2
       
  77 > _TIM2_OC2PreloadConfig: (2)

  78 > _TIM2_OC3Init: (5)

  79 > _TIM2_OC3PolarityConfig: (3)
  80      + _assert_failed --> 2
       
  81 > _TIM2_OC3PreloadConfig: (2)

  82 > _TIM2_PWMIConfig: (9)
  83      + L3_TI1_Config --> 52
  84      + L5_TI2_Config --> 53
  85      + _TIM2_SetIC1Prescaler --> 55
  86      + _TIM2_SetIC2Prescaler --> 57
  87      + _assert_failed --> 2
       
  88 > _TIM2_PrescalerConfig: (2)

  89 > _TIM2_SelectOCxM: (4)
  90      + _assert_failed --> 2
       
  91 > _TIM2_SelectOnePulseMode: (2)

  92 > _TIM2_SetAutoreload: (2)

  93 > _TIM2_SetCompare1: (2)

  94 > _TIM2_SetCompare2: (2)

  95 > _TIM2_SetCompare3: (2)

  96 > _TIM2_SetCounter: (2)

  97 > _TIM2_UpdateDisableConfig: (2)

  98 > _TIM2_UpdateRequestConfig: (2)

  99 > _TIM4_ARRPreloadConfig: (3)
 100      + _assert_failed --> 2
       
 101 > _TIM4_ClearFlag: (3)
 102      + _assert_failed --> 2
       
 103 > _TIM4_GenerateEvent: (3)
 104      + _assert_failed --> 2
       
 105 > _TIM4_GetCounter: (2)

 106 > _TIM4_GetFlagStatus: (4)
 107      + _assert_failed --> 2
       
 108 > _TIM4_GetITStatus: (5)
 109      + _assert_failed --> 2
       
 110 > _TIM4_GetPrescaler: (2)

 111 > _TIM4_PrescalerConfig: (4)
 112      + _assert_failed --> 2
       
 113 > _TIM4_SelectOnePulseMode: (3)
 114      + _assert_failed --> 2
       
 115 > _TIM4_SetAutoreload: (2)

 116 > _TIM4_SetCounter: (2)

 117 > _TIM4_UpdateDisableConfig: (3)
 118      + _assert_failed --> 2
       
 119 > _TIM4_UpdateRequestConfig: (3)
 120      + _assert_failed --> 2
       
 121 > __stext: (0)

 122 > _main: (2)
 123      + L3_Adc_Config: (2)
 124      |    + _ADC1_DeInit: (2)
 125      |    + _ADC1_GetConversionValue: (7)
 126      |    + _ADC1_Init: (10)
 127      |    |    + _ADC1_ConversionConfig: (5)
 128      |    |    |    + _assert_failed --> 2
          |    |    | 
 129      |    |    + _ADC1_ExternalTriggerConfig: (4)
 130      |    |    |    + _assert_failed --> 2
          |    |    | 
 131      |    |    + _ADC1_PrescalerConfig: (3)
 132      |    |    |    + _assert_failed --> 2
          |    |    | 
 133      |    |    + _ADC1_SchmittTriggerConfig: (4)
 134      |    |    |    + _assert_failed --> 2
          |    |    | 
 135      |    |    + _assert_failed --> 2
          |    | 
 136      |    + _ADC1_StartConversion: (2)
          | 
 137      + L5_Timer4_Config: (2)
 138      |    + _TIM4_Cmd: (3)
 139      |    |    + _assert_failed --> 2
          |    | 
 140      |    + _TIM4_DeInit: (2)
 141      |    + _TIM4_ITConfig: (4)
 142      |    |    + _assert_failed --> 2
          |    | 
 143      |    + _TIM4_TimeBaseInit: (4)
 144      |    |    + _assert_failed --> 2
          |    | 
          | 
 145      + _AdcService: (2)
 146      |    + _Diff: (20)
          | 
 147      + _CPulse: (4)
 148      + _Clock_Config: (2)
 149      |    + _CLK_DeInit: (2)
 150      |    + _CLK_HSECmd: (3)
 151      |    |    + _assert_failed --> 2
          |    | 
 152      |    + _CLK_HSICmd: (3)
 153      |    |    + _assert_failed --> 2
          |    | 
 154      |    + _CLK_HSIPrescalerConfig: (3)
 155      |    |    + _assert_failed --> 2
          |    | 
 156      |    + _CLK_LSICmd: (3)
 157      |    |    + _assert_failed --> 2
          |    | 
 158      |    + _CLK_SYSCLKConfig: (3)
 159      |    |    + _assert_failed --> 2
          |    | 
          | 
 160      + _Diff --> 146
 161      + _GPIO_WriteHigh: (5)
 162      + _GPIO_WriteLow: (5)
 163      + _GPIO_WriteReverse: (5)
 164      + _Gpio_Config: (2)
 165      |    + _GPIO_Init: (6)
 166      |    |    + _assert_failed --> 2
          |    | 
 167      |    + _GPIO_WriteHigh --> 161
 168      |    + _GPIO_WriteLow --> 162
          | 
 169      + _MotorService: (2)
 170      |    + _CPulse --> 147
 171      |    + _StartDriveOR: (5)
 172      |    |    + _CPulse --> 147
          |    | 
          | 
 173      + _StartDriveOR --> 171
 174      + _StopDrive: (2)
 175      |    + _GPIO_WriteLow --> 162
          | 
 176      + _TIM2_Cmd: (3)
 177      |    + _assert_failed --> 2
          | 
 178      + _TIM2_DeInit: (2)
 179      + _TIM2_ICInit --> 51
 180      + _TIM2_ITConfig: (4)
 181      |    + _assert_failed --> 2
          | 
 182      + _TIM2_TimeBaseInit: (5)
       
 183 > f_ADC1_IRQHandler: (6)

 184 > f_AWU_IRQHandler: (6)

 185 > f_CLK_IRQHandler: (6)

 186 > f_EEPROM_EEC_IRQHandler: (6)

 187 > f_EXTI_PORTA_IRQHandler: (6)

 188 > f_EXTI_PORTB_IRQHandler: (6)

 189 > f_EXTI_PORTC_IRQHandler: (6)

 190 > f_EXTI_PORTD_IRQHandler: (6)

 191 > f_EXTI_PORTE_IRQHandler: (6)

 192 > f_I2C_IRQHandler: (6)

 193 > f_NonHandledInterrupt: (6)

 194 > f_SPI_IRQHandler: (6)

 195 > f_TIM1_CAP_COM_IRQHandler: (6)

 196 > f_TIM1_UPD_OVF_TRG_BRK_IRQHandler: (6)

 197 > f_TIM2_CAP_COM_IRQHandler: (12)
 198      + _OnCaptureTim2: (6)
 199      |    + _TIM2_ClearITPendingBit: (3)
 200      |    |    + _assert_failed --> 2
          |    | 
 201      |    + _TIM2_GetCapture1: (6)
 202      |    + _TIM2_GetITStatus: (5)
 203      |    |    + _assert_failed --> 2
          |    | 
 204      |    + _TIM2_ICInit --> 51
          | 
       
 205 > f_TIM2_UPD_OVF_BRK_IRQHandler: (12)
 206      + _OnCaptureOVTim2: (2)
 207      |    + _TIM2_ClearITPendingBit --> 199
 208      |    + _TIM2_GetITStatus --> 202
          | 
       
 209 > f_TIM4_UPD_OVF_IRQHandler: (12)
 210      + _OnTimer4: (2)
 211      |    + L3_Adc_Config --> 123
 212      |    + _DriveService: (4)
 213      |    |    + _MotorClose: (2)
 214      |    |    |    + _MotorStep: (2)
 215      |    |    |    |    + _Excitation_12Phase: (2)
 216      |    |    |    |    |    + _GPIO_WriteHigh --> 161
 217      |    |    |    |    |    + _GPIO_WriteLow --> 162
          |    |    |    |    | 
 218      |    |    |    |    + _Excitation_1Phase: (2)
 219      |    |    |    |    + _Excitation_2Phase: (2)
 220      |    |    |    |    + _StopDrive --> 174
          |    |    |    | 
 221      |    |    |    + _StopDrive --> 174
          |    |    | 
 222      |    |    + _MotorStep --> 214
 223      |    |    + _StopDrive --> 174
          |    | 
 224      |    + _GPIO_ReadInputPin: (5)
 225      |    + _OnTimer_1mS: (2)
 226      |    |    + L3_Adc_Config --> 123
          |    | 
          | 
 227      + _TIM4_ClearITPendingBit: (3)
 228      |    + _assert_failed --> 2
          | 
       
 229 > f_TLI_IRQHandler: (6)

 230 > f_TRAP_IRQHandler: (6)

 231 > f_UART1_RX_IRQHandler: (6)

 232 > f_UART1_TX_IRQHandler: (6)

 233   L3_Adc_Config --> 123

 234   L3_TI1_Config --> 52

 235   L5_TI2_Config --> 53

 236   L5_Timer4_Config --> 137

 237   L7_TI3_Config --> 54

 238   _ADC1_ConversionConfig --> 127

 239   _ADC1_DeInit --> 124

 240   _ADC1_ExternalTriggerConfig --> 129

 241   _ADC1_GetConversionValue --> 125

 242   _ADC1_Init --> 126

 243   _ADC1_PrescalerConfig --> 131

 244   _ADC1_SchmittTriggerConfig --> 133

 245   _ADC1_StartConversion --> 136

 246   _AdcService --> 145

 247   _CLK_DeInit --> 149

 248   _CLK_HSECmd --> 150

 249   _CLK_HSICmd --> 152

 250   _CLK_HSIPrescalerConfig --> 154

 251   _CLK_LSICmd --> 156

 252   _CLK_SYSCLKConfig --> 158

 253   _CPulse --> 147

 254   _Clock_Config --> 148

 255   _Diff --> 146

 256   _DriveService --> 212

 257   _Excitation_12Phase --> 215

 258   _Excitation_1Phase --> 218

 259   _Excitation_2Phase --> 219

 260   _GPIO_Init --> 165

 261   _GPIO_ReadInputPin --> 224

 262   _GPIO_WriteHigh --> 161

 263   _GPIO_WriteLow --> 162

 264   _GPIO_WriteReverse --> 163

 265   _Gpio_Config --> 164

 266   _MotorClose --> 213

 267   _MotorService --> 169

 268   _MotorStep --> 214

 269   _OnCaptureOVTim2 --> 206

 270   _OnCaptureTim2 --> 198

 271   _OnTimer4 --> 210

 272   _OnTimer_1mS --> 225

 273   _StartDriveOR --> 171

 274   _StopDrive --> 174

 275   _TIM2_ClearITPendingBit --> 199

 276   _TIM2_Cmd --> 176

 277   _TIM2_DeInit --> 178

 278   _TIM2_GetCapture1 --> 201

 279   _TIM2_GetITStatus --> 202

 280   _TIM2_ICInit --> 51

 281   _TIM2_ITConfig --> 180

 282   _TIM2_SetIC1Prescaler --> 55

 283   _TIM2_SetIC2Prescaler --> 57

 284   _TIM2_SetIC3Prescaler --> 58

 285   _TIM2_TimeBaseInit --> 182

 286   _TIM4_ClearITPendingBit --> 227

 287   _TIM4_Cmd --> 138

 288   _TIM4_DeInit --> 140

 289   _TIM4_ITConfig --> 141

 290   _TIM4_TimeBaseInit --> 143

 291   _assert_failed --> 2



                               -------
                               Symbols
                               -------

_ADC1_ClearITPendingBit             00008547   defined in Debug\stm8s_adc1_sub.o section .text
_ADC1_Cmd                           00008314   defined in Debug\stm8s_adc1_sub.o section .text
_ADC1_ConversionConfig              00008444   defined in Debug\stm8s_adc1_sub.o section .text
_ADC1_DeInit                        000081e0   defined in Debug\stm8s_adc1_sub.o section .text
                                               used in Debug\main.o
_ADC1_ExternalTriggerConfig         000084c9   defined in Debug\stm8s_adc1_sub.o section .text
_ADC1_GetConversionValue            00008515   defined in Debug\stm8s_adc1_sub.o section .text
                                               used in Debug\main.o
_ADC1_Init                          00008211   defined in Debug\stm8s_adc1_sub.o section .text
                                               used in Debug\main.o
_ADC1_PrescalerConfig               00008339   defined in Debug\stm8s_adc1_sub.o section .text
_ADC1_SchmittTriggerConfig          00008379   defined in Debug\stm8s_adc1_sub.o section .text
_ADC1_StartConversion               00008510   defined in Debug\stm8s_adc1_sub.o section .text
                                               used in Debug\main.o
_Adc                                00000069   defined in Debug\main.o section .ubsct
_AdcService                         00009623   defined in Debug\main.o section .text
_CLKPrescTable                      000080a6   defined in Debug\stm8s_clk.o section .const
_CLK_AdjustHSICalibrationValue      00008f7e   defined in Debug\stm8s_clk.o section .text
_CLK_CCOCmd                         00008bb5   defined in Debug\stm8s_clk.o section .text
_CLK_CCOConfig                      00008dda   defined in Debug\stm8s_clk.o section .text
_CLK_ClearITPendingBit              00009076   defined in Debug\stm8s_clk.o section .text
_CLK_ClockSecuritySystemEnable      00008f14   defined in Debug\stm8s_clk.o section .text
_CLK_ClockSwitchCmd                 00008bda   defined in Debug\stm8s_clk.o section .text
_CLK_ClockSwitchConfig              00008cc2   defined in Debug\stm8s_clk.o section .text
_CLK_DeInit                         00008aeb   defined in Debug\stm8s_clk.o section .text
                                               used in Debug\main.o
_CLK_FastHaltWakeUpCmd              00008b21   defined in Debug\stm8s_clk.o section .text
_CLK_GetClockFreq                   00008f1d   defined in Debug\stm8s_clk.o section .text
                                               used in Debug\stm8s_uart1.o
_CLK_GetFlagStatus                  00008fbd   defined in Debug\stm8s_clk.o section .text
_CLK_GetITStatus                    0000903d   defined in Debug\stm8s_clk.o section .text
_CLK_GetSYSCLKSource                00008f19   defined in Debug\stm8s_clk.o section .text
_CLK_HSECmd                         00008b46   defined in Debug\stm8s_clk.o section .text
                                               used in Debug\main.o
_CLK_HSICmd                         00008b6b   defined in Debug\stm8s_clk.o section .text
                                               used in Debug\main.o
_CLK_HSIPrescalerConfig             00008daa   defined in Debug\stm8s_clk.o section .text
                                               used in Debug\main.o
_CLK_ITConfig                       00008e32   defined in Debug\stm8s_clk.o section .text
_CLK_LSICmd                         00008b90   defined in Debug\stm8s_clk.o section .text
                                               used in Debug\main.o
_CLK_PeripheralClockConfig          00008c24   defined in Debug\stm8s_clk.o section .text
_CLK_SWIMConfig                     00008eef   defined in Debug\stm8s_clk.o section .text
_CLK_SYSCLKConfig                   00008e8b   defined in Debug\stm8s_clk.o section .text
                                               used in Debug\main.o
_CLK_SYSCLKEmergencyClear           00008fb8   defined in Debug\stm8s_clk.o section .text
_CLK_SlowActiveHaltWakeUpCmd        00008bff   defined in Debug\stm8s_clk.o section .text
_CPulse                             00009ad7   defined in Debug\main.o section .text
_CStep                              00009aa9   defined in Debug\main.o section .text
_Clock_Config                       00009ae2   defined in Debug\main.o section .text
_Counter                            000000db   defined in Debug\main.o section .ubsct
_Dif                                000000d4   defined in Debug\main.o section .ubsct
_Diff                               00009685   defined in Debug\main.o section .text
_Drive                              00000083   defined in Debug\main.o section .ubsct
_DriveService                       00009981   defined in Debug\main.o section .text
_Duty                               000000c4   defined in Debug\main.o section .ubsct
_Excitation_12Phase                 000099c4   defined in Debug\main.o section .text
_Excitation_1Phase                  00009a8d   defined in Debug\main.o section .text
_Excitation_2Phase                  000099c3   defined in Debug\main.o section .text
_GPIO_DeInit                        0000909f   defined in Debug\stm8s_gpio.o section .text
_GPIO_ExternalPullUpConfig          0000916e   defined in Debug\stm8s_gpio.o section .text
_GPIO_Init                          000090a7   defined in Debug\stm8s_gpio.o section .text
                                               used in Debug\main.o
_GPIO_ReadInputData                 00009164   defined in Debug\stm8s_gpio.o section .text
_GPIO_ReadInputPin                  00009167   defined in Debug\stm8s_gpio.o section .text
                                               used in Debug\main.o
_GPIO_ReadOutputData                00009162   defined in Debug\stm8s_gpio.o section .text
_GPIO_Write                         00009146   defined in Debug\stm8s_gpio.o section .text
_GPIO_WriteHigh                     0000914c   defined in Debug\stm8s_gpio.o section .text
                                               used in Debug\main.o
_GPIO_WriteLow                      00009153   defined in Debug\stm8s_gpio.o section .text
                                               used in Debug\main.o
_GPIO_WriteReverse                  0000915b   defined in Debug\stm8s_gpio.o section .text
                                               used in Debug\main.o
_Gpio_Config                        00009afb   defined in Debug\main.o section .text
_HSIDivFactor                       000080a2   defined in Debug\stm8s_clk.o section .const
_Interval                           00009a8e   defined in Debug\main.o section .text
_MotorClose                         00009960   defined in Debug\main.o section .text
_MotorService                       00009600   defined in Debug\main.o section .text
_MotorStep                          000098e7   defined in Debug\main.o section .text
_My                                 00000077   defined in Debug\main.o section .ubsct
_OnCaptureOVTim2                    00009756   defined in Debug\main.o section .text
                                               used in Debug\stm8s_it.o
_OnCaptureTim2                      00009765   defined in Debug\main.o section .text
                                               used in Debug\stm8s_it.o
_OnTimer4                           00009709   defined in Debug\main.o section .text
                                               used in Debug\stm8s_it.o
_OnTimer_1S                         000096f8   defined in Debug\main.o section .text
_OnTimer_1mS                        000096f9   defined in Debug\main.o section .text
_PeriodNumber                       00000000   defined in Debug\main.o section .bsct, initialized
_PowerDelay_1mS                     00000014   defined in Debug\main.o section .bsct, initialized
_SAbs                               00009673   defined in Debug\main.o section .text
_StartDriveOR                       00009876   defined in Debug\main.o section .text
_StopDrive                          00009851   defined in Debug\main.o section .text
_TIM2_ARRPreloadConfig              0000881a   defined in Debug\stm8s_tim2_sub.o section .text
_TIM2_CCxCmd                        00008891   defined in Debug\stm8s_tim2_sub.o section .text
_TIM2_ClearFlag                     00008a34   defined in Debug\stm8s_tim2_sub.o section .text
_TIM2_ClearITPendingBit             00008a9b   defined in Debug\stm8s_tim2_sub.o section .text
                                               used in Debug\main.o
_TIM2_Cmd                           000087b1   defined in Debug\stm8s_tim2_sub.o section .text
                                               used in Debug\main.o
_TIM2_Config                        00009b97   defined in Debug\main.o section .text
_TIM2_DeInit                        000085e3   defined in Debug\stm8s_tim2_sub.o section .text
                                               used in Debug\main.o
_TIM2_ForcedOC1Config               00008817   defined in Debug\stm8s_tim2_sub.o section .text
_TIM2_ForcedOC2Config               00008818   defined in Debug\stm8s_tim2_sub.o section .text
_TIM2_ForcedOC3Config               00008819   defined in Debug\stm8s_tim2_sub.o section .text
_TIM2_GenerateEvent                 0000881e   defined in Debug\stm8s_tim2_sub.o section .text
_TIM2_GetCapture1                   000089af   defined in Debug\stm8s_tim2_sub.o section .text
                                               used in Debug\main.o
_TIM2_GetCapture2                   000089cc   defined in Debug\stm8s_tim2_sub.o section .text
_TIM2_GetCapture3                   000089cd   defined in Debug\stm8s_tim2_sub.o section .text
_TIM2_GetCounter                    000089ce   defined in Debug\stm8s_tim2_sub.o section .text
_TIM2_GetFlagStatus                 000089ea   defined in Debug\stm8s_tim2_sub.o section .text
_TIM2_GetITStatus                   00008a5d   defined in Debug\stm8s_tim2_sub.o section .text
                                               used in Debug\main.o
_TIM2_GetPrescaler                  000089e6   defined in Debug\stm8s_tim2_sub.o section .text
_TIM2_ICInit                        0000864f   defined in Debug\stm8s_tim2_sub.o section .text
                                               used in Debug\main.o
_TIM2_ITConfig                      000087d6   defined in Debug\stm8s_tim2_sub.o section .text
                                               used in Debug\main.o
_TIM2_OC1Init                       0000864c   defined in Debug\stm8s_tim2_sub.o section .text
_TIM2_OC1PolarityConfig             0000881f   defined in Debug\stm8s_tim2_sub.o section .text
_TIM2_OC1PreloadConfig              0000881b   defined in Debug\stm8s_tim2_sub.o section .text
_TIM2_OC2Init                       0000864d   defined in Debug\stm8s_tim2_sub.o section .text
_TIM2_OC2PolarityConfig             00008845   defined in Debug\stm8s_tim2_sub.o section .text
_TIM2_OC2PreloadConfig              0000881c   defined in Debug\stm8s_tim2_sub.o section .text
_TIM2_OC3Init                       0000864e   defined in Debug\stm8s_tim2_sub.o section .text
_TIM2_OC3PolarityConfig             0000886b   defined in Debug\stm8s_tim2_sub.o section .text
_TIM2_OC3PreloadConfig              0000881d   defined in Debug\stm8s_tim2_sub.o section .text
_TIM2_PWMIConfig                    000086f2   defined in Debug\stm8s_tim2_sub.o section .text
_TIM2_PrescalerConfig               00008816   defined in Debug\stm8s_tim2_sub.o section .text
_TIM2_SelectOCxM                    000088f3   defined in Debug\stm8s_tim2_sub.o section .text
_TIM2_SelectOnePulseMode            00008815   defined in Debug\stm8s_tim2_sub.o section .text
_TIM2_SetAutoreload                 00008977   defined in Debug\stm8s_tim2_sub.o section .text
_TIM2_SetCompare1                   00008980   defined in Debug\stm8s_tim2_sub.o section .text
_TIM2_SetCompare2                   00008981   defined in Debug\stm8s_tim2_sub.o section .text
_TIM2_SetCompare3                   00008982   defined in Debug\stm8s_tim2_sub.o section .text
_TIM2_SetCounter                    0000896e   defined in Debug\stm8s_tim2_sub.o section .text
_TIM2_SetIC1Prescaler               00008983   defined in Debug\stm8s_tim2_sub.o section .text
_TIM2_SetIC2Prescaler               000089ad   defined in Debug\stm8s_tim2_sub.o section .text
_TIM2_SetIC3Prescaler               000089ae   defined in Debug\stm8s_tim2_sub.o section .text
_TIM2_TimeBaseInit                  0000863c   defined in Debug\stm8s_tim2_sub.o section .text
                                               used in Debug\main.o
_TIM2_UpdateDisableConfig           00008813   defined in Debug\stm8s_tim2_sub.o section .text
_TIM2_UpdateRequestConfig           00008814   defined in Debug\stm8s_tim2_sub.o section .text
_TIM4_ARRPreloadConfig              00009319   defined in Debug\stm8s_tim4.o section .text
_TIM4_ClearFlag                     00009388   defined in Debug\stm8s_tim4.o section .text
_TIM4_ClearITPendingBit             000093d3   defined in Debug\stm8s_tim4.o section .text
                                               used in Debug\stm8s_it.o
_TIM4_Cmd                           00009201   defined in Debug\stm8s_tim4.o section .text
                                               used in Debug\main.o
_TIM4_DeInit                        000091a7   defined in Debug\stm8s_tim4.o section .text
                                               used in Debug\main.o
_TIM4_GenerateEvent                 0000933e   defined in Debug\stm8s_tim4.o section .text
_TIM4_GetCounter                    0000935f   defined in Debug\stm8s_tim4.o section .text
_TIM4_GetFlagStatus                 00009367   defined in Debug\stm8s_tim4.o section .text
_TIM4_GetITStatus                   000093a2   defined in Debug\stm8s_tim4.o section .text
_TIM4_GetPrescaler                  00009363   defined in Debug\stm8s_tim4.o section .text
_TIM4_ITConfig                      00009226   defined in Debug\stm8s_tim4.o section .text
                                               used in Debug\main.o
_TIM4_PrescalerConfig               000092ce   defined in Debug\stm8s_tim4.o section .text
_TIM4_SelectOnePulseMode            000092a8   defined in Debug\stm8s_tim4.o section .text
_TIM4_SetAutoreload                 0000935b   defined in Debug\stm8s_tim4.o section .text
_TIM4_SetCounter                    00009357   defined in Debug\stm8s_tim4.o section .text
_TIM4_TimeBaseInit                  000091c0   defined in Debug\stm8s_tim4.o section .text
                                               used in Debug\main.o
_TIM4_UpdateDisableConfig           0000925e   defined in Debug\stm8s_tim4.o section .text
_TIM4_UpdateRequestConfig           00009283   defined in Debug\stm8s_tim4.o section .text
_Table2                             ********   *** removed from Debug\table.o ***
_TableInterval                      00000003   defined in Debug\main.o section .bsct, initialized
_Ticks2_1mS                         000000b7   defined in Debug\main.o section .ubsct
_Ticks_1mS                          000000b9   defined in Debug\main.o section .ubsct
_Ticks_50uS                         000000bb   defined in Debug\main.o section .ubsct
_Ticks_S                            000000b3   defined in Debug\main.o section .ubsct
_Timer                              0000005f   defined in Debug\main.o section .ubsct
_UART1_ClearFlag                    ********   *** removed from Debug\stm8s_uart1.o ***
_UART1_ClearITPendingBit            ********   *** removed from Debug\stm8s_uart1.o ***
_UART1_Cmd                          ********   *** removed from Debug\stm8s_uart1.o ***
_UART1_DeInit                       ********   *** removed from Debug\stm8s_uart1.o ***
_UART1_GetFlagStatus                ********   *** removed from Debug\stm8s_uart1.o ***
_UART1_GetITStatus                  ********   *** removed from Debug\stm8s_uart1.o ***
_UART1_HalfDuplexCmd                ********   *** removed from Debug\stm8s_uart1.o ***
_UART1_ITConfig                     ********   *** removed from Debug\stm8s_uart1.o ***
_UART1_Init                         ********   *** removed from Debug\stm8s_uart1.o ***
_UART1_IrDACmd                      ********   *** removed from Debug\stm8s_uart1.o ***
_UART1_IrDAConfig                   ********   *** removed from Debug\stm8s_uart1.o ***
_UART1_LINBreakDetectionConfig      ********   *** removed from Debug\stm8s_uart1.o ***
_UART1_LINCmd                       ********   *** removed from Debug\stm8s_uart1.o ***
_UART1_ReceiveData8                 ********   *** removed from Debug\stm8s_uart1.o ***
_UART1_ReceiveData9                 ********   *** removed from Debug\stm8s_uart1.o ***
_UART1_ReceiverWakeUpCmd            ********   *** removed from Debug\stm8s_uart1.o ***
_UART1_SendBreak                    ********   *** removed from Debug\stm8s_uart1.o ***
_UART1_SendData8                    ********   *** removed from Debug\stm8s_uart1.o ***
_UART1_SendData9                    ********   *** removed from Debug\stm8s_uart1.o ***
_UART1_SetAddress                   ********   *** removed from Debug\stm8s_uart1.o ***
_UART1_SetGuardTime                 ********   *** removed from Debug\stm8s_uart1.o ***
_UART1_SetPrescaler                 ********   *** removed from Debug\stm8s_uart1.o ***
_UART1_SmartCardCmd                 ********   *** removed from Debug\stm8s_uart1.o ***
_UART1_SmartCardNACKCmd             ********   *** removed from Debug\stm8s_uart1.o ***
_UART1_WakeUpConfig                 ********   *** removed from Debug\stm8s_uart1.o ***
__endmem                            000001ff   defined in command file
                                               *** not used ***
__endzp                             000000e7   defined in command file section .ubsct
                                               used in C:\Program Files (x86)\COSMIC\FSE_Compilers\CXSTM8\lib\crtsi0.sm8
__idesc__                           00008171   defined in linker section .init
                                               used in C:\Program Files (x86)\COSMIC\FSE_Compilers\CXSTM8\lib\crtsi0.sm8
__memory                            00000100   defined in command file section .bss
                                               used in C:\Program Files (x86)\COSMIC\FSE_Compilers\CXSTM8\lib\crtsi0.sm8
__stack                             000003ff   defined in command file
                                               used in C:\Program Files (x86)\COSMIC\FSE_Compilers\CXSTM8\lib\crtsi0.sm8
__startmem                          00000100   defined in command file section .bss
                                               *** not used ***
__stext                             00008190   defined in C:\Program Files (x86)\COSMIC\FSE_Compilers\CXSTM8\lib\crtsi0.sm8 section .text
                                               used in Debug\stm8_interrupt_vector.o
__vectab                            00008000   defined in Debug\stm8_interrupt_vector.o section .const
_assert_failed                      00009c30   defined in Debug\main.o section .text
                                               used in Debug\stm8s_adc1_sub.o
                                                       Debug\stm8s_tim2_sub.o
                                                       Debug\stm8s_clk.o
                                                       Debug\stm8s_gpio.o
                                                       Debug\stm8s_tim4.o
                                                       Debug\stm8s_uart1.o
_cvtTable                           ********   *** removed from Debug\table.o ***
_exit                               000081de   defined in C:\Program Files (x86)\COSMIC\FSE_Compilers\CXSTM8\lib\crtsi0.sm8 section .text
_iDuty                              000000c3   defined in Debug\main.o section .ubsct
_iStep                              0000001e   defined in Debug\main.o section .ubsct
_ledint                             000000b1   defined in Debug\main.o section .ubsct
_mDuty                              000000bf   defined in Debug\main.o section .ubsct
_mStep                              0000001f   defined in Debug\main.o section .ubsct
_mVal                               0000001a   defined in Debug\main.o section .ubsct
_main                               000093ed   defined in Debug\main.o section .text
                                               used in C:\Program Files (x86)\COSMIC\FSE_Compilers\CXSTM8\lib\crtsi0.sm8
_min                                00000016   defined in Debug\main.o section .bsct, initialized
_nDuty                              00000002   defined in Debug\main.o section .bsct, initialized
_pos                                00000018   defined in Debug\main.o section .ubsct
_pos2                               00000017   defined in Debug\main.o section .ubsct
_sDuty                              000000c1   defined in Debug\main.o section .ubsct
_t2                                 000000d7   defined in Debug\main.o section .ubsct
_tt                                 000000d9   defined in Debug\main.o section .ubsct
_update                             000000d6   defined in Debug\main.o section .ubsct
c_cmulx                             00009cb4   defined in (C:\Program Files (x86)\COSMIC\FSE_Compilers\CXSTM8\lib\libm0.sm8)cmulx.o section .text
                                               used in Debug\main.o
c_divsl                             00009d97   defined in (C:\Program Files (x86)\COSMIC\FSE_Compilers\CXSTM8\lib\libm0.sm8)ldiv.o section .text
                                               *** not used ***
c_divul                             00009dae   defined in (C:\Program Files (x86)\COSMIC\FSE_Compilers\CXSTM8\lib\libm0.sm8)ldiv.o section .text
                                               used in (C:\Program Files (x86)\COSMIC\FSE_Compilers\CXSTM8\lib\libm0.sm8)ludiv.o
c_imul                              00009cc8   defined in (C:\Program Files (x86)\COSMIC\FSE_Compilers\CXSTM8\lib\libm0.sm8)imul.o section .text
                                               used in Debug\main.o
c_ladc                              00009ce9   defined in (C:\Program Files (x86)\COSMIC\FSE_Compilers\CXSTM8\lib\libm0.sm8)ladc.o section .text
                                               used in Debug\main.o
c_ladd                              00009cfa   defined in (C:\Program Files (x86)\COSMIC\FSE_Compilers\CXSTM8\lib\libm0.sm8)ladd.o section .text
                                               used in Debug\main.o
c_lcmp                              00009d12   defined in (C:\Program Files (x86)\COSMIC\FSE_Compilers\CXSTM8\lib\libm0.sm8)lcmp.o section .text
                                               used in Debug\stm8s_uart1.o
                                                       Debug\main.o
c_lgadc                             00009d32   defined in (C:\Program Files (x86)\COSMIC\FSE_Compilers\CXSTM8\lib\libm0.sm8)lgadc.o section .text
                                               used in Debug\main.o
c_lgneg                             00009e82   defined in (C:\Program Files (x86)\COSMIC\FSE_Compilers\CXSTM8\lib\libm0.sm8)lgneg.o section .text
                                               used in (C:\Program Files (x86)\COSMIC\FSE_Compilers\CXSTM8\lib\libm0.sm8)ldiv.o
c_lgsub                             00009d42   defined in (C:\Program Files (x86)\COSMIC\FSE_Compilers\CXSTM8\lib\libm0.sm8)lgsub.o section .text
                                               used in Debug\main.o
c_llsh                              ********   *** removed from (C:\Program Files (x86)\COSMIC\FSE_Compilers\CXSTM8\lib\libm0.sm8)llsh.o ***
c_lneg                              00009e95   defined in (C:\Program Files (x86)\COSMIC\FSE_Compilers\CXSTM8\lib\libm0.sm8)lneg.o section .text
                                               used in (C:\Program Files (x86)\COSMIC\FSE_Compilers\CXSTM8\lib\libm0.sm8)ldiv.o
c_lreg                              000000dd   defined in (C:\Program Files (x86)\COSMIC\FSE_Compilers\CXSTM8\lib\libm0.sm8)lreg.o section .ubsct
                                               used in Debug\stm8s_clk.o
                                                       Debug\stm8s_uart1.o
                                                       Debug\main.o
                                                       (C:\Program Files (x86)\COSMIC\FSE_Compilers\CXSTM8\lib\libm0.sm8)cmulx.o
                                                       (C:\Program Files (x86)\COSMIC\FSE_Compilers\CXSTM8\lib\libm0.sm8)ladc.o
                                                       (C:\Program Files (x86)\COSMIC\FSE_Compilers\CXSTM8\lib\libm0.sm8)ladd.o
                                                       (C:\Program Files (x86)\COSMIC\FSE_Compilers\CXSTM8\lib\libm0.sm8)lcmp.o
                                                       (C:\Program Files (x86)\COSMIC\FSE_Compilers\CXSTM8\lib\libm0.sm8)lgsub.o
                                                       (C:\Program Files (x86)\COSMIC\FSE_Compilers\CXSTM8\lib\libm0.sm8)llsh.o
                                                       (C:\Program Files (x86)\COSMIC\FSE_Compilers\CXSTM8\lib\libm0.sm8)lsub.o
                                                       (C:\Program Files (x86)\COSMIC\FSE_Compilers\CXSTM8\lib\libm0.sm8)ltor.o
                                                       (C:\Program Files (x86)\COSMIC\FSE_Compilers\CXSTM8\lib\libm0.sm8)ldiv.o
                                                       (C:\Program Files (x86)\COSMIC\FSE_Compilers\CXSTM8\lib\libm0.sm8)lneg.o
                                                       (C:\Program Files (x86)\COSMIC\FSE_Compilers\CXSTM8\lib\libm0.sm8)lursh.o
                                                       (C:\Program Files (x86)\COSMIC\FSE_Compilers\CXSTM8\lib\libm0.sm8)rtol.o
                                                       (C:\Program Files (x86)\COSMIC\FSE_Compilers\CXSTM8\lib\libm0.sm8)smul.o
                                                       (C:\Program Files (x86)\COSMIC\FSE_Compilers\CXSTM8\lib\libm0.sm8)utolx.o
                                                       (C:\Program Files (x86)\COSMIC\FSE_Compilers\CXSTM8\lib\libm0.sm8)umul.o
c_lsub                              00009d59   defined in (C:\Program Files (x86)\COSMIC\FSE_Compilers\CXSTM8\lib\libm0.sm8)lsub.o section .text
                                               used in Debug\stm8s_uart1.o
                                                       Debug\main.o
c_ltor                              00009d71   defined in (C:\Program Files (x86)\COSMIC\FSE_Compilers\CXSTM8\lib\libm0.sm8)ltor.o section .text
                                               used in Debug\stm8s_clk.o
                                                       Debug\stm8s_uart1.o
                                                       Debug\main.o
c_ludv                              00009d83   defined in (C:\Program Files (x86)\COSMIC\FSE_Compilers\CXSTM8\lib\libm0.sm8)ludiv.o section .text
                                               used in Debug\stm8s_clk.o
                                                       Debug\stm8s_uart1.o
                                                       Debug\main.o
c_lursh                             ********   *** removed from (C:\Program Files (x86)\COSMIC\FSE_Compilers\CXSTM8\lib\libm0.sm8)lursh.o ***
c_rtol                              00009eaa   defined in (C:\Program Files (x86)\COSMIC\FSE_Compilers\CXSTM8\lib\libm0.sm8)rtol.o section .text
                                               used in Debug\stm8s_clk.o
                                                       Debug\stm8s_uart1.o
                                                       Debug\main.o
c_smul                              ********   *** removed from (C:\Program Files (x86)\COSMIC\FSE_Compilers\CXSTM8\lib\libm0.sm8)smul.o ***
c_uitolx                            00009ebc   defined in (C:\Program Files (x86)\COSMIC\FSE_Compilers\CXSTM8\lib\libm0.sm8)utolx.o section .text
                                               used in Debug\main.o
c_umul                              00009ec3   defined in (C:\Program Files (x86)\COSMIC\FSE_Compilers\CXSTM8\lib\libm0.sm8)umul.o section .text
                                               used in Debug\main.o
c_x                                 000000e1   defined in (C:\Program Files (x86)\COSMIC\FSE_Compilers\CXSTM8\lib\libm0.sm8)xreg.o section .ubsct
                                               used in C:\Program Files (x86)\COSMIC\FSE_Compilers\CXSTM8\lib\crtsi0.sm8
                                                       Debug\stm8s_it.o
                                                       (C:\Program Files (x86)\COSMIC\FSE_Compilers\CXSTM8\lib\libm0.sm8)imul.o
                                                       (C:\Program Files (x86)\COSMIC\FSE_Compilers\CXSTM8\lib\libm0.sm8)ldiv.o
                                                       (C:\Program Files (x86)\COSMIC\FSE_Compilers\CXSTM8\lib\libm0.sm8)umul.o
c_y                                 000000e4   defined in (C:\Program Files (x86)\COSMIC\FSE_Compilers\CXSTM8\lib\libm0.sm8)yreg.o section .ubsct
                                               used in C:\Program Files (x86)\COSMIC\FSE_Compilers\CXSTM8\lib\crtsi0.sm8
                                                       Debug\stm8s_it.o
                                                       (C:\Program Files (x86)\COSMIC\FSE_Compilers\CXSTM8\lib\libm0.sm8)umul.o
f_ADC1_IRQHandler                   00009c8b   defined in Debug\stm8s_it.o section .text
                                               used in Debug\stm8_interrupt_vector.o
f_AWU_IRQHandler                    00009c3a   defined in Debug\stm8s_it.o section .text
                                               used in Debug\stm8_interrupt_vector.o
f_CLK_IRQHandler                    00009c3b   defined in Debug\stm8s_it.o section .text
                                               used in Debug\stm8_interrupt_vector.o
f_EEPROM_EEC_IRQHandler             00009cb3   defined in Debug\stm8s_it.o section .text
                                               used in Debug\stm8_interrupt_vector.o
f_EXTI_PORTA_IRQHandler             00009c3c   defined in Debug\stm8s_it.o section .text
                                               used in Debug\stm8_interrupt_vector.o
f_EXTI_PORTB_IRQHandler             00009c3d   defined in Debug\stm8s_it.o section .text
                                               used in Debug\stm8_interrupt_vector.o
f_EXTI_PORTC_IRQHandler             00009c3e   defined in Debug\stm8s_it.o section .text
                                               used in Debug\stm8_interrupt_vector.o
f_EXTI_PORTD_IRQHandler             00009c3f   defined in Debug\stm8s_it.o section .text
                                               used in Debug\stm8_interrupt_vector.o
f_EXTI_PORTE_IRQHandler             00009c40   defined in Debug\stm8s_it.o section .text
                                               used in Debug\stm8_interrupt_vector.o
f_I2C_IRQHandler                    00009c8a   defined in Debug\stm8s_it.o section .text
                                               used in Debug\stm8_interrupt_vector.o
f_NonHandledInterrupt               00009c37   defined in Debug\stm8s_it.o section .text
                                               used in Debug\stm8_interrupt_vector.o
f_SPI_IRQHandler                    00009c41   defined in Debug\stm8s_it.o section .text
                                               used in Debug\stm8_interrupt_vector.o
f_TIM1_CAP_COM_IRQHandler           00009c43   defined in Debug\stm8s_it.o section .text
                                               used in Debug\stm8_interrupt_vector.o
f_TIM1_UPD_OVF_TRG_BRK_IRQHandler   00009c42   defined in Debug\stm8s_it.o section .text
                                               used in Debug\stm8_interrupt_vector.o
f_TIM2_CAP_COM_IRQHandler           00009c66   defined in Debug\stm8s_it.o section .text
                                               used in Debug\stm8_interrupt_vector.o
f_TIM2_UPD_OVF_BRK_IRQHandler       00009c44   defined in Debug\stm8s_it.o section .text
                                               used in Debug\stm8_interrupt_vector.o
f_TIM4_UPD_OVF_IRQHandler           00009c8c   defined in Debug\stm8s_it.o section .text
                                               used in Debug\stm8_interrupt_vector.o
f_TLI_IRQHandler                    00009c39   defined in Debug\stm8s_it.o section .text
                                               used in Debug\stm8_interrupt_vector.o
f_TRAP_IRQHandler                   00009c38   defined in Debug\stm8s_it.o section .text
                                               used in Debug\stm8_interrupt_vector.o
f_UART1_RX_IRQHandler               00009c89   defined in Debug\stm8s_it.o section .text
                                               used in Debug\stm8_interrupt_vector.o
f_UART1_TX_IRQHandler               00009c88   defined in Debug\stm8s_it.o section .text
                                               used in Debug\stm8_interrupt_vector.o
