
Map of Debug\motordriver.sm8 from link file Debug\motordriver.lkf - Thu Apr 26 13:09:42 2018


                               --------
                               Segments
                               --------

start 00008080 end 0000817f length   255 segment .const
start 0000819b end 00009dda length  7231 segment .text
start 00004000 end 00004000 length     0 segment .eeprom
start 00000000 end 00000014 length    20 segment .bsct, initialized
start 00008187 end 0000819b length    20 segment .bsct, from
start 00000014 end 00000070 length    92 segment .ubsct
start 00000070 end 00000070 length     0 segment .bit
start 00000070 end 00000070 length     0 segment .share
start 00000100 end 00000100 length     0 segment .data
start 00000100 end 00000100 length     0 segment .bss
start 00000000 end 000008f6 length  2294 segment .info.
start 00000000 end 00006d71 length 28017 segment .debug
start 00008000 end 00008080 length   128 segment .const
start 0000817f end 00008187 length     8 segment .init


                               -------
                               Modules
                               -------

C:\Program Files (x86)\COSMIC\FSE_Compilers\CXSTM8\lib\crtsi0.sm8:
start 0000819b end 000081eb length    80 section .text
start 00000100 end 00000100 length     0 section .bss
start 00000014 end 00000014 length     0 section .ubsct
start 00000000 end 0000002f length    47 section .info.

Debug\stm8s_adc1.o:
start 000081eb end 000089a0 length  1973 section .text
start 00000000 end 000015f1 length  5617 section .debug
start 0000002f end 000000c1 length   146 section .info.
start 00008080 end 000080bc length    60 section .const

Debug\stm8s_clk.o:
start 000089a0 end 00008f54 length  1460 section .text
start 000015f1 end 00002c60 length  5743 section .debug
start 000000c1 end 00000152 length   145 section .info.
start 000080bc end 00008103 length    71 section .const

Debug\stm8s_gpio.o:
start 00008f54 end 0000905c length   264 section .text
start 00002c60 end 0000366a length  2570 section .debug
start 00000152 end 000001e4 length   146 section .info.
start 00008103 end 0000813f length    60 section .const

Debug\stm8s_tim4.o:
start 0000905c end 000092a2 length   582 section .text
start 0000366a end 00004221 length  2999 section .debug
start 000001e4 end 00000276 length   146 section .info.
start 0000813f end 0000817b length    60 section .const

Debug\stm8s_uart1.o:
start ******** end ******** length     0 section .text *** removed ***
start 00004221 end 0000560d length  5100 section .debug
start 00000276 end 00000309 length   147 section .info.
start ******** end ******** length     0 section .const *** removed ***

Debug\main.o:
start 000092a2 end 00009b83 length  2273 section .text
start 00000000 end 00000014 length    20 section .bsct
start 00000014 end 00000066 length    82 section .ubsct
start 0000560d end 00006529 length  3868 section .debug
start 00000309 end 00000395 length   140 section .info.
start 0000817b end 0000817f length     4 section .const

Debug\stm8s_it.o:
start 00009b83 end 00009bca length    71 section .text
start 00006529 end 00006b59 length  1584 section .debug
start 00000395 end 00000425 length   144 section .info.

Debug\table.o:
start ******** end ******** length     0 section .text *** removed ***
start 00006b59 end 00006c4b length   242 section .debug
start 00000425 end 000004b2 length   141 section .info.
start ******** end ******** length     0 section .const *** removed ***

(C:\Program Files (x86)\COSMIC\FSE_Compilers\CXSTM8\lib\libm0.sm8)imul.o:
start 00009bca end 00009beb length    33 section .text
start 000004b2 end 000004e0 length    46 section .info.

(C:\Program Files (x86)\COSMIC\FSE_Compilers\CXSTM8\lib\libm0.sm8)ladc.o:
start 00009beb end 00009bfc length    17 section .text
start 000004e0 end 0000050e length    46 section .info.

(C:\Program Files (x86)\COSMIC\FSE_Compilers\CXSTM8\lib\libm0.sm8)ladd.o:
start 00009bfc end 00009c14 length    24 section .text
start 0000050e end 0000053c length    46 section .info.

(C:\Program Files (x86)\COSMIC\FSE_Compilers\CXSTM8\lib\libm0.sm8)lcmp.o:
start 00009c14 end 00009c34 length    32 section .text
start 0000053c end 0000056a length    46 section .info.

(C:\Program Files (x86)\COSMIC\FSE_Compilers\CXSTM8\lib\libm0.sm8)llsh.o:
start ******** end ******** length     0 section .text *** removed ***
start 0000056a end 00000598 length    46 section .info.

(C:\Program Files (x86)\COSMIC\FSE_Compilers\CXSTM8\lib\libm0.sm8)lreg.o:
start 00000066 end 0000006a length     4 section .ubsct
start 00000598 end 000005c6 length    46 section .info.

(C:\Program Files (x86)\COSMIC\FSE_Compilers\CXSTM8\lib\libm0.sm8)lsub.o:
start 00009c34 end 00009c4c length    24 section .text
start 000005c6 end 000005f4 length    46 section .info.

(C:\Program Files (x86)\COSMIC\FSE_Compilers\CXSTM8\lib\libm0.sm8)ltor.o:
start 00009c4c end 00009c5e length    18 section .text
start 000005f4 end 00000622 length    46 section .info.

(C:\Program Files (x86)\COSMIC\FSE_Compilers\CXSTM8\lib\libm0.sm8)ludiv.o:
start 00009c5e end 00009c72 length    20 section .text
start 00000622 end 00000651 length    47 section .info.

(C:\Program Files (x86)\COSMIC\FSE_Compilers\CXSTM8\lib\libm0.sm8)ldiv.o:
start 00009c72 end 00009d5d length   235 section .text
start 00000651 end 0000067f length    46 section .info.

(C:\Program Files (x86)\COSMIC\FSE_Compilers\CXSTM8\lib\libm0.sm8)lgneg.o:
start 00009d5d end 00009d70 length    19 section .text
start 0000067f end 000006ae length    47 section .info.

(C:\Program Files (x86)\COSMIC\FSE_Compilers\CXSTM8\lib\libm0.sm8)lneg.o:
start 00009d70 end 00009d85 length    21 section .text
start 000006ae end 000006dc length    46 section .info.

(C:\Program Files (x86)\COSMIC\FSE_Compilers\CXSTM8\lib\libm0.sm8)lursh.o:
start ******** end ******** length     0 section .text *** removed ***
start 000006dc end 0000070b length    47 section .info.

(C:\Program Files (x86)\COSMIC\FSE_Compilers\CXSTM8\lib\libm0.sm8)rtol.o:
start 00009d85 end 00009d97 length    18 section .text
start 0000070b end 00000739 length    46 section .info.

(C:\Program Files (x86)\COSMIC\FSE_Compilers\CXSTM8\lib\libm0.sm8)smul.o:
start ******** end ******** length     0 section .text *** removed ***
start 00000739 end 00000767 length    46 section .info.

(C:\Program Files (x86)\COSMIC\FSE_Compilers\CXSTM8\lib\libm0.sm8)utolx.o:
start 00009d97 end 00009d9e length     7 section .text
start 00000767 end 00000796 length    47 section .info.

(C:\Program Files (x86)\COSMIC\FSE_Compilers\CXSTM8\lib\libm0.sm8)umul.o:
start 00009d9e end 00009dda length    60 section .text
start 00000796 end 000007c4 length    46 section .info.

(C:\Program Files (x86)\COSMIC\FSE_Compilers\CXSTM8\lib\libm0.sm8)xreg.o:
start 0000006a end 0000006d length     3 section .ubsct
start 000007c4 end 000007f2 length    46 section .info.

(C:\Program Files (x86)\COSMIC\FSE_Compilers\CXSTM8\lib\libm0.sm8)yreg.o:
start 0000006d end 00000070 length     3 section .ubsct
start 000007f2 end 00000820 length    46 section .info.

Debug\stm8_interrupt_vector.o:
start 00006c4b end 00006d71 length   294 section .debug
start 00000820 end 000008bd length   157 section .info.
start 00008000 end 00008080 length   128 section .const


                             -----------
                             Stack usage
                             -----------

Debug\main.o:
L3_Adc_Config                          24   (2)
L5_Timer4_Config                       13   (2)
_AdcService                            23   (2)
_CPulse                                20   (6)
_CStep                             >   20   (6)
_Clock_Config                          12   (2)
_Diff                                  21   (18)
_DriveService                          15   (4)
_Excitation_12Phase                     7   (2)
_Excitation_1Phase                      7   (2)
_Excitation_2Phase                      7   (2)
_Gpio_Config                           15   (2)
_Interval                          >    4   (4)
_LedService                            23   (2)
_MotorClose                            11   (2)
_MotorService                          27   (2)
_MotorStep                              9   (2)
_OnTimer4                              26   (2)
_OnTimer_1S                        >    2   (2)
_OnTimer_1mS                       >   26   (2)
_SAbs                                   4   (4)
_StartDriveOR                          25   (5)
_StopDrive                              7   (2)
_assert_failed                          7   (7)
_main                              >   31   (4)

Debug\stm8s_adc1.o:
_ADC1_AWDChannelConfig             >   11   (4)
_ADC1_ClearFlag                    >   11   (4)
_ADC1_ClearITPendingBit            >   12   (5)
_ADC1_Cmd                          >   10   (3)
_ADC1_ConversionConfig                 12   (5)
_ADC1_DataBufferCmd                >   10   (3)
_ADC1_DeInit                            2   (2)
_ADC1_ExternalTriggerConfig            11   (4)
_ADC1_GetAWDChannelStatus          >   11   (4)
_ADC1_GetBufferValue               >   15   (8)
_ADC1_GetConversionValue                7   (7)
_ADC1_GetFlagStatus                >   11   (4)
_ADC1_GetITStatus                  >   12   (5)
_ADC1_ITConfig                     >   12   (5)
_ADC1_Init                             22   (10)
_ADC1_PrescalerConfig                  10   (3)
_ADC1_ScanModeCmd                  >   10   (3)
_ADC1_SchmittTriggerConfig             11   (4)
_ADC1_SetHighThreshold             >    4   (4)
_ADC1_SetLowThreshold              >    2   (2)
_ADC1_StartConversion                   2   (2)

Debug\stm8s_clk.o:
_CLK_AdjustHSICalibrationValue     >   10   (3)
_CLK_CCOCmd                        >   10   (3)
_CLK_CCOConfig                     >   10   (3)
_CLK_ClearITPendingBit             >   10   (3)
_CLK_ClockSecuritySystemEnable     >    2   (2)
_CLK_ClockSwitchCmd                >   10   (3)
_CLK_ClockSwitchConfig             >   17   (10)
_CLK_DeInit                             2   (2)
_CLK_FastHaltWakeUpCmd             >   10   (3)
_CLK_GetClockFreq                  >   25   (11)
_CLK_GetFlagStatus                 >   14   (7)
_CLK_GetITStatus                   >   11   (4)
_CLK_GetSYSCLKSource               >    2   (2)
_CLK_HSECmd                            10   (3)
_CLK_HSICmd                            10   (3)
_CLK_HSIPrescalerConfig                10   (3)
_CLK_ITConfig                      >   11   (4)
_CLK_LSICmd                            10   (3)
_CLK_PeripheralClockConfig         >   11   (4)
_CLK_SWIMConfig                    >   10   (3)
_CLK_SYSCLKConfig                      10   (3)
_CLK_SYSCLKEmergencyClear          >    2   (2)
_CLK_SlowActiveHaltWakeUpCmd       >   10   (3)

Debug\stm8s_gpio.o:
_GPIO_DeInit                       >    2   (2)
_GPIO_ExternalPullUpConfig         >   13   (6)
_GPIO_Init                             13   (6)
_GPIO_ReadInputData                >    2   (2)
_GPIO_ReadInputPin                      5   (5)
_GPIO_ReadOutputData               >    2   (2)
_GPIO_Write                        >    5   (5)
_GPIO_WriteHigh                         5   (5)
_GPIO_WriteLow                          5   (5)
_GPIO_WriteReverse                      5   (5)

Debug\stm8s_it.o:
f_ADC1_IRQHandler                  >    6   (6)
f_AWU_IRQHandler                   >    6   (6)
f_CLK_IRQHandler                   >    6   (6)
f_EEPROM_EEC_IRQHandler            >    6   (6)
f_EXTI_PORTA_IRQHandler            >    6   (6)
f_EXTI_PORTB_IRQHandler            >    6   (6)
f_EXTI_PORTC_IRQHandler            >    6   (6)
f_EXTI_PORTD_IRQHandler            >    6   (6)
f_EXTI_PORTE_IRQHandler            >    6   (6)
f_I2C_IRQHandler                   >    6   (6)
f_NonHandledInterrupt              >    6   (6)
f_SPI_IRQHandler                   >    6   (6)
f_TIM1_CAP_COM_IRQHandler          >    6   (6)
f_TIM1_UPD_OVF_TRG_BRK_IRQHandler  >    6   (6)
f_TIM2_CAP_COM_IRQHandler          >    6   (6)
f_TIM2_UPD_OVF_BRK_IRQHandler      >    6   (6)
f_TIM4_UPD_OVF_IRQHandler          >   42   (16)
f_TLI_IRQHandler                   >    6   (6)
f_TRAP_IRQHandler                  >    6   (6)
f_UART1_RX_IRQHandler              >    6   (6)
f_UART1_TX_IRQHandler              >    6   (6)

Debug\stm8s_tim4.o:
_TIM4_ARRPreloadConfig             >   10   (3)
_TIM4_ClearFlag                    >   10   (3)
_TIM4_ClearITPendingBit                10   (3)
_TIM4_Cmd                              10   (3)
_TIM4_DeInit                            2   (2)
_TIM4_GenerateEvent                >   10   (3)
_TIM4_GetCounter                   >    2   (2)
_TIM4_GetFlagStatus                >   11   (4)
_TIM4_GetITStatus                  >   12   (5)
_TIM4_GetPrescaler                 >    2   (2)
_TIM4_ITConfig                         11   (4)
_TIM4_PrescalerConfig              >   11   (4)
_TIM4_SelectOnePulseMode           >   10   (3)
_TIM4_SetAutoreload                >    2   (2)
_TIM4_SetCounter                   >    2   (2)
_TIM4_TimeBaseInit                     11   (4)
_TIM4_UpdateDisableConfig          >   10   (3)
_TIM4_UpdateRequestConfig          >   10   (3)

Stack size: 73


                              ---------
                              Call tree
                              ---------
   1 > _ADC1_AWDChannelConfig: (4)
   2      + _assert_failed: (7)
       
   3 > _ADC1_ClearFlag: (4)
   4      + _assert_failed --> 2
       
   5 > _ADC1_ClearITPendingBit: (5)
   6      + _assert_failed --> 2
       
   7 > _ADC1_Cmd: (3)
   8      + _assert_failed --> 2
       
   9 > _ADC1_DataBufferCmd: (3)
  10      + _assert_failed --> 2
       
  11 > _ADC1_GetAWDChannelStatus: (4)
  12      + _assert_failed --> 2
       
  13 > _ADC1_GetBufferValue: (8)
  14      + _assert_failed --> 2
       
  15 > _ADC1_GetFlagStatus: (4)
  16      + _assert_failed --> 2
       
  17 > _ADC1_GetITStatus: (5)
  18      + _assert_failed --> 2
       
  19 > _ADC1_ITConfig: (5)
  20      + _assert_failed --> 2
       
  21 > _ADC1_ScanModeCmd: (3)
  22      + _assert_failed --> 2
       
  23 > _ADC1_SetHighThreshold: (4)

  24 > _ADC1_SetLowThreshold: (2)

  25 > _CLK_AdjustHSICalibrationValue: (3)
  26      + _assert_failed --> 2
       
  27 > _CLK_CCOCmd: (3)
  28      + _assert_failed --> 2
       
  29 > _CLK_CCOConfig: (3)
  30      + _assert_failed --> 2
       
  31 > _CLK_ClearITPendingBit: (3)
  32      + _assert_failed --> 2
       
  33 > _CLK_ClockSecuritySystemEnable: (2)

  34 > _CLK_ClockSwitchCmd: (3)
  35      + _assert_failed --> 2
       
  36 > _CLK_ClockSwitchConfig: (10)
  37      + _assert_failed --> 2
       
  38 > _CLK_FastHaltWakeUpCmd: (3)
  39      + _assert_failed --> 2
       
  40 > _CLK_GetClockFreq: (11)

  41 > _CLK_GetFlagStatus: (7)
  42      + _assert_failed --> 2
       
  43 > _CLK_GetITStatus: (4)
  44      + _assert_failed --> 2
       
  45 > _CLK_GetSYSCLKSource: (2)

  46 > _CLK_ITConfig: (4)
  47      + _assert_failed --> 2
       
  48 > _CLK_PeripheralClockConfig: (4)
  49      + _assert_failed --> 2
       
  50 > _CLK_SWIMConfig: (3)
  51      + _assert_failed --> 2
       
  52 > _CLK_SYSCLKEmergencyClear: (2)

  53 > _CLK_SlowActiveHaltWakeUpCmd: (3)
  54      + _assert_failed --> 2
       
  55 > _CStep: (6)

  56 > _GPIO_DeInit: (2)

  57 > _GPIO_ExternalPullUpConfig: (6)
  58      + _assert_failed --> 2
       
  59 > _GPIO_ReadInputData: (2)

  60 > _GPIO_ReadOutputData: (2)

  61 > _GPIO_Write: (5)

  62 > _Interval: (4)

  63 > _OnTimer_1S: (2)

  64 > _OnTimer_1mS: (2)
  65      + L3_Adc_Config: (2)
  66      |    + _ADC1_DeInit: (2)
  67      |    + _ADC1_GetConversionValue: (7)
  68      |    + _ADC1_Init: (10)
  69      |    |    + _ADC1_ConversionConfig: (5)
  70      |    |    |    + _assert_failed --> 2
          |    |    | 
  71      |    |    + _ADC1_ExternalTriggerConfig: (4)
  72      |    |    |    + _assert_failed --> 2
          |    |    | 
  73      |    |    + _ADC1_PrescalerConfig: (3)
  74      |    |    |    + _assert_failed --> 2
          |    |    | 
  75      |    |    + _ADC1_SchmittTriggerConfig: (4)
  76      |    |    |    + _assert_failed --> 2
          |    |    | 
  77      |    |    + _assert_failed --> 2
          |    | 
  78      |    + _ADC1_StartConversion: (2)
          | 
       
  79 > _TIM4_ARRPreloadConfig: (3)
  80      + _assert_failed --> 2
       
  81 > _TIM4_ClearFlag: (3)
  82      + _assert_failed --> 2
       
  83 > _TIM4_GenerateEvent: (3)
  84      + _assert_failed --> 2
       
  85 > _TIM4_GetCounter: (2)

  86 > _TIM4_GetFlagStatus: (4)
  87      + _assert_failed --> 2
       
  88 > _TIM4_GetITStatus: (5)
  89      + _assert_failed --> 2
       
  90 > _TIM4_GetPrescaler: (2)

  91 > _TIM4_PrescalerConfig: (4)
  92      + _assert_failed --> 2
       
  93 > _TIM4_SelectOnePulseMode: (3)
  94      + _assert_failed --> 2
       
  95 > _TIM4_SetAutoreload: (2)

  96 > _TIM4_SetCounter: (2)

  97 > _TIM4_UpdateDisableConfig: (3)
  98      + _assert_failed --> 2
       
  99 > _TIM4_UpdateRequestConfig: (3)
 100      + _assert_failed --> 2
       
 101 > __stext: (0)

 102 > _main: (4)
 103      + L3_Adc_Config --> 65
 104      + L5_Timer4_Config: (2)
 105      |    + _TIM4_Cmd: (3)
 106      |    |    + _assert_failed --> 2
          |    | 
 107      |    + _TIM4_DeInit: (2)
 108      |    + _TIM4_ITConfig: (4)
 109      |    |    + _assert_failed --> 2
          |    | 
 110      |    + _TIM4_TimeBaseInit: (4)
 111      |    |    + _assert_failed --> 2
          |    | 
          | 
 112      + _AdcService: (2)
 113      |    + _Diff: (18)
          | 
 114      + _CPulse: (6)
 115      + _Clock_Config: (2)
 116      |    + _CLK_DeInit: (2)
 117      |    + _CLK_HSECmd: (3)
 118      |    |    + _assert_failed --> 2
          |    | 
 119      |    + _CLK_HSICmd: (3)
 120      |    |    + _assert_failed --> 2
          |    | 
 121      |    + _CLK_HSIPrescalerConfig: (3)
 122      |    |    + _assert_failed --> 2
          |    | 
 123      |    + _CLK_LSICmd: (3)
 124      |    |    + _assert_failed --> 2
          |    | 
 125      |    + _CLK_SYSCLKConfig: (3)
 126      |    |    + _assert_failed --> 2
          |    | 
          | 
 127      + _Diff --> 113
 128      + _GPIO_WriteLow: (5)
 129      + _Gpio_Config: (2)
 130      |    + _GPIO_Init: (6)
 131      |    |    + _assert_failed --> 2
          |    | 
 132      |    + _GPIO_WriteHigh: (5)
 133      |    + _GPIO_WriteLow --> 128
          | 
 134      + _LedService: (2)
 135      |    + _Diff --> 113
 136      |    + _GPIO_WriteReverse: (5)
          | 
 137      + _MotorService: (2)
 138      |    + _CPulse --> 114
 139      |    + _SAbs: (4)
 140      |    + _StartDriveOR: (5)
 141      |    |    + _CPulse --> 114
          |    | 
          | 
 142      + _StartDriveOR --> 140
       
 143 > f_ADC1_IRQHandler: (6)

 144 > f_AWU_IRQHandler: (6)

 145 > f_CLK_IRQHandler: (6)

 146 > f_EEPROM_EEC_IRQHandler: (6)

 147 > f_EXTI_PORTA_IRQHandler: (6)

 148 > f_EXTI_PORTB_IRQHandler: (6)

 149 > f_EXTI_PORTC_IRQHandler: (6)

 150 > f_EXTI_PORTD_IRQHandler: (6)

 151 > f_EXTI_PORTE_IRQHandler: (6)

 152 > f_I2C_IRQHandler: (6)

 153 > f_NonHandledInterrupt: (6)

 154 > f_SPI_IRQHandler: (6)

 155 > f_TIM1_CAP_COM_IRQHandler: (6)

 156 > f_TIM1_UPD_OVF_TRG_BRK_IRQHandler: (6)

 157 > f_TIM2_CAP_COM_IRQHandler: (6)

 158 > f_TIM2_UPD_OVF_BRK_IRQHandler: (6)

 159 > f_TIM4_UPD_OVF_IRQHandler: (16)
 160      + _OnTimer4: (2)
 161      |    + L3_Adc_Config --> 65
 162      |    + _DriveService: (4)
 163      |    |    + _MotorClose: (2)
 164      |    |    |    + _MotorStep: (2)
 165      |    |    |    |    + _Excitation_12Phase: (2)
 166      |    |    |    |    |    + _GPIO_WriteHigh --> 132
 167      |    |    |    |    |    + _GPIO_WriteLow --> 128
          |    |    |    |    | 
 168      |    |    |    |    + _Excitation_1Phase: (2)
 169      |    |    |    |    |    + _GPIO_WriteHigh --> 132
 170      |    |    |    |    |    + _GPIO_WriteLow --> 128
          |    |    |    |    | 
 171      |    |    |    |    + _Excitation_2Phase: (2)
 172      |    |    |    |    |    + _GPIO_WriteHigh --> 132
 173      |    |    |    |    |    + _GPIO_WriteLow --> 128
          |    |    |    |    | 
 174      |    |    |    |    + _StopDrive: (2)
 175      |    |    |    |    |    + _GPIO_WriteLow --> 128
          |    |    |    |    | 
          |    |    |    | 
 176      |    |    |    + _StopDrive --> 174
          |    |    | 
 177      |    |    + _MotorStep --> 164
 178      |    |    + _StopDrive --> 174
          |    | 
 179      |    + _GPIO_ReadInputPin: (5)
 180      |    + _GPIO_WriteHigh --> 132
 181      |    + _GPIO_WriteLow --> 128
          | 
 182      + _TIM4_ClearITPendingBit: (3)
 183      |    + _assert_failed --> 2
          | 
       
 184 > f_TLI_IRQHandler: (6)

 185 > f_TRAP_IRQHandler: (6)

 186 > f_UART1_RX_IRQHandler: (6)

 187 > f_UART1_TX_IRQHandler: (6)

 188   L3_Adc_Config --> 65

 189   L5_Timer4_Config --> 104

 190   _ADC1_ConversionConfig --> 69

 191   _ADC1_DeInit --> 66

 192   _ADC1_ExternalTriggerConfig --> 71

 193   _ADC1_GetConversionValue --> 67

 194   _ADC1_Init --> 68

 195   _ADC1_PrescalerConfig --> 73

 196   _ADC1_SchmittTriggerConfig --> 75

 197   _ADC1_StartConversion --> 78

 198   _AdcService --> 112

 199   _CLK_DeInit --> 116

 200   _CLK_HSECmd --> 117

 201   _CLK_HSICmd --> 119

 202   _CLK_HSIPrescalerConfig --> 121

 203   _CLK_LSICmd --> 123

 204   _CLK_SYSCLKConfig --> 125

 205   _CPulse --> 114

 206   _Clock_Config --> 115

 207   _Diff --> 113

 208   _DriveService --> 162

 209   _Excitation_12Phase --> 165

 210   _Excitation_1Phase --> 168

 211   _Excitation_2Phase --> 171

 212   _GPIO_Init --> 130

 213   _GPIO_ReadInputPin --> 179

 214   _GPIO_WriteHigh --> 132

 215   _GPIO_WriteLow --> 128

 216   _GPIO_WriteReverse --> 136

 217   _Gpio_Config --> 129

 218   _LedService --> 134

 219   _MotorClose --> 163

 220   _MotorService --> 137

 221   _MotorStep --> 164

 222   _OnTimer4 --> 160

 223   _SAbs --> 139

 224   _StartDriveOR --> 140

 225   _StopDrive --> 174

 226   _TIM4_ClearITPendingBit --> 182

 227   _TIM4_Cmd --> 105

 228   _TIM4_DeInit --> 107

 229   _TIM4_ITConfig --> 108

 230   _TIM4_TimeBaseInit --> 110

 231   _assert_failed --> 2



                               -------
                               Symbols
                               -------

_ADC1_AWDChannelConfig              000085dc   defined in Debug\stm8s_adc1.o section .text
_ADC1_ClearFlag                     000087dc   defined in Debug\stm8s_adc1.o section .text
_ADC1_ClearITPendingBit             00008904   defined in Debug\stm8s_adc1.o section .text
_ADC1_Cmd                           00008321   defined in Debug\stm8s_adc1.o section .text
_ADC1_ConversionConfig              000084d9   defined in Debug\stm8s_adc1.o section .text
_ADC1_DataBufferCmd                 0000836b   defined in Debug\stm8s_adc1.o section .text
_ADC1_DeInit                        000081eb   defined in Debug\stm8s_adc1.o section .text
                                               used in Debug\main.o
_ADC1_ExternalTriggerConfig         0000855e   defined in Debug\stm8s_adc1.o section .text
_ADC1_GetAWDChannelStatus           000086ec   defined in Debug\stm8s_adc1.o section .text
_ADC1_GetBufferValue                00008693   defined in Debug\stm8s_adc1.o section .text
_ADC1_GetConversionValue            000085aa   defined in Debug\stm8s_adc1.o section .text
                                               used in Debug\main.o
_ADC1_GetFlagStatus                 0000874f   defined in Debug\stm8s_adc1.o section .text
_ADC1_GetITStatus                   00008874   defined in Debug\stm8s_adc1.o section .text
_ADC1_ITConfig                      00008390   defined in Debug\stm8s_adc1.o section .text
_ADC1_Init                          0000821c   defined in Debug\stm8s_adc1.o section .text
                                               used in Debug\main.o
_ADC1_PrescalerConfig               000083ce   defined in Debug\stm8s_adc1.o section .text
_ADC1_ScanModeCmd                   00008346   defined in Debug\stm8s_adc1.o section .text
_ADC1_SchmittTriggerConfig          0000840e   defined in Debug\stm8s_adc1.o section .text
_ADC1_SetHighThreshold              0000867a   defined in Debug\stm8s_adc1.o section .text
_ADC1_SetLowThreshold               00008688   defined in Debug\stm8s_adc1.o section .text
_ADC1_StartConversion               000085a5   defined in Debug\stm8s_adc1.o section .text
                                               used in Debug\main.o
_Adc                                0000001f   defined in Debug\main.o section .ubsct
_AdcService                         0000943d   defined in Debug\main.o section .text
_CLKPrescTable                      000080c0   defined in Debug\stm8s_clk.o section .const
_CLK_AdjustHSICalibrationValue      00008e33   defined in Debug\stm8s_clk.o section .text
_CLK_CCOCmd                         00008a6a   defined in Debug\stm8s_clk.o section .text
_CLK_CCOConfig                      00008c8f   defined in Debug\stm8s_clk.o section .text
_CLK_ClearITPendingBit              00008f2b   defined in Debug\stm8s_clk.o section .text
_CLK_ClockSecuritySystemEnable      00008dc9   defined in Debug\stm8s_clk.o section .text
_CLK_ClockSwitchCmd                 00008a8f   defined in Debug\stm8s_clk.o section .text
_CLK_ClockSwitchConfig              00008b77   defined in Debug\stm8s_clk.o section .text
_CLK_DeInit                         000089a0   defined in Debug\stm8s_clk.o section .text
                                               used in Debug\main.o
_CLK_FastHaltWakeUpCmd              000089d6   defined in Debug\stm8s_clk.o section .text
_CLK_GetClockFreq                   00008dd2   defined in Debug\stm8s_clk.o section .text
                                               used in Debug\stm8s_uart1.o
_CLK_GetFlagStatus                  00008e72   defined in Debug\stm8s_clk.o section .text
_CLK_GetITStatus                    00008ef2   defined in Debug\stm8s_clk.o section .text
_CLK_GetSYSCLKSource                00008dce   defined in Debug\stm8s_clk.o section .text
_CLK_HSECmd                         000089fb   defined in Debug\stm8s_clk.o section .text
                                               used in Debug\main.o
_CLK_HSICmd                         00008a20   defined in Debug\stm8s_clk.o section .text
                                               used in Debug\main.o
_CLK_HSIPrescalerConfig             00008c5f   defined in Debug\stm8s_clk.o section .text
                                               used in Debug\main.o
_CLK_ITConfig                       00008ce7   defined in Debug\stm8s_clk.o section .text
_CLK_LSICmd                         00008a45   defined in Debug\stm8s_clk.o section .text
                                               used in Debug\main.o
_CLK_PeripheralClockConfig          00008ad9   defined in Debug\stm8s_clk.o section .text
_CLK_SWIMConfig                     00008da4   defined in Debug\stm8s_clk.o section .text
_CLK_SYSCLKConfig                   00008d40   defined in Debug\stm8s_clk.o section .text
                                               used in Debug\main.o
_CLK_SYSCLKEmergencyClear           00008e6d   defined in Debug\stm8s_clk.o section .text
_CLK_SlowActiveHaltWakeUpCmd        00008ab4   defined in Debug\stm8s_clk.o section .text
_CPulse                             00009993   defined in Debug\main.o section .text
_CStep                              0000996c   defined in Debug\main.o section .text
_Clock_Config                       000099ba   defined in Debug\main.o section .text
_Counter                            00000064   defined in Debug\main.o section .ubsct
_Diff                               000094b8   defined in Debug\main.o section .text
_Drive                              00000042   defined in Debug\main.o section .ubsct
_DriveService                       00009719   defined in Debug\main.o section .text
_Excitation_12Phase                 00009804   defined in Debug\main.o section .text
_Excitation_1Phase                  000098cd   defined in Debug\main.o section .text
_Excitation_2Phase                  00009776   defined in Debug\main.o section .text
_GPIO_DeInit                        00008f54   defined in Debug\stm8s_gpio.o section .text
_GPIO_ExternalPullUpConfig          00009023   defined in Debug\stm8s_gpio.o section .text
_GPIO_Init                          00008f5c   defined in Debug\stm8s_gpio.o section .text
                                               used in Debug\main.o
_GPIO_ReadInputData                 00009019   defined in Debug\stm8s_gpio.o section .text
_GPIO_ReadInputPin                  0000901c   defined in Debug\stm8s_gpio.o section .text
                                               used in Debug\main.o
_GPIO_ReadOutputData                00009017   defined in Debug\stm8s_gpio.o section .text
_GPIO_Write                         00008ffb   defined in Debug\stm8s_gpio.o section .text
_GPIO_WriteHigh                     00009001   defined in Debug\stm8s_gpio.o section .text
                                               used in Debug\main.o
_GPIO_WriteLow                      00009008   defined in Debug\stm8s_gpio.o section .text
                                               used in Debug\main.o
_GPIO_WriteReverse                  00009010   defined in Debug\stm8s_gpio.o section .text
                                               used in Debug\main.o
_Gpio_Config                        000099d3   defined in Debug\main.o section .text
_HSIDivFactor                       000080bc   defined in Debug\stm8s_clk.o section .const
_Interval                           00009951   defined in Debug\main.o section .text
_LedService                         0000948d   defined in Debug\main.o section .text
_MotorClose                         000096fc   defined in Debug\main.o section .text
_MotorService                       000093f9   defined in Debug\main.o section .text
_MotorStep                          00009684   defined in Debug\main.o section .text
_My                                 00000033   defined in Debug\main.o section .ubsct
_OnTimer4                           0000954b   defined in Debug\main.o section .text
                                               used in Debug\stm8s_it.o
_OnTimer_1S                         0000953b   defined in Debug\main.o section .text
_OnTimer_1mS                        0000953c   defined in Debug\main.o section .text
_PeriodNumber                       00000000   defined in Debug\main.o section .bsct, initialized
_PowerDelay_1mS                     00000013   defined in Debug\main.o section .bsct, initialized
_SAbs                               000094a6   defined in Debug\main.o section .text
_StartDriveOR                       00009606   defined in Debug\main.o section .text
_StopDrive                          000095e1   defined in Debug\main.o section .text
_TIM4_ARRPreloadConfig              000091ce   defined in Debug\stm8s_tim4.o section .text
_TIM4_ClearFlag                     0000923d   defined in Debug\stm8s_tim4.o section .text
_TIM4_ClearITPendingBit             00009288   defined in Debug\stm8s_tim4.o section .text
                                               used in Debug\stm8s_it.o
_TIM4_Cmd                           000090b6   defined in Debug\stm8s_tim4.o section .text
                                               used in Debug\main.o
_TIM4_DeInit                        0000905c   defined in Debug\stm8s_tim4.o section .text
                                               used in Debug\main.o
_TIM4_GenerateEvent                 000091f3   defined in Debug\stm8s_tim4.o section .text
_TIM4_GetCounter                    00009214   defined in Debug\stm8s_tim4.o section .text
_TIM4_GetFlagStatus                 0000921c   defined in Debug\stm8s_tim4.o section .text
_TIM4_GetITStatus                   00009257   defined in Debug\stm8s_tim4.o section .text
_TIM4_GetPrescaler                  00009218   defined in Debug\stm8s_tim4.o section .text
_TIM4_ITConfig                      000090db   defined in Debug\stm8s_tim4.o section .text
                                               used in Debug\main.o
_TIM4_PrescalerConfig               00009183   defined in Debug\stm8s_tim4.o section .text
_TIM4_SelectOnePulseMode            0000915d   defined in Debug\stm8s_tim4.o section .text
_TIM4_SetAutoreload                 00009210   defined in Debug\stm8s_tim4.o section .text
_TIM4_SetCounter                    0000920c   defined in Debug\stm8s_tim4.o section .text
_TIM4_TimeBaseInit                  00009075   defined in Debug\stm8s_tim4.o section .text
                                               used in Debug\main.o
_TIM4_UpdateDisableConfig           00009113   defined in Debug\stm8s_tim4.o section .text
_TIM4_UpdateRequestConfig           00009138   defined in Debug\stm8s_tim4.o section .text
_Table2                             ********   *** removed from Debug\table.o ***
_TableInterval                      00000002   defined in Debug\main.o section .bsct, initialized
_Ticks_1mS                          00000061   defined in Debug\main.o section .ubsct
_Ticks_50uS                         00000063   defined in Debug\main.o section .ubsct
_Ticks_S                            0000005f   defined in Debug\main.o section .ubsct
_Timer                              00000014   defined in Debug\main.o section .ubsct
_UART1_ClearFlag                    ********   *** removed from Debug\stm8s_uart1.o ***
_UART1_ClearITPendingBit            ********   *** removed from Debug\stm8s_uart1.o ***
_UART1_Cmd                          ********   *** removed from Debug\stm8s_uart1.o ***
_UART1_DeInit                       ********   *** removed from Debug\stm8s_uart1.o ***
_UART1_GetFlagStatus                ********   *** removed from Debug\stm8s_uart1.o ***
_UART1_GetITStatus                  ********   *** removed from Debug\stm8s_uart1.o ***
_UART1_HalfDuplexCmd                ********   *** removed from Debug\stm8s_uart1.o ***
_UART1_ITConfig                     ********   *** removed from Debug\stm8s_uart1.o ***
_UART1_Init                         ********   *** removed from Debug\stm8s_uart1.o ***
_UART1_IrDACmd                      ********   *** removed from Debug\stm8s_uart1.o ***
_UART1_IrDAConfig                   ********   *** removed from Debug\stm8s_uart1.o ***
_UART1_LINBreakDetectionConfig      ********   *** removed from Debug\stm8s_uart1.o ***
_UART1_LINCmd                       ********   *** removed from Debug\stm8s_uart1.o ***
_UART1_ReceiveData8                 ********   *** removed from Debug\stm8s_uart1.o ***
_UART1_ReceiveData9                 ********   *** removed from Debug\stm8s_uart1.o ***
_UART1_ReceiverWakeUpCmd            ********   *** removed from Debug\stm8s_uart1.o ***
_UART1_SendBreak                    ********   *** removed from Debug\stm8s_uart1.o ***
_UART1_SendData8                    ********   *** removed from Debug\stm8s_uart1.o ***
_UART1_SendData9                    ********   *** removed from Debug\stm8s_uart1.o ***
_UART1_SetAddress                   ********   *** removed from Debug\stm8s_uart1.o ***
_UART1_SetGuardTime                 ********   *** removed from Debug\stm8s_uart1.o ***
_UART1_SetPrescaler                 ********   *** removed from Debug\stm8s_uart1.o ***
_UART1_SmartCardCmd                 ********   *** removed from Debug\stm8s_uart1.o ***
_UART1_SmartCardNACKCmd             ********   *** removed from Debug\stm8s_uart1.o ***
_UART1_WakeUpConfig                 ********   *** removed from Debug\stm8s_uart1.o ***
__endmem                            000001ff   defined in command file
                                               *** not used ***
__endzp                             00000070   defined in command file section .ubsct
                                               used in C:\Program Files (x86)\COSMIC\FSE_Compilers\CXSTM8\lib\crtsi0.sm8
__idesc__                           0000817f   defined in linker section .init
                                               used in C:\Program Files (x86)\COSMIC\FSE_Compilers\CXSTM8\lib\crtsi0.sm8
__memory                            00000100   defined in command file section .bss
                                               used in C:\Program Files (x86)\COSMIC\FSE_Compilers\CXSTM8\lib\crtsi0.sm8
__stack                             000003ff   defined in command file
                                               used in C:\Program Files (x86)\COSMIC\FSE_Compilers\CXSTM8\lib\crtsi0.sm8
__startmem                          00000100   defined in command file section .bss
                                               *** not used ***
__stext                             0000819b   defined in C:\Program Files (x86)\COSMIC\FSE_Compilers\CXSTM8\lib\crtsi0.sm8 section .text
                                               used in Debug\stm8_interrupt_vector.o
__vectab                            00008000   defined in Debug\stm8_interrupt_vector.o section .const
_assert_failed                      00009b7c   defined in Debug\main.o section .text
                                               used in Debug\stm8s_adc1.o
                                                       Debug\stm8s_clk.o
                                                       Debug\stm8s_gpio.o
                                                       Debug\stm8s_tim4.o
                                                       Debug\stm8s_uart1.o
_cvtTable                           ********   *** removed from Debug\table.o ***
_exit                               000081e9   defined in C:\Program Files (x86)\COSMIC\FSE_Compilers\CXSTM8\lib\crtsi0.sm8 section .text
_ledint                             0000005d   defined in Debug\main.o section .ubsct
_main                               000092a2   defined in Debug\main.o section .text
                                               used in C:\Program Files (x86)\COSMIC\FSE_Compilers\CXSTM8\lib\crtsi0.sm8
c_divsl                             00009c72   defined in (C:\Program Files (x86)\COSMIC\FSE_Compilers\CXSTM8\lib\libm0.sm8)ldiv.o section .text
                                               *** not used ***
c_divul                             00009c89   defined in (C:\Program Files (x86)\COSMIC\FSE_Compilers\CXSTM8\lib\libm0.sm8)ldiv.o section .text
                                               used in (C:\Program Files (x86)\COSMIC\FSE_Compilers\CXSTM8\lib\libm0.sm8)ludiv.o
c_imul                              00009bca   defined in (C:\Program Files (x86)\COSMIC\FSE_Compilers\CXSTM8\lib\libm0.sm8)imul.o section .text
                                               used in Debug\main.o
c_ladc                              00009beb   defined in (C:\Program Files (x86)\COSMIC\FSE_Compilers\CXSTM8\lib\libm0.sm8)ladc.o section .text
                                               used in Debug\main.o
c_ladd                              00009bfc   defined in (C:\Program Files (x86)\COSMIC\FSE_Compilers\CXSTM8\lib\libm0.sm8)ladd.o section .text
                                               used in Debug\main.o
c_lcmp                              00009c14   defined in (C:\Program Files (x86)\COSMIC\FSE_Compilers\CXSTM8\lib\libm0.sm8)lcmp.o section .text
                                               used in Debug\stm8s_uart1.o
                                                       Debug\main.o
c_lgneg                             00009d5d   defined in (C:\Program Files (x86)\COSMIC\FSE_Compilers\CXSTM8\lib\libm0.sm8)lgneg.o section .text
                                               used in (C:\Program Files (x86)\COSMIC\FSE_Compilers\CXSTM8\lib\libm0.sm8)ldiv.o
c_llsh                              ********   *** removed from (C:\Program Files (x86)\COSMIC\FSE_Compilers\CXSTM8\lib\libm0.sm8)llsh.o ***
c_lneg                              00009d70   defined in (C:\Program Files (x86)\COSMIC\FSE_Compilers\CXSTM8\lib\libm0.sm8)lneg.o section .text
                                               used in (C:\Program Files (x86)\COSMIC\FSE_Compilers\CXSTM8\lib\libm0.sm8)ldiv.o
c_lreg                              00000066   defined in (C:\Program Files (x86)\COSMIC\FSE_Compilers\CXSTM8\lib\libm0.sm8)lreg.o section .ubsct
                                               used in Debug\stm8s_clk.o
                                                       Debug\stm8s_uart1.o
                                                       Debug\main.o
                                                       Debug\stm8s_it.o
                                                       (C:\Program Files (x86)\COSMIC\FSE_Compilers\CXSTM8\lib\libm0.sm8)ladc.o
                                                       (C:\Program Files (x86)\COSMIC\FSE_Compilers\CXSTM8\lib\libm0.sm8)ladd.o
                                                       (C:\Program Files (x86)\COSMIC\FSE_Compilers\CXSTM8\lib\libm0.sm8)lcmp.o
                                                       (C:\Program Files (x86)\COSMIC\FSE_Compilers\CXSTM8\lib\libm0.sm8)llsh.o
                                                       (C:\Program Files (x86)\COSMIC\FSE_Compilers\CXSTM8\lib\libm0.sm8)lsub.o
                                                       (C:\Program Files (x86)\COSMIC\FSE_Compilers\CXSTM8\lib\libm0.sm8)ltor.o
                                                       (C:\Program Files (x86)\COSMIC\FSE_Compilers\CXSTM8\lib\libm0.sm8)ldiv.o
                                                       (C:\Program Files (x86)\COSMIC\FSE_Compilers\CXSTM8\lib\libm0.sm8)lneg.o
                                                       (C:\Program Files (x86)\COSMIC\FSE_Compilers\CXSTM8\lib\libm0.sm8)lursh.o
                                                       (C:\Program Files (x86)\COSMIC\FSE_Compilers\CXSTM8\lib\libm0.sm8)rtol.o
                                                       (C:\Program Files (x86)\COSMIC\FSE_Compilers\CXSTM8\lib\libm0.sm8)smul.o
                                                       (C:\Program Files (x86)\COSMIC\FSE_Compilers\CXSTM8\lib\libm0.sm8)utolx.o
                                                       (C:\Program Files (x86)\COSMIC\FSE_Compilers\CXSTM8\lib\libm0.sm8)umul.o
c_lsub                              00009c34   defined in (C:\Program Files (x86)\COSMIC\FSE_Compilers\CXSTM8\lib\libm0.sm8)lsub.o section .text
                                               used in Debug\stm8s_uart1.o
                                                       Debug\main.o
c_ltor                              00009c4c   defined in (C:\Program Files (x86)\COSMIC\FSE_Compilers\CXSTM8\lib\libm0.sm8)ltor.o section .text
                                               used in Debug\stm8s_clk.o
                                                       Debug\stm8s_uart1.o
                                                       Debug\main.o
c_ludv                              00009c5e   defined in (C:\Program Files (x86)\COSMIC\FSE_Compilers\CXSTM8\lib\libm0.sm8)ludiv.o section .text
                                               used in Debug\stm8s_clk.o
                                                       Debug\stm8s_uart1.o
                                                       Debug\main.o
c_lursh                             ********   *** removed from (C:\Program Files (x86)\COSMIC\FSE_Compilers\CXSTM8\lib\libm0.sm8)lursh.o ***
c_rtol                              00009d85   defined in (C:\Program Files (x86)\COSMIC\FSE_Compilers\CXSTM8\lib\libm0.sm8)rtol.o section .text
                                               used in Debug\stm8s_clk.o
                                                       Debug\stm8s_uart1.o
                                                       Debug\main.o
c_smul                              ********   *** removed from (C:\Program Files (x86)\COSMIC\FSE_Compilers\CXSTM8\lib\libm0.sm8)smul.o ***
c_uitolx                            00009d97   defined in (C:\Program Files (x86)\COSMIC\FSE_Compilers\CXSTM8\lib\libm0.sm8)utolx.o section .text
                                               used in Debug\main.o
c_umul                              00009d9e   defined in (C:\Program Files (x86)\COSMIC\FSE_Compilers\CXSTM8\lib\libm0.sm8)umul.o section .text
                                               used in Debug\main.o
c_x                                 0000006a   defined in (C:\Program Files (x86)\COSMIC\FSE_Compilers\CXSTM8\lib\libm0.sm8)xreg.o section .ubsct
                                               used in C:\Program Files (x86)\COSMIC\FSE_Compilers\CXSTM8\lib\crtsi0.sm8
                                                       Debug\main.o
                                                       Debug\stm8s_it.o
                                                       (C:\Program Files (x86)\COSMIC\FSE_Compilers\CXSTM8\lib\libm0.sm8)imul.o
                                                       (C:\Program Files (x86)\COSMIC\FSE_Compilers\CXSTM8\lib\libm0.sm8)ldiv.o
                                                       (C:\Program Files (x86)\COSMIC\FSE_Compilers\CXSTM8\lib\libm0.sm8)umul.o
c_y                                 0000006d   defined in (C:\Program Files (x86)\COSMIC\FSE_Compilers\CXSTM8\lib\libm0.sm8)yreg.o section .ubsct
                                               used in C:\Program Files (x86)\COSMIC\FSE_Compilers\CXSTM8\lib\crtsi0.sm8
                                                       Debug\stm8s_it.o
                                                       (C:\Program Files (x86)\COSMIC\FSE_Compilers\CXSTM8\lib\libm0.sm8)umul.o
f_ADC1_IRQHandler                   00009b95   defined in Debug\stm8s_it.o section .text
                                               used in Debug\stm8_interrupt_vector.o
f_AWU_IRQHandler                    00009b86   defined in Debug\stm8s_it.o section .text
                                               used in Debug\stm8_interrupt_vector.o
f_CLK_IRQHandler                    00009b87   defined in Debug\stm8s_it.o section .text
                                               used in Debug\stm8_interrupt_vector.o
f_EEPROM_EEC_IRQHandler             00009bc9   defined in Debug\stm8s_it.o section .text
                                               used in Debug\stm8_interrupt_vector.o
f_EXTI_PORTA_IRQHandler             00009b88   defined in Debug\stm8s_it.o section .text
                                               used in Debug\stm8_interrupt_vector.o
f_EXTI_PORTB_IRQHandler             00009b89   defined in Debug\stm8s_it.o section .text
                                               used in Debug\stm8_interrupt_vector.o
f_EXTI_PORTC_IRQHandler             00009b8a   defined in Debug\stm8s_it.o section .text
                                               used in Debug\stm8_interrupt_vector.o
f_EXTI_PORTD_IRQHandler             00009b8b   defined in Debug\stm8s_it.o section .text
                                               used in Debug\stm8_interrupt_vector.o
f_EXTI_PORTE_IRQHandler             00009b8c   defined in Debug\stm8s_it.o section .text
                                               used in Debug\stm8_interrupt_vector.o
f_I2C_IRQHandler                    00009b94   defined in Debug\stm8s_it.o section .text
                                               used in Debug\stm8_interrupt_vector.o
f_NonHandledInterrupt               00009b83   defined in Debug\stm8s_it.o section .text
                                               used in Debug\stm8_interrupt_vector.o
f_SPI_IRQHandler                    00009b8d   defined in Debug\stm8s_it.o section .text
                                               used in Debug\stm8_interrupt_vector.o
f_TIM1_CAP_COM_IRQHandler           00009b8f   defined in Debug\stm8s_it.o section .text
                                               used in Debug\stm8_interrupt_vector.o
f_TIM1_UPD_OVF_TRG_BRK_IRQHandler   00009b8e   defined in Debug\stm8s_it.o section .text
                                               used in Debug\stm8_interrupt_vector.o
f_TIM2_CAP_COM_IRQHandler           00009b91   defined in Debug\stm8s_it.o section .text
                                               used in Debug\stm8_interrupt_vector.o
f_TIM2_UPD_OVF_BRK_IRQHandler       00009b90   defined in Debug\stm8s_it.o section .text
                                               used in Debug\stm8_interrupt_vector.o
f_TIM4_UPD_OVF_IRQHandler           00009b96   defined in Debug\stm8s_it.o section .text
                                               used in Debug\stm8_interrupt_vector.o
f_TLI_IRQHandler                    00009b85   defined in Debug\stm8s_it.o section .text
                                               used in Debug\stm8_interrupt_vector.o
f_TRAP_IRQHandler                   00009b84   defined in Debug\stm8s_it.o section .text
                                               used in Debug\stm8_interrupt_vector.o
f_UART1_RX_IRQHandler               00009b93   defined in Debug\stm8s_it.o section .text
                                               used in Debug\stm8_interrupt_vector.o
f_UART1_TX_IRQHandler               00009b92   defined in Debug\stm8s_it.o section .text
                                               used in Debug\stm8_interrupt_vector.o
